11:45:05,039 INFO rsyslogd: [origin software="rsyslogd" swVersion="7.4.7" x-pid="1141" x-info="http://www.rsyslog.com"] start
11:45:05,037 ERR rsyslogd-2307:warning: ~ action is deprecated, consider using the 'stop' statement instead [try http://www.rsyslog.com/e/2307 ]
11:44:45,535 INFO journal:Runtime journal is using 8.0M (max allowed 99.8M, trying to leave 149.7M free of 990.3M available â†’ current limit 99.8M).
11:44:45,535 INFO kernel:Initializing cgroup subsys cpuset
11:44:45,535 INFO kernel:Initializing cgroup subsys cpu
11:44:45,535 INFO kernel:Initializing cgroup subsys cpuacct
11:44:45,535 NOTICE kernel:Linux version 3.10.0-514.el7.x86_64 (builder@kbuilder.dev.centos.org) (gcc version 4.8.5 20150623 (Red Hat 4.8.5-11) (GCC) ) #1 SMP Tue Nov 22 16:42:41 UTC 2016
11:44:45,535 INFO kernel:Command line: initrd=initrd.img inst.stage2=hd:LABEL=CentOS\x207\x20x86_64 quiet BOOT_IMAGE=vmlinuz 
11:44:45,535 INFO kernel:Disabled fast string operations
11:44:45,535 INFO kernel:e820: BIOS-provided physical RAM map:
11:44:45,535 INFO kernel:BIOS-e820: [mem 0x0000000000000000-0x000000000009fbff] usable
11:44:45,535 INFO kernel:BIOS-e820: [mem 0x000000000009fc00-0x000000000009ffff] reserved
11:45:05,044 INFO kernel:[    0.000000] Initializing cgroup subsys cpuset
11:45:05,044 INFO kernel:[    0.000000] Initializing cgroup subsys cpu
11:45:05,044 INFO kernel:[    0.000000] Initializing cgroup subsys cpuacct
11:45:05,044 NOTICE kernel:[    0.000000] Linux version 3.10.0-514.el7.x86_64 (builder@kbuilder.dev.centos.org) (gcc version 4.8.5 20150623 (Red Hat 4.8.5-11) (GCC) ) #1 SMP Tue Nov 22 16:42:41 UTC 2016
11:45:05,044 INFO kernel:[    0.000000] Command line: initrd=initrd.img inst.stage2=hd:LABEL=CentOS\x207\x20x86_64 quiet BOOT_IMAGE=vmlinuz 
11:45:05,044 INFO kernel:[    0.000000] Disabled fast string operations
11:45:05,044 INFO kernel:[    0.000000] e820: BIOS-provided physical RAM map:
11:45:05,044 INFO kernel:[    0.000000] BIOS-e820: [mem 0x0000000000000000-0x000000000009fbff] usable
11:45:05,044 INFO kernel:[    0.000000] BIOS-e820: [mem 0x000000000009fc00-0x000000000009ffff] reserved
11:45:05,044 INFO kernel:[    0.000000] BIOS-e820: [mem 0x00000000000dc000-0x00000000000fffff] reserved
11:45:05,044 INFO kernel:[    0.000000] BIOS-e820: [mem 0x0000000000100000-0x000000007ffebfff] usable
11:45:05,044 INFO kernel:[    0.000000] BIOS-e820: [mem 0x000000007ffec000-0x000000007ffedfff] reserved
11:45:05,044 INFO kernel:[    0.000000] BIOS-e820: [mem 0x000000007ffee000-0x000000007fffafff] ACPI data
11:45:05,044 INFO kernel:[    0.000000] BIOS-e820: [mem 0x000000007fffb000-0x000000007fffffff] ACPI NVS
11:45:05,044 INFO kernel:[    0.000000] BIOS-e820: [mem 0x00000000fd000000-0x00000000fd7fffff] reserved
11:45:05,044 INFO kernel:[    0.000000] BIOS-e820: [mem 0x00000000fec00000-0x00000000fec00fff] reserved
11:45:05,044 INFO kernel:[    0.000000] BIOS-e820: [mem 0x00000000fed00000-0x00000000fed00fff] reserved
11:45:05,044 INFO kernel:[    0.000000] BIOS-e820: [mem 0x00000000fee00000-0x00000000fee00fff] reserved
11:45:05,044 INFO kernel:[    0.000000] BIOS-e820: [mem 0x00000000ffc00000-0x00000000ffffffff] reserved
11:45:05,044 INFO kernel:[    0.000000] NX (Execute Disable) protection: active
11:45:05,044 INFO kernel:[    0.000000] SMBIOS 2.7 present.
11:45:05,044 DEBUG kernel:[    0.000000] DMI: Parallels Software International Inc. Parallels Virtual Platform/Parallels Virtual Platform, BIOS 12.2.1 (41615) 06/26/2017
11:45:05,044 INFO kernel:[    0.000000] Hypervisor detected: KVM
11:45:05,044 DEBUG kernel:[    0.000000] e820: update [mem 0x00000000-0x00000fff] usable ==> reserved
11:45:05,044 DEBUG kernel:[    0.000000] e820: remove [mem 0x000a0000-0x000fffff] usable
11:45:05,044 INFO kernel:[    0.000000] e820: last_pfn = 0x7ffec max_arch_pfn = 0x400000000
11:45:05,044 DEBUG kernel:[    0.000000] MTRR default type: uncachable
11:45:05,044 DEBUG kernel:[    0.000000] MTRR fixed ranges enabled:
11:45:05,044 DEBUG kernel:[    0.000000]   00000-9FFFF write-back
11:45:05,044 DEBUG kernel:[    0.000000]   A0000-BFFFF uncachable
11:45:05,044 DEBUG kernel:[    0.000000]   C0000-C7FFF write-protect
11:45:05,044 DEBUG kernel:[    0.000000]   C8000-EFFFF uncachable
11:45:05,044 DEBUG kernel:[    0.000000]   F0000-FFFFF write-protect
11:45:05,044 DEBUG kernel:[    0.000000] MTRR variable ranges enabled:
11:45:05,044 DEBUG kernel:[    0.000000]   0 base 000000000 mask F80000000 write-back
11:45:05,044 DEBUG kernel:[    0.000000]   1 disabled
11:45:05,044 DEBUG kernel:[    0.000000]   2 disabled
11:45:05,044 DEBUG kernel:[    0.000000]   3 disabled
11:45:05,044 DEBUG kernel:[    0.000000]   4 disabled
11:45:05,044 DEBUG kernel:[    0.000000]   5 disabled
11:45:05,044 DEBUG kernel:[    0.000000]   6 disabled
11:45:05,044 DEBUG kernel:[    0.000000]   7 disabled
11:45:05,044 INFO kernel:[    0.000000] x86 PAT enabled: cpu 0, old 0x7040600070406, new 0x7010600070106
11:45:05,044 INFO kernel:[    0.000000] found SMP MP-table at [mem 0x0009fc30-0x0009fc3f] mapped at [ffff88000009fc30]
11:45:05,044 DEBUG kernel:[    0.000000] Base memory trampoline at [ffff880000099000] 99000 size 24576
11:45:05,044 DEBUG kernel:[    0.000000] BRK [0x01f9e000, 0x01f9efff] PGTABLE
11:45:05,044 DEBUG kernel:[    0.000000] BRK [0x01f9f000, 0x01f9ffff] PGTABLE
11:45:05,044 DEBUG kernel:[    0.000000] BRK [0x01fa0000, 0x01fa0fff] PGTABLE
11:45:05,044 DEBUG kernel:[    0.000000] BRK [0x01fa1000, 0x01fa1fff] PGTABLE
11:45:05,044 DEBUG kernel:[    0.000000] BRK [0x01fa2000, 0x01fa2fff] PGTABLE
11:45:05,044 INFO kernel:[    0.000000] RAMDISK: [mem 0x7d66d000-0x7ffcafff]
11:45:05,044 WARNING kernel:[    0.000000] ACPI: RSDP 00000000000e0000 00024 (v02 PRLS  )
11:45:05,044 WARNING kernel:[    0.000000] ACPI: XSDT 000000007fff2940 0004C (v01 PRLS   PRLS_OEM 00000001 INTL 20051216)
11:45:05,044 WARNING kernel:[    0.000000] ACPI: FACP 000000007ffee0c0 000F4 (v03 PRLS   PRLS_OEM 00000001 INTL 20051216)
11:45:05,044 WARNING kernel:[    0.000000] ACPI: DSDT 000000007ffee440 0447A (v02 PRLS   PRLSACPI 00001001 INTL 20051216)
11:45:05,044 WARNING kernel:[    0.000000] ACPI: FACS 000000007ffee1c0 00040
11:45:05,044 WARNING kernel:[    0.000000] ACPI: APIC 000000007ffee200 00216 (v01 PRLS   PRLS_OEM 00000001 INTL 20051216)
11:45:05,044 WARNING kernel:[    0.000000] ACPI: HPET 000000007fff28c0 00038 (v00 PRLS   PRLS_OEM 00000001 INTL 20051216)
11:45:05,044 WARNING kernel:[    0.000000] ACPI: MCFG 000000007fff2900 0003C (v01 PRLS   PRLS_OEM 00000001 INTL 20051216)
11:45:05,044 WARNING kernel:[    0.000000] ACPI: OEM1 000000007fff29c0 00394 (v01 PRLS   PRLS_OEM 00000001 INTL 20051216)
11:45:05,044 DEBUG kernel:[    0.000000] ACPI: Local APIC address 0xfee00000
11:45:05,044 INFO kernel:[    0.000000] No NUMA configuration found
11:45:05,044 INFO kernel:[    0.000000] Faking a node at [mem 0x0000000000000000-0x000000007ffebfff]
11:45:05,044 INFO kernel:[    0.000000] Initmem setup node 0 [mem 0x00000000-0x7ffebfff]
11:45:05,044 INFO kernel:[    0.000000]   NODE_DATA [mem 0x7d646000-0x7d66cfff]
11:45:05,044 INFO kernel:[    0.000000] kvm-clock: Using msrs 4b564d01 and 4b564d00
11:45:05,044 INFO kernel:[    0.000000] kvm-clock: cpu 0, msr 0:7d5f6001, primary cpu clock
11:45:05,044 INFO kernel:[    0.000000] kvm-clock: using sched offset of 29796661007 cycles
11:45:05,044 WARNING kernel:[    0.000000] Zone ranges:
11:45:05,044 WARNING kernel:[    0.000000]   DMA      [mem 0x00001000-0x00ffffff]
11:45:05,044 WARNING kernel:[    0.000000]   DMA32    [mem 0x01000000-0xffffffff]
11:45:05,044 WARNING kernel:[    0.000000]   Normal   empty
11:45:05,044 WARNING kernel:[    0.000000] Movable zone start for each node
11:45:05,044 WARNING kernel:[    0.000000] Early memory node ranges
11:45:05,044 WARNING kernel:[    0.000000]   node   0: [mem 0x00001000-0x0009efff]
11:45:05,044 WARNING kernel:[    0.000000]   node   0: [mem 0x00100000-0x7ffebfff]
11:45:05,044 DEBUG kernel:[    0.000000] On node 0 totalpages: 524170
11:45:05,044 DEBUG kernel:[    0.000000]   DMA zone: 64 pages used for memmap
11:45:05,044 DEBUG kernel:[    0.000000]   DMA zone: 21 pages reserved
11:45:05,044 DEBUG kernel:[    0.000000]   DMA zone: 3998 pages, LIFO batch:0
11:45:05,044 DEBUG kernel:[    0.000000]   DMA32 zone: 8128 pages used for memmap
11:45:05,044 DEBUG kernel:[    0.000000]   DMA32 zone: 520172 pages, LIFO batch:31
11:45:05,044 INFO kernel:[    0.000000] ACPI: PM-Timer IO Port: 0x4008
11:45:05,044 DEBUG kernel:[    0.000000] ACPI: Local APIC address 0xfee00000
11:45:05,044 INFO kernel:[    0.000000] ACPI: LAPIC (acpi_id[0x00] lapic_id[0x00] enabled)
11:45:05,044 INFO kernel:[    0.000000] ACPI: LAPIC (acpi_id[0x01] lapic_id[0x01] enabled)
11:45:05,044 INFO kernel:[    0.000000] ACPI: LAPIC (acpi_id[0x02] lapic_id[0x02] disabled)
11:45:05,044 INFO kernel:[    0.000000] ACPI: LAPIC (acpi_id[0x03] lapic_id[0x03] disabled)
11:45:05,044 INFO kernel:[    0.000000] ACPI: LAPIC (acpi_id[0x04] lapic_id[0x04] disabled)
11:45:05,044 INFO kernel:[    0.000000] ACPI: LAPIC (acpi_id[0x05] lapic_id[0x05] disabled)
11:45:05,044 INFO kernel:[    0.000000] ACPI: LAPIC (acpi_id[0x06] lapic_id[0x06] disabled)
11:45:05,044 INFO kernel:[    0.000000] ACPI: LAPIC (acpi_id[0x07] lapic_id[0x07] disabled)
11:45:05,044 INFO kernel:[    0.000000] ACPI: LAPIC (acpi_id[0x08] lapic_id[0x08] disabled)
11:45:05,045 INFO kernel:[    0.000000] ACPI: LAPIC (acpi_id[0x09] lapic_id[0x09] disabled)
11:45:05,045 INFO kernel:[    0.000000] ACPI: LAPIC (acpi_id[0x0a] lapic_id[0x0a] disabled)
11:45:05,045 INFO kernel:[    0.000000] ACPI: LAPIC (acpi_id[0x0b] lapic_id[0x0b] disabled)
11:45:05,045 INFO kernel:[    0.000000] ACPI: LAPIC (acpi_id[0x0c] lapic_id[0x0c] disabled)
11:45:05,045 INFO kernel:[    0.000000] ACPI: LAPIC (acpi_id[0x0d] lapic_id[0x0d] disabled)
11:45:05,045 INFO kernel:[    0.000000] ACPI: LAPIC (acpi_id[0x0e] lapic_id[0x0e] disabled)
11:45:05,045 INFO kernel:[    0.000000] ACPI: LAPIC (acpi_id[0x0f] lapic_id[0x0f] disabled)
11:45:05,045 INFO kernel:[    0.000000] ACPI: LAPIC (acpi_id[0x10] lapic_id[0x10] disabled)
11:45:05,045 INFO kernel:[    0.000000] ACPI: LAPIC (acpi_id[0x11] lapic_id[0x11] disabled)
11:45:05,045 INFO kernel:[    0.000000] ACPI: LAPIC (acpi_id[0x12] lapic_id[0x12] disabled)
11:45:05,045 INFO kernel:[    0.000000] ACPI: LAPIC (acpi_id[0x13] lapic_id[0x13] disabled)
11:45:05,045 INFO kernel:[    0.000000] ACPI: LAPIC (acpi_id[0x14] lapic_id[0x14] disabled)
11:45:05,045 INFO kernel:[    0.000000] ACPI: LAPIC (acpi_id[0x15] lapic_id[0x15] disabled)
11:45:05,045 INFO kernel:[    0.000000] ACPI: LAPIC (acpi_id[0x16] lapic_id[0x16] disabled)
11:45:05,045 INFO kernel:[    0.000000] ACPI: LAPIC (acpi_id[0x17] lapic_id[0x17] disabled)
11:45:05,045 INFO kernel:[    0.000000] ACPI: LAPIC (acpi_id[0x18] lapic_id[0x18] disabled)
11:45:05,045 INFO kernel:[    0.000000] ACPI: LAPIC (acpi_id[0x19] lapic_id[0x19] disabled)
11:45:05,045 INFO kernel:[    0.000000] ACPI: LAPIC (acpi_id[0x1a] lapic_id[0x1a] disabled)
11:45:05,045 INFO kernel:[    0.000000] ACPI: LAPIC (acpi_id[0x1b] lapic_id[0x1b] disabled)
11:45:05,045 INFO kernel:[    0.000000] ACPI: LAPIC (acpi_id[0x1c] lapic_id[0x1c] disabled)
11:45:05,045 INFO kernel:[    0.000000] ACPI: LAPIC (acpi_id[0x1d] lapic_id[0x1d] disabled)
11:45:05,045 INFO kernel:[    0.000000] ACPI: LAPIC (acpi_id[0x1e] lapic_id[0x1e] disabled)
11:45:05,045 INFO kernel:[    0.000000] ACPI: LAPIC (acpi_id[0x1f] lapic_id[0x1f] disabled)
11:45:05,045 INFO kernel:[    0.000000] ACPI: LAPIC_NMI (acpi_id[0x00] high edge lint[0x1])
11:45:05,045 INFO kernel:[    0.000000] ACPI: LAPIC_NMI (acpi_id[0x01] high edge lint[0x1])
11:45:05,045 INFO kernel:[    0.000000] ACPI: LAPIC_NMI (acpi_id[0x02] high edge lint[0x1])
11:45:05,045 INFO kernel:[    0.000000] ACPI: LAPIC_NMI (acpi_id[0x03] high edge lint[0x1])
11:45:05,045 INFO kernel:[    0.000000] ACPI: LAPIC_NMI (acpi_id[0x04] high edge lint[0x1])
11:45:05,045 INFO kernel:[    0.000000] ACPI: LAPIC_NMI (acpi_id[0x05] high edge lint[0x1])
11:45:05,045 INFO kernel:[    0.000000] ACPI: LAPIC_NMI (acpi_id[0x06] high edge lint[0x1])
11:45:05,045 INFO kernel:[    0.000000] ACPI: LAPIC_NMI (acpi_id[0x07] high edge lint[0x1])
11:45:05,045 INFO kernel:[    0.000000] ACPI: LAPIC_NMI (acpi_id[0x08] high edge lint[0x1])
11:45:05,045 INFO kernel:[    0.000000] ACPI: LAPIC_NMI (acpi_id[0x09] high edge lint[0x1])
11:45:05,045 INFO kernel:[    0.000000] ACPI: LAPIC_NMI (acpi_id[0x0a] high edge lint[0x1])
11:45:05,045 INFO kernel:[    0.000000] ACPI: LAPIC_NMI (acpi_id[0x0b] high edge lint[0x1])
11:45:05,045 INFO kernel:[    0.000000] ACPI: LAPIC_NMI (acpi_id[0x0c] high edge lint[0x1])
11:45:05,045 INFO kernel:[    0.000000] ACPI: LAPIC_NMI (acpi_id[0x0d] high edge lint[0x1])
11:45:05,045 INFO kernel:[    0.000000] ACPI: LAPIC_NMI (acpi_id[0x0e] high edge lint[0x1])
11:45:05,045 INFO kernel:[    0.000000] ACPI: LAPIC_NMI (acpi_id[0x0f] high edge lint[0x1])
11:45:05,045 INFO kernel:[    0.000000] ACPI: LAPIC_NMI (acpi_id[0x10] high edge lint[0x1])
11:45:05,045 INFO kernel:[    0.000000] ACPI: LAPIC_NMI (acpi_id[0x11] high edge lint[0x1])
11:45:05,045 INFO kernel:[    0.000000] ACPI: LAPIC_NMI (acpi_id[0x12] high edge lint[0x1])
11:45:05,045 INFO kernel:[    0.000000] ACPI: LAPIC_NMI (acpi_id[0x13] high edge lint[0x1])
11:45:05,045 INFO kernel:[    0.000000] ACPI: LAPIC_NMI (acpi_id[0x14] high edge lint[0x1])
11:45:05,045 INFO kernel:[    0.000000] ACPI: LAPIC_NMI (acpi_id[0x15] high edge lint[0x1])
11:45:05,045 INFO kernel:[    0.000000] ACPI: LAPIC_NMI (acpi_id[0x16] high edge lint[0x1])
11:45:05,045 INFO kernel:[    0.000000] ACPI: LAPIC_NMI (acpi_id[0x17] high edge lint[0x1])
11:45:05,045 INFO kernel:[    0.000000] ACPI: LAPIC_NMI (acpi_id[0x18] high edge lint[0x1])
11:45:05,045 INFO kernel:[    0.000000] ACPI: LAPIC_NMI (acpi_id[0x19] high edge lint[0x1])
11:45:05,045 INFO kernel:[    0.000000] ACPI: LAPIC_NMI (acpi_id[0x1a] high edge lint[0x1])
11:45:05,045 INFO kernel:[    0.000000] ACPI: LAPIC_NMI (acpi_id[0x1b] high edge lint[0x1])
11:45:05,045 INFO kernel:[    0.000000] ACPI: LAPIC_NMI (acpi_id[0x1c] high edge lint[0x1])
11:45:05,045 INFO kernel:[    0.000000] ACPI: LAPIC_NMI (acpi_id[0x1d] high edge lint[0x1])
11:45:05,045 INFO kernel:[    0.000000] ACPI: LAPIC_NMI (acpi_id[0x1e] high edge lint[0x1])
11:45:05,045 INFO kernel:[    0.000000] ACPI: LAPIC_NMI (acpi_id[0x1f] high edge lint[0x1])
11:45:05,045 INFO kernel:[    0.000000] ACPI: IOAPIC (id[0x00] address[0xfec00000] gsi_base[0])
11:45:05,045 INFO kernel:[    0.000000] IOAPIC[0]: apic_id 0, version 2, address 0xfec00000, GSI 0-23
11:45:05,045 INFO kernel:[    0.000000] ACPI: INT_SRC_OVR (bus 0 bus_irq 0 global_irq 2 dfl dfl)
11:45:05,045 INFO kernel:[    0.000000] ACPI: INT_SRC_OVR (bus 0 bus_irq 14 global_irq 14 dfl edge)
11:45:05,045 INFO kernel:[    0.000000] ACPI: INT_SRC_OVR (bus 0 bus_irq 15 global_irq 15 dfl edge)
11:45:05,045 DEBUG kernel:[    0.000000] ACPI: IRQ0 used by override.
11:45:05,045 DEBUG kernel:[    0.000000] ACPI: IRQ9 used by override.
11:45:05,045 DEBUG kernel:[    0.000000] ACPI: IRQ14 used by override.
11:45:05,045 DEBUG kernel:[    0.000000] ACPI: IRQ15 used by override.
11:45:05,045 INFO kernel:[    0.000000] Using ACPI (MADT) for SMP configuration information
11:45:05,045 INFO kernel:[    0.000000] ACPI: HPET id: 0x8086a701 base: 0xfed00000
11:45:05,045 INFO kernel:[    0.000000] smpboot: Allowing 32 CPUs, 30 hotplug CPUs
11:45:05,045 INFO kernel:[    0.000000] PM: Registered nosave memory: [mem 0x0009f000-0x0009ffff]
11:45:05,045 INFO kernel:[    0.000000] PM: Registered nosave memory: [mem 0x000a0000-0x000dbfff]
11:45:05,045 INFO kernel:[    0.000000] PM: Registered nosave memory: [mem 0x000dc000-0x000fffff]
11:45:05,045 INFO kernel:[    0.000000] e820: [mem 0x80000000-0xfcffffff] available for PCI devices
11:45:05,045 INFO kernel:[    0.000000] Booting paravirtualized kernel on KVM
11:45:05,045 INFO kernel:[    0.000000] setup_percpu: NR_CPUS:5120 nr_cpumask_bits:32 nr_cpu_ids:32 nr_node_ids:1
11:45:05,045 INFO kernel:[    0.000000] PERCPU: Embedded 33 pages/cpu @ffff88007cc00000 s96728 r8192 d30248 u262144
11:45:05,045 DEBUG kernel:[    0.000000] pcpu-alloc: s96728 r8192 d30248 u262144 alloc=1*2097152
11:45:05,045 DEBUG kernel:[    0.000000] pcpu-alloc: [0] 00 01 02 03 04 05 06 07 [0] 08 09 10 11 12 13 14 15 
11:45:05,045 DEBUG kernel:[    0.000000] pcpu-alloc: [0] 16 17 18 19 20 21 22 23 [0] 24 25 26 27 28 29 30 31 
11:45:05,045 WARNING kernel:[    0.000000] Built 1 zonelists in Node order, mobility grouping on.  Total pages: 515957
11:45:05,045 WARNING kernel:[    0.000000] Policy zone: DMA32
11:45:05,045 NOTICE kernel:[    0.000000] Kernel command line: initrd=initrd.img inst.stage2=hd:LABEL=CentOS\x207\x20x86_64 quiet BOOT_IMAGE=vmlinuz 
11:45:05,045 INFO kernel:[    0.000000] PID hash table entries: 4096 (order: 3, 32768 bytes)
11:45:05,045 INFO kernel:[    0.000000] x86/fpu: xstate_offset[2]: 0240, xstate_sizes[2]: 0100
11:45:05,045 INFO kernel:[    0.000000] xsave: enabled xstate_bv 0x7, cntxt size 0x340 using standard form
11:45:05,045 INFO kernel:[    0.000000] Memory: 2000496k/2097072k available (6764k kernel code, 392k absent, 96184k reserved, 4433k data, 1680k init)
11:45:05,045 INFO kernel:[    0.000000] SLUB: HWalign=64, Order=0-3, MinObjects=0, CPUs=32, Nodes=1
11:45:05,045 INFO kernel:[    0.000000] Hierarchical RCU implementation.
11:45:05,045 INFO kernel:[    0.000000] 	RCU restricting CPUs from NR_CPUS=5120 to nr_cpu_ids=32.
11:45:05,045 INFO kernel:[    0.000000] NR_IRQS:327936 nr_irqs:680 0
11:45:05,045 INFO kernel:[    0.000000] Console: colour VGA+ 80x25
11:45:05,045 INFO kernel:[    0.000000] console [tty0] enabled
11:45:05,045 INFO kernel:[    0.000000] allocated 8388608 bytes of page_cgroup
11:45:05,045 INFO kernel:[    0.000000] please try 'cgroup_disable=memory' option if you don't want memory cgroups
11:45:05,045 DEBUG kernel:[    0.000000] hpet clockevent registered
11:45:05,045 INFO kernel:[    0.000000] tsc: Detected 2494.226 MHz processor
11:45:05,045 INFO kernel:[    0.000317] Calibrating delay loop (skipped) preset value.. 4988.45 BogoMIPS (lpj=2494226)
11:45:05,045 INFO kernel:[    0.000320] pid_max: default: 32768 minimum: 301
11:45:05,045 INFO kernel:[    0.000329] Security Framework initialized
11:45:05,045 INFO kernel:[    0.000332] SELinux:  Initializing.
11:45:05,045 DEBUG kernel:[    0.000337] SELinux:  Starting in permissive mode
11:45:05,045 INFO kernel:[    0.000471] Dentry cache hash table entries: 262144 (order: 9, 2097152 bytes)
11:45:05,045 INFO kernel:[    0.000857] Inode-cache hash table entries: 131072 (order: 8, 1048576 bytes)
11:45:05,045 INFO kernel:[    0.001260] Mount-cache hash table entries: 4096
11:45:05,045 INFO kernel:[    0.001304] Initializing cgroup subsys memory
11:45:05,045 INFO kernel:[    0.001309] Initializing cgroup subsys devices
11:45:05,045 INFO kernel:[    0.001312] Initializing cgroup subsys freezer
11:45:05,045 INFO kernel:[    0.001317] Initializing cgroup subsys net_cls
11:45:05,045 INFO kernel:[    0.001320] Initializing cgroup subsys blkio
11:45:05,045 INFO kernel:[    0.001325] Initializing cgroup subsys perf_event
11:45:05,045 INFO kernel:[    0.001328] Initializing cgroup subsys hugetlb
11:45:05,045 INFO kernel:[    0.001332] Initializing cgroup subsys pids
11:45:05,045 INFO kernel:[    0.001337] Initializing cgroup subsys net_prio
11:45:05,045 INFO kernel:[    0.001345] Disabled fast string operations
11:45:05,045 INFO kernel:[    0.001348] CPU: Physical Processor ID: 0
11:45:05,045 INFO kernel:[    0.001352] CPU: Processor Core ID: 0
11:45:05,045 INFO kernel:[    0.001734] mce: CPU supports 0 MCE banks
11:45:05,045 INFO kernel:[    0.001752] Last level iTLB entries: 4KB 0, 2MB 0, 4MB 0
11:45:05,045 INFO kernel:[    0.001756] Last level dTLB entries: 4KB 64, 2MB 0, 4MB 0
11:45:05,045 INFO kernel:[    0.001760] tlb_flushall_shift: 6
11:45:05,045 INFO kernel:[    0.001770] Freeing SMP alternatives: 28k freed
11:45:05,045 INFO kernel:[    0.002270] ACPI: Core revision 20130517
11:45:05,045 WARNING kernel:[    0.002365] ACPI: All ACPI Tables successfully acquired
11:45:05,045 INFO kernel:[    0.002370] ftrace: allocating 25811 entries in 101 pages
11:45:05,045 INFO kernel:[    0.006471] smpboot: Max logical packages: 16
11:45:05,045 INFO kernel:[    0.006475] smpboot: APIC(0) Converting physical 0 to logical package 0
11:45:05,045 INFO kernel:[    0.006491] Enabling x2apic
11:45:05,045 INFO kernel:[    0.006496] Enabled x2apic
11:45:05,045 INFO kernel:[    0.006499] Switched APIC routing to physical x2apic.
11:45:05,045 INFO kernel:[    0.006684] ..TIMER: vector=0x30 apic1=0 pin1=2 apic2=-1 pin2=-1
11:45:05,045 INFO kernel:[    0.006689] smpboot: CPU0: Intel(R) Core(TM) i7-4870HQ CPU @ 2.50GHz (fam: 06, model: 46, stepping: 01)
11:45:05,045 DEBUG kernel:[    0.006692] TSC deadline timer enabled
11:45:05,045 INFO kernel:[    0.006701] Performance Events: unsupported p6 CPU model 70 no PMU driver, software events only.
11:45:05,045 INFO kernel:[    0.267448] kvm-clock: cpu 1, msr 0:7d5f6041, secondary cpu clock
11:45:05,045 INFO kernel:[    0.267630] Disabled fast string operations
11:45:05,045 INFO kernel:[    0.269134] mce: CPU supports 0 MCE banks
11:45:05,045 INFO kernel:[    0.008176] smpboot: Booting Node   0, Processors  #1
11:45:05,045 INFO kernel:[    0.271312] Brought up 2 CPUs
11:45:05,045 INFO kernel:[    0.271317] smpboot: Total of 2 processors activated (9976.90 BogoMIPS)
11:45:05,045 INFO kernel:[    0.273651] devtmpfs: initialized
11:45:05,045 INFO kernel:[    0.276334] EVM: security.selinux
11:45:05,045 INFO kernel:[    0.276339] EVM: security.ima
11:45:05,045 INFO kernel:[    0.276342] EVM: security.capability
11:45:05,045 INFO kernel:[    0.276394] PM: Registering ACPI NVS region [mem 0x7fffb000-0x7fffffff] (20480 bytes)
11:45:05,045 INFO kernel:[    0.276629] atomic64 test passed for x86-64 platform with CX8 and with SSE
11:45:05,045 INFO kernel:[    0.276632] pinctrl core: initialized pinctrl subsystem
11:45:05,045 INFO kernel:[    0.276649] NET: Registered protocol family 16
11:45:05,045 INFO kernel:[    0.276673] ACPI: bus type PCI registered
11:45:05,045 INFO kernel:[    0.276676] acpiphp: ACPI Hot Plug PCI Controller Driver version: 0.5
11:45:05,045 INFO kernel:[    0.276688] PCI: MMCONFIG for domain 0000 [bus 00-0f] at [mem 0xfc000000-0xfcffffff] (base 0xfc000000)
11:45:05,045 INFO kernel:[    0.276693] PCI: not using MMCONFIG
11:45:05,045 INFO kernel:[    0.276696] PCI: Using configuration type 1 for base access
11:45:05,045 INFO kernel:[    0.279608] ACPI: Added _OSI(Module Device)
11:45:05,045 INFO kernel:[    0.279611] ACPI: Added _OSI(Processor Device)
11:45:05,045 INFO kernel:[    0.279616] ACPI: Added _OSI(3.0 _SCP Extensions)
11:45:05,045 INFO kernel:[    0.279621] ACPI: Added _OSI(Processor Aggregator Device)
11:45:05,045 DEBUG kernel:[    0.280369] ACPI: EC: Look up EC in DSDT
11:45:05,045 WARNING kernel:[    0.280372] ACPI: Executed 1 blocks of module-level executable AML code
11:45:05,045 DEBUG kernel:[    0.284399] \_SB_:_OSC invalid UUID
11:45:05,045 DEBUG kernel:[    0.284402] _OSC request data:1 1f 
11:45:05,045 INFO kernel:[    0.284428] ACPI: Interpreter enabled
11:45:05,045 INFO kernel:[    0.284433] ACPI: (supports S0 S3 S4 S5)
11:45:05,045 INFO kernel:[    0.284436] ACPI: Using IOAPIC for interrupt routing
11:45:05,045 INFO kernel:[    0.284441] PCI: MMCONFIG for domain 0000 [bus 00-0f] at [mem 0xfc000000-0xfcffffff] (base 0xfc000000)
11:45:05,045 INFO kernel:[    0.284444] PCI: MMCONFIG at [mem 0xfc000000-0xfcffffff] reserved in ACPI motherboard resources
11:45:05,045 INFO kernel:[    0.284449] PCI: Using host bridge windows from ACPI; if necessary, use "pci=nocrs" and report a bug
11:45:05,045 INFO kernel:[    0.285407] ACPI: PCI Root Bridge [PCI0] (domain 0000 [bus 00-7f])
11:45:05,045 INFO kernel:[    0.285410] acpi PNP0A08:00: _OSC: OS supports [ExtendedConfig ASPM ClockPM Segments MSI]
11:45:05,045 INFO kernel:[    0.285415] acpi PNP0A08:00: _OSC failed (AE_NOT_FOUND); disabling ASPM
11:45:05,045 INFO kernel:[    0.285418] acpi PNP0A08:00: ignoring host bridge window [mem 0x000d0000-0x000dffff window] (conflicts with reserved [mem 0x000dc000-0x000fffff])
11:45:05,045 INFO kernel:[    0.285423] acpi PNP0A08:00: [Firmware Info]: MMCONFIG for domain 0000 [bus 00-0f] only partially covers this bridge
11:45:05,045 INFO kernel:[    0.285434] PCI host bridge to bus 0000:00
11:45:05,045 INFO kernel:[    0.285439] pci_bus 0000:00: root bus resource [bus 00-7f]
11:45:05,045 INFO kernel:[    0.285441] pci_bus 0000:00: root bus resource [io  0x0000-0x0cf7 window]
11:45:05,045 INFO kernel:[    0.285444] pci_bus 0000:00: root bus resource [io  0x0d00-0xffff window]
11:45:05,045 INFO kernel:[    0.285447] pci_bus 0000:00: root bus resource [mem 0x000a0000-0x000bffff window]
11:45:05,045 INFO kernel:[    0.285451] pci_bus 0000:00: root bus resource [mem 0x000c0000-0x000cffff window]
11:45:05,045 INFO kernel:[    0.285452] pci_bus 0000:00: root bus resource [mem 0xb0000000-0xfbffffff window]
11:45:05,045 INFO kernel:[    0.285454] pci_bus 0000:00: root bus resource [mem 0xfd000000-0xfd7fffff]
11:45:05,045 DEBUG kernel:[    0.285459] pci 0000:00:00.0: [8086:29a0] type 00 class 0x060000
11:45:05,045 DEBUG kernel:[    0.285597] pci 0000:00:01.0: [8086:2981] type 01 class 0x060401
11:45:05,045 DEBUG kernel:[    0.285731] pci 0000:00:01.0: PME# supported from D0 D3hot D3cold
11:45:05,045 DEBUG kernel:[    0.285749] pci 0000:00:03.0: [1ab8:4000] type 00 class 0xff0000
11:45:05,045 DEBUG kernel:[    0.285793] pci 0000:00:03.0: reg 0x10: [io  0x8000-0x801f]
11:45:05,045 DEBUG kernel:[    0.286051] pci 0000:00:05.0: [1af4:1000] type 00 class 0x020000
11:45:05,045 DEBUG kernel:[    0.286075] pci 0000:00:05.0: reg 0x10: [io  0x8200-0x823f]
11:45:05,045 DEBUG kernel:[    0.286095] pci 0000:00:05.0: reg 0x14: [mem 0xee000000-0xee000fff]
11:45:05,045 DEBUG kernel:[    0.286394] pci 0000:00:0a.0: [1011:0022] type 01 class 0x060400
11:45:05,045 DEBUG kernel:[    0.286414] pci 0000:00:0e.0: [1af4:1002] type 00 class 0x050000
11:45:05,045 DEBUG kernel:[    0.286417] pci 0000:00:0e.0: reg 0x10: [io  0xb000-0xb01f]
11:45:05,045 DEBUG kernel:[    0.286425] pci 0000:00:1d.0: [8086:2658] type 00 class 0x0c0300
11:45:05,045 DEBUG kernel:[    0.286430] pci 0000:00:1d.0: reg 0x20: [io  0xb200-0xb21f]
11:45:05,045 DEBUG kernel:[    0.286438] pci 0000:00:1d.6: [1033:0194] type 00 class 0x0c0330
11:45:05,045 DEBUG kernel:[    0.286441] pci 0000:00:1d.6: reg 0x10: [mem 0xef100000-0xef100fff]
11:45:05,045 DEBUG kernel:[    0.286450] pci 0000:00:1d.7: [8086:265c] type 00 class 0x0c0320
11:45:05,045 DEBUG kernel:[    0.286454] pci 0000:00:1d.7: reg 0x10: [mem 0xef140000-0xef1403ff]
11:45:05,045 DEBUG kernel:[    0.286461] pci 0000:00:1e.0: [8086:244e] type 01 class 0x060400
11:45:05,045 DEBUG kernel:[    0.286474] pci 0000:00:1f.0: [8086:2810] type 00 class 0x060100
11:45:05,045 INFO kernel:[    0.286477] pci 0000:00:1f.0: can't claim BAR 13 [io  0x4000-0x407f]: address conflict with ACPI CPU throttle [io  0x4010-0x4015]
11:45:05,045 DEBUG kernel:[    0.286485] pci 0000:00:1f.1: [8086:244b] type 00 class 0x010180
11:45:05,045 DEBUG kernel:[    0.286490] pci 0000:00:1f.1: reg 0x20: [io  0xe000-0xe00f]
11:45:05,045 INFO kernel:[    0.286494] pci 0000:00:1f.1: legacy IDE quirk: reg 0x10: [io  0x01f0-0x01f7]
11:45:05,045 INFO kernel:[    0.286497] pci 0000:00:1f.1: legacy IDE quirk: reg 0x14: [io  0x03f6]
11:45:05,045 INFO kernel:[    0.286501] pci 0000:00:1f.1: legacy IDE quirk: reg 0x18: [io  0x0170-0x0177]
11:45:05,045 INFO kernel:[    0.286503] pci 0000:00:1f.1: legacy IDE quirk: reg 0x1c: [io  0x0376]
11:45:05,045 DEBUG kernel:[    0.286508] pci 0000:00:1f.2: [8086:2821] type 00 class 0x010601
11:45:05,045 DEBUG kernel:[    0.286512] pci 0000:00:1f.2: reg 0x10: [io  0xe200-0xe207]
11:45:05,045 DEBUG kernel:[    0.286516] pci 0000:00:1f.2: reg 0x14: [io  0xe400-0xe403]
11:45:05,045 DEBUG kernel:[    0.286520] pci 0000:00:1f.2: reg 0x18: [io  0xe600-0xe607]
11:45:05,045 DEBUG kernel:[    0.286523] pci 0000:00:1f.2: reg 0x1c: [io  0xe800-0xe803]
11:45:05,045 DEBUG kernel:[    0.286528] pci 0000:00:1f.2: reg 0x20: [io  0xea00-0xea0f]
11:45:05,045 DEBUG kernel:[    0.286531] pci 0000:00:1f.2: reg 0x24: [mem 0xf0200000-0xf0201fff]
11:45:05,045 DEBUG kernel:[    0.286536] pci 0000:00:1f.2: PME# supported from D3hot
11:45:05,045 DEBUG kernel:[    0.286552] pci 0000:00:1f.3: [8086:283e] type 00 class 0x0c0500
11:45:05,045 DEBUG kernel:[    0.286556] pci 0000:00:1f.3: reg 0x10: [mem 0xf0240000-0xf0240fff]
11:45:05,045 DEBUG kernel:[    0.286559] pci 0000:00:1f.3: reg 0x20: [io  0xec00-0xec1f]
11:45:05,045 DEBUG kernel:[    0.286564] pci 0000:00:1f.4: [8086:2445] type 00 class 0x040100
11:45:05,045 DEBUG kernel:[    0.286567] pci 0000:00:1f.4: reg 0x10: [io  0xee00-0xeeff]
11:45:05,045 DEBUG kernel:[    0.286572] pci 0000:00:1f.4: reg 0x14: [io  0xf000-0xf0ff]
11:45:05,045 DEBUG kernel:[    0.286583] pci 0000:01:00.0: [1ab8:4005] type 00 class 0x030000
11:45:05,045 DEBUG kernel:[    0.286588] pci 0000:01:00.0: reg 0x10: [io  0x6000-0x601f]
11:45:05,045 DEBUG kernel:[    0.286591] pci 0000:01:00.0: reg 0x14: [mem 0xb0000000-0xb3ffffff pref]
11:45:05,045 DEBUG kernel:[    0.286596] pci 0000:01:00.0: reg 0x30: [mem 0xe2000000-0xe200ffff pref]
11:45:05,045 INFO kernel:[    0.286603] pci 0000:00:01.0: PCI bridge to [bus 01] (subtractive decode)
11:45:05,045 DEBUG kernel:[    0.286608] pci 0000:00:01.0:   bridge window [io  0x6000-0x7fff]
11:45:05,045 DEBUG kernel:[    0.286611] pci 0000:00:01.0:   bridge window [mem 0xe2000000-0xedffffff]
11:45:05,045 DEBUG kernel:[    0.286616] pci 0000:00:01.0:   bridge window [mem 0xb0000000-0xdfffffff 64bit pref]
11:45:05,045 DEBUG kernel:[    0.286619] pci 0000:00:01.0:   bridge window [io  0x0000-0x0cf7 window] (subtractive decode)
11:45:05,045 DEBUG kernel:[    0.286623] pci 0000:00:01.0:   bridge window [io  0x0d00-0xffff window] (subtractive decode)
11:45:05,045 DEBUG kernel:[    0.286625] pci 0000:00:01.0:   bridge window [mem 0x000a0000-0x000bffff window] (subtractive decode)
11:45:05,045 DEBUG kernel:[    0.286627] pci 0000:00:01.0:   bridge window [mem 0x000c0000-0x000cffff window] (subtractive decode)
11:45:05,045 DEBUG kernel:[    0.286629] pci 0000:00:01.0:   bridge window [mem 0xb0000000-0xfbffffff window] (subtractive decode)
11:45:05,045 DEBUG kernel:[    0.286632] pci 0000:00:01.0:   bridge window [mem 0xfd000000-0xfd7fffff] (subtractive decode)
11:45:05,045 INFO kernel:[    0.286635] pci 0000:00:0a.0: PCI bridge to [bus 02]
11:45:05,045 DEBUG kernel:[    0.286640] pci 0000:00:0a.0:   bridge window [io  0x9000-0xafff]
11:45:05,045 DEBUG kernel:[    0.286644] pci 0000:00:0a.0:   bridge window [mem 0xee100000-0xef0fffff]
11:45:05,045 DEBUG kernel:[    0.286647] pci 0000:00:0a.0:   bridge window [mem 0xe0000000-0xe0ffffff pref]
11:45:05,045 INFO kernel:[    0.286652] pci 0000:00:1e.0: PCI bridge to [bus 03] (subtractive decode)
11:45:05,045 DEBUG kernel:[    0.286655] pci 0000:00:1e.0:   bridge window [io  0xc000-0xdfff]
11:45:05,045 DEBUG kernel:[    0.286660] pci 0000:00:1e.0:   bridge window [mem 0xef200000-0xf01fffff]
11:45:05,045 DEBUG kernel:[    0.286663] pci 0000:00:1e.0:   bridge window [mem 0xe1000000-0xe1ffffff 64bit pref]
11:45:05,045 DEBUG kernel:[    0.286665] pci 0000:00:1e.0:   bridge window [io  0x0000-0x0cf7 window] (subtractive decode)
11:45:05,045 DEBUG kernel:[    0.286670] pci 0000:00:1e.0:   bridge window [io  0x0d00-0xffff window] (subtractive decode)
11:45:05,045 DEBUG kernel:[    0.286671] pci 0000:00:1e.0:   bridge window [mem 0x000a0000-0x000bffff window] (subtractive decode)
11:45:05,045 DEBUG kernel:[    0.286672] pci 0000:00:1e.0:   bridge window [mem 0x000c0000-0x000cffff window] (subtractive decode)
11:45:05,045 DEBUG kernel:[    0.286673] pci 0000:00:1e.0:   bridge window [mem 0xb0000000-0xfbffffff window] (subtractive decode)
11:45:05,045 DEBUG kernel:[    0.286675] pci 0000:00:1e.0:   bridge window [mem 0xfd000000-0xfd7fffff] (subtractive decode)
11:45:05,045 WARNING kernel:[    0.286679] ACPI Exception: AE_NOT_FOUND, Evaluating _PRS (20130517/pci_link-180)
11:45:05,045 WARNING kernel:[    0.286868] ACPI: Enabled 3 GPEs in block 00 to 0F
11:45:05,045 INFO kernel:[    0.286873] ACPI: EC: GPE = 0xa, I/O: command/status = 0x66, data = 0x62
11:45:05,045 INFO kernel:[    0.286909] vgaarb: device added: PCI:0000:01:00.0,decodes=io+mem,owns=io+mem,locks=none
11:45:05,045 INFO kernel:[    0.286912] vgaarb: loaded
11:45:05,045 INFO kernel:[    0.286916] vgaarb: bridge control possible 0000:01:00.0
11:45:05,045 NOTICE kernel:[    0.286927] SCSI subsystem initialized
11:45:05,045 INFO kernel:[    0.286932] ACPI: bus type USB registered
11:45:05,045 INFO kernel:[    0.286939] usbcore: registered new interface driver usbfs
11:45:05,045 INFO kernel:[    0.286946] usbcore: registered new interface driver hub
11:45:05,045 INFO kernel:[    0.286971] usbcore: registered new device driver usb
11:45:05,045 INFO kernel:[    0.287531] PCI: Using ACPI for IRQ routing
11:45:05,045 DEBUG kernel:[    0.287565] PCI: pci_cache_line_size set to 64 bytes
11:45:05,045 DEBUG kernel:[    0.287570] e820: reserve RAM buffer [mem 0x0009fc00-0x0009ffff]
11:45:05,045 DEBUG kernel:[    0.287573] e820: reserve RAM buffer [mem 0x7ffec000-0x7fffffff]
11:45:05,045 INFO kernel:[    0.287640] NetLabel: Initializing
11:45:05,045 INFO kernel:[    0.287643] NetLabel:  domain hash size = 128
11:45:05,045 INFO kernel:[    0.287647] NetLabel:  protocols = UNLABELED CIPSOv4
11:45:05,045 INFO kernel:[    0.287651] NetLabel:  unlabeled traffic allowed by default
11:45:05,045 INFO kernel:[    0.287872] hpet0: at MMIO 0xfed00000, IRQs 2, 8, 0, 0, 0, 0, 0, 0
11:45:05,045 INFO kernel:[    0.287877] hpet0: 8 comparators, 64-bit 16.000000 MHz counter
11:45:05,045 INFO kernel:[    0.289924] Switched to clocksource kvm-clock
11:45:05,045 INFO kernel:[    0.291649] pnp: PnP ACPI init
11:45:05,045 INFO kernel:[    0.291654] ACPI: bus type PNP registered
11:45:05,045 DEBUG kernel:[    0.291937] pnp 00:00: Plug and Play ACPI device, IDs PNP0303 (active)
11:45:05,045 DEBUG kernel:[    0.291946] pnp 00:01: Plug and Play ACPI device, IDs PNP0f03 (active)
11:45:05,045 DEBUG kernel:[    0.291949] pnp 00:02: Plug and Play ACPI device, IDs PNP0b00 (active)
11:45:05,045 INFO kernel:[    0.291954] system 00:03: [mem 0xff000000-0xffffffff] could not be reserved
11:45:05,045 DEBUG kernel:[    0.291957] system 00:03: Plug and Play ACPI device, IDs PNP0c01 (active)
11:45:05,045 INFO kernel:[    0.291965] system 00:04: [io  0x04d0-0x04d1] has been reserved
11:45:05,045 INFO kernel:[    0.291970] system 00:04: [mem 0xfc000000-0xfcffffff] has been reserved
11:45:05,045 DEBUG kernel:[    0.291973] system 00:04: Plug and Play ACPI device, IDs PNP0c02 (active)
11:45:05,045 INFO kernel:[    0.292954] pnp: PnP ACPI: found 5 devices
11:45:05,045 INFO kernel:[    0.292958] ACPI: bus type PNP unregistered
11:45:05,045 WARNING kernel:[    0.301603] pci 0000:00:1f.0: BAR 13: [io  size 0x0080] has bogus alignment
11:45:05,045 INFO kernel:[    0.301606] pci 0000:00:01.0: PCI bridge to [bus 01]
11:45:05,045 INFO kernel:[    0.301611] pci 0000:00:01.0:   bridge window [io  0x6000-0x7fff]
11:45:05,045 INFO kernel:[    0.301645] pci 0000:00:01.0:   bridge window [mem 0xe2000000-0xedffffff]
11:45:05,045 INFO kernel:[    0.301668] pci 0000:00:01.0:   bridge window [mem 0xb0000000-0xdfffffff 64bit pref]
11:45:05,045 INFO kernel:[    0.301712] pci 0000:00:0a.0: PCI bridge to [bus 02]
11:45:05,045 INFO kernel:[    0.301717] pci 0000:00:0a.0:   bridge window [io  0x9000-0xafff]
11:45:05,045 INFO kernel:[    0.301751] pci 0000:00:0a.0:   bridge window [mem 0xee100000-0xef0fffff]
11:45:05,045 INFO kernel:[    0.301774] pci 0000:00:0a.0:   bridge window [mem 0xe0000000-0xe0ffffff pref]
11:45:05,045 INFO kernel:[    0.301818] pci 0000:00:1e.0: PCI bridge to [bus 03]
11:45:05,045 INFO kernel:[    0.301823] pci 0000:00:1e.0:   bridge window [io  0xc000-0xdfff]
11:45:05,045 INFO kernel:[    0.301852] pci 0000:00:1e.0:   bridge window [mem 0xef200000-0xf01fffff]
11:45:05,045 INFO kernel:[    0.301872] pci 0000:00:1e.0:   bridge window [mem 0xe1000000-0xe1ffffff 64bit pref]
11:45:05,045 DEBUG kernel:[    0.302023] pci_bus 0000:00: resource 4 [io  0x0000-0x0cf7 window]
11:45:05,045 DEBUG kernel:[    0.302027] pci_bus 0000:00: resource 5 [io  0x0d00-0xffff window]
11:45:05,045 DEBUG kernel:[    0.302030] pci_bus 0000:00: resource 6 [mem 0x000a0000-0x000bffff window]
11:45:05,045 DEBUG kernel:[    0.302035] pci_bus 0000:00: resource 7 [mem 0x000c0000-0x000cffff window]
11:45:05,045 DEBUG kernel:[    0.302038] pci_bus 0000:00: resource 8 [mem 0xb0000000-0xfbffffff window]
11:45:05,045 DEBUG kernel:[    0.302040] pci_bus 0000:00: resource 9 [mem 0xfd000000-0xfd7fffff]
11:45:05,045 DEBUG kernel:[    0.302045] pci_bus 0000:01: resource 0 [io  0x6000-0x7fff]
11:45:05,045 DEBUG kernel:[    0.302048] pci_bus 0000:01: resource 1 [mem 0xe2000000-0xedffffff]
11:45:05,045 DEBUG kernel:[    0.302053] pci_bus 0000:01: resource 2 [mem 0xb0000000-0xdfffffff 64bit pref]
11:45:05,045 DEBUG kernel:[    0.302056] pci_bus 0000:01: resource 4 [io  0x0000-0x0cf7 window]
11:45:05,045 DEBUG kernel:[    0.302061] pci_bus 0000:01: resource 5 [io  0x0d00-0xffff window]
11:45:05,045 DEBUG kernel:[    0.302064] pci_bus 0000:01: resource 6 [mem 0x000a0000-0x000bffff window]
11:45:05,045 DEBUG kernel:[    0.302069] pci_bus 0000:01: resource 7 [mem 0x000c0000-0x000cffff window]
11:45:05,045 DEBUG kernel:[    0.302073] pci_bus 0000:01: resource 8 [mem 0xb0000000-0xfbffffff window]
11:45:05,045 DEBUG kernel:[    0.302076] pci_bus 0000:01: resource 9 [mem 0xfd000000-0xfd7fffff]
11:45:05,045 DEBUG kernel:[    0.302081] pci_bus 0000:02: resource 0 [io  0x9000-0xafff]
11:45:05,045 DEBUG kernel:[    0.302084] pci_bus 0000:02: resource 1 [mem 0xee100000-0xef0fffff]
11:45:05,045 DEBUG kernel:[    0.302089] pci_bus 0000:02: resource 2 [mem 0xe0000000-0xe0ffffff pref]
11:45:05,045 DEBUG kernel:[    0.302092] pci_bus 0000:03: resource 0 [io  0xc000-0xdfff]
11:45:05,045 DEBUG kernel:[    0.302097] pci_bus 0000:03: resource 1 [mem 0xef200000-0xf01fffff]
11:45:05,045 DEBUG kernel:[    0.302100] pci_bus 0000:03: resource 2 [mem 0xe1000000-0xe1ffffff 64bit pref]
11:45:05,045 DEBUG kernel:[    0.302105] pci_bus 0000:03: resource 4 [io  0x0000-0x0cf7 window]
11:45:05,045 DEBUG kernel:[    0.302109] pci_bus 0000:03: resource 5 [io  0x0d00-0xffff window]
11:45:05,045 DEBUG kernel:[    0.302113] pci_bus 0000:03: resource 6 [mem 0x000a0000-0x000bffff window]
11:45:05,045 DEBUG kernel:[    0.302117] pci_bus 0000:03: resource 7 [mem 0x000c0000-0x000cffff window]
11:45:05,045 DEBUG kernel:[    0.302120] pci_bus 0000:03: resource 8 [mem 0xb0000000-0xfbffffff window]
11:45:05,045 DEBUG kernel:[    0.302125] pci_bus 0000:03: resource 9 [mem 0xfd000000-0xfd7fffff]
11:45:05,045 INFO kernel:[    0.302128] NET: Registered protocol family 2
11:45:05,045 INFO kernel:[    0.302977] TCP established hash table entries: 16384 (order: 5, 131072 bytes)
11:45:05,045 INFO kernel:[    0.302985] TCP bind hash table entries: 16384 (order: 6, 262144 bytes)
11:45:05,045 INFO kernel:[    0.302990] TCP: Hash tables configured (established 16384 bind 16384)
11:45:05,045 INFO kernel:[    0.303954] TCP: reno registered
11:45:05,045 INFO kernel:[    0.303957] UDP hash table entries: 1024 (order: 3, 32768 bytes)
11:45:05,045 INFO kernel:[    0.303965] UDP-Lite hash table entries: 1024 (order: 3, 32768 bytes)
11:45:05,045 INFO kernel:[    0.304965] NET: Registered protocol family 1
11:45:05,045 DEBUG kernel:[    0.309975] pci 0000:01:00.0: Boot video device
11:45:05,045 DEBUG kernel:[    0.309980] PCI: CLS 0 bytes, default 64
11:45:05,045 INFO kernel:[    0.309988] Unpacking initramfs...
11:45:05,045 INFO kernel:[    4.592979] Freeing initrd memory: 42360k freed
11:45:05,045 INFO kernel:[    4.597937] RAPL PMU: API unit is 2^-32 Joules, 4 fixed counters, 10737418240 ms ovfl timer
11:45:05,045 INFO kernel:[    4.597941] RAPL PMU: hw unit of domain pp0-core 2^-0 Joules
11:45:05,045 INFO kernel:[    4.597945] RAPL PMU: hw unit of domain package 2^-0 Joules
11:45:05,045 INFO kernel:[    4.597947] RAPL PMU: hw unit of domain dram 2^-0 Joules
11:45:05,045 INFO kernel:[    4.597949] RAPL PMU: hw unit of domain pp1-gpu 2^-0 Joules
11:45:05,045 INFO kernel:[    4.598315] sha1_ssse3: Using AVX2 optimized SHA-1 implementation
11:45:05,045 INFO kernel:[    4.598425] sha256_ssse3: Using AVX2 optimized SHA-256 implementation
11:45:05,045 INFO kernel:[    4.598737] futex hash table entries: 8192 (order: 7, 524288 bytes)
11:45:05,045 NOTICE kernel:[    4.598934] Initialise system trusted keyring
11:45:05,045 INFO kernel:[    4.598952] audit: initializing netlink socket (disabled)
11:45:05,045 NOTICE kernel:[    4.598956] type=2000 audit(1502365485.596:1): initialized
11:45:05,045 INFO kernel:[    4.617053] HugeTLB registered 2 MB page size, pre-allocated 0 pages
11:45:05,045 INFO kernel:[    4.617459] zpool: loaded
11:45:05,045 INFO kernel:[    4.617465] zbud: loaded
11:45:05,045 NOTICE kernel:[    4.617567] VFS: Disk quotas dquot_6.5.2
11:45:05,045 WARNING kernel:[    4.617575] Dquot-cache hash table entries: 512 (order 0, 4096 bytes)
11:45:05,045 INFO kernel:[    4.617633] msgmni has been set to 3990
11:45:05,045 NOTICE kernel:[    4.617645] Key type big_key registered
11:45:05,045 DEBUG kernel:[    4.617649] SELinux:  Registering netfilter hooks
11:45:05,045 INFO kernel:[    4.618763] NET: Registered protocol family 38
11:45:05,045 NOTICE kernel:[    4.618777] Key type asymmetric registered
11:45:05,045 NOTICE kernel:[    4.618781] Asymmetric key parser 'x509' registered
11:45:05,045 INFO kernel:[    4.618789] Block layer SCSI generic (bsg) driver version 0.4 loaded (major 251)
11:45:05,045 INFO kernel:[    4.618867] io scheduler noop registered
11:45:05,045 INFO kernel:[    4.618871] io scheduler deadline registered (default)
11:45:05,045 INFO kernel:[    4.618883] io scheduler cfq registered
11:45:05,045 INFO kernel:[    4.618955] pci_hotplug: PCI Hot Plug PCI Core version: 0.5
11:45:05,045 INFO kernel:[    4.618959] pciehp: PCI Express Hot Plug Controller Driver version: 0.4
11:45:05,045 DEBUG kernel:[    4.618967] intel_idle: does not run on family 6 model 70
11:45:05,045 INFO kernel:[    4.619546] ACPI: AC Adapter [ADP0] (on-line)
11:45:05,045 INFO kernel:[    4.620052] input: Power Button as /devices/LNXSYSTM:00/LNXPWRBN:00/input/input0
11:45:05,045 INFO kernel:[    4.620056] ACPI: Power Button [PWRF]
11:45:05,045 INFO kernel:[    4.620064] input: Sleep Button as /devices/LNXSYSTM:00/LNXSLPBN:00/input/input1
11:45:05,045 INFO kernel:[    4.620068] ACPI: Sleep Button [SLPF]
11:45:05,045 INFO kernel:[    4.620090] GHES: HEST is not enabled!
11:45:05,045 INFO kernel:[    4.620115] Serial: 8250/16550 driver, 4 ports, IRQ sharing enabled
11:45:05,045 INFO kernel:[    4.620583] Non-volatile memory driver v1.3
11:45:05,045 INFO kernel:[    4.620587] Linux agpgart interface v0.103
11:45:05,045 INFO kernel:[    4.620751] crash memory driver: version 1.1
11:45:05,045 INFO kernel:[    4.620805] rdac: device handler registered
11:45:05,045 INFO kernel:[    4.620887] hp_sw: device handler registered
11:45:05,045 INFO kernel:[    4.620891] emc: device handler registered
11:45:05,045 INFO kernel:[    4.620895] alua: device handler registered
11:45:05,045 INFO kernel:[    4.620947] libphy: Fixed MDIO Bus: probed
11:45:05,045 INFO kernel:[    4.620979] ehci_hcd: USB 2.0 'Enhanced' Host Controller (EHCI) Driver
11:45:05,045 INFO kernel:[    4.620991] ehci-pci: EHCI PCI platform driver
11:45:05,045 INFO kernel:[    4.621159] ehci-pci 0000:00:1d.7: EHCI Host Controller
11:45:05,045 INFO kernel:[    4.621983] ehci-pci 0000:00:1d.7: new USB bus registered, assigned bus number 1
11:45:05,045 WARNING kernel:[    4.622055] ehci-pci 0000:00:1d.7: Enabling legacy PCI PM
11:45:05,045 DEBUG kernel:[    4.623959] ehci-pci 0000:00:1d.7: cache line size of 64 is not supported
11:45:05,045 INFO kernel:[    4.624017] ehci-pci 0000:00:1d.7: irq 19, io mem 0xef140000
11:45:05,045 INFO kernel:[    4.629964] ehci-pci 0000:00:1d.7: USB 2.0 started, EHCI 1.00
11:45:05,045 INFO kernel:[    4.630060] usb usb1: New USB device found, idVendor=1d6b, idProduct=0002
11:45:05,045 INFO kernel:[    4.630064] usb usb1: New USB device strings: Mfr=3, Product=2, SerialNumber=1
11:44:45,535 INFO kernel:BIOS-e820: [mem 0x00000000000dc000-0x00000000000fffff] reserved
11:45:05,046 INFO kernel:[    4.630068] usb usb1: Product: EHCI Host Controller
11:45:05,046 INFO kernel:[    4.630072] usb usb1: Manufacturer: Linux 3.10.0-514.el7.x86_64 ehci_hcd
11:45:05,046 INFO kernel:[    4.630076] usb usb1: SerialNumber: 0000:00:1d.7
11:45:05,046 INFO kernel:[    4.630180] hub 1-0:1.0: USB hub found
11:45:05,046 INFO kernel:[    4.630192] hub 1-0:1.0: 15 ports detected
11:45:05,046 INFO kernel:[    4.630430] ohci_hcd: USB 1.1 'Open' Host Controller (OHCI) Driver
11:44:45,535 INFO kernel:BIOS-e820: [mem 0x0000000000100000-0x000000007ffebfff] usable
11:44:45,535 INFO kernel:BIOS-e820: [mem 0x000000007ffec000-0x000000007ffedfff] reserved
11:45:05,048 INFO kernel:[    4.630434] ohci-pci: OHCI PCI platform driver
11:45:05,048 INFO kernel:[    4.630446] uhci_hcd: USB Universal Host Controller Interface driver
11:45:05,048 INFO kernel:[    4.630522] uhci_hcd 0000:00:1d.0: UHCI Host Controller
11:45:05,048 INFO kernel:[    4.630612] uhci_hcd 0000:00:1d.0: new USB bus registered, assigned bus number 2
11:45:05,048 INFO kernel:[    4.630616] uhci_hcd 0000:00:1d.0: detected 2 ports
11:45:05,048 INFO kernel:[    4.630941] uhci_hcd 0000:00:1d.0: irq 18, io base 0x0000b200
11:45:05,048 INFO kernel:[    4.630973] usb usb2: New USB device found, idVendor=1d6b, idProduct=0001
11:45:05,049 INFO kernel:[    4.630976] usb usb2: New USB device strings: Mfr=3, Product=2, SerialNumber=1
11:45:05,049 INFO kernel:[    4.630978] usb usb2: Product: UHCI Host Controller
11:45:05,049 INFO kernel:[    4.630979] usb usb2: Manufacturer: Linux 3.10.0-514.el7.x86_64 uhci_hcd
11:45:05,049 INFO kernel:[    4.630980] usb usb2: SerialNumber: 0000:00:1d.0
11:45:05,049 INFO kernel:[    4.631155] hub 2-0:1.0: USB hub found
11:45:05,049 INFO kernel:[    4.631167] hub 2-0:1.0: 2 ports detected
11:44:45,535 INFO kernel:BIOS-e820: [mem 0x000000007ffee000-0x000000007fffafff] ACPI data
11:45:05,049 INFO kernel:[    4.631329] xhci_hcd 0000:00:1d.6: xHCI Host Controller
11:45:05,049 INFO kernel:[    4.631989] xhci_hcd 0000:00:1d.6: new USB bus registered, assigned bus number 3
11:45:05,049 INFO kernel:[    4.632191] xhci_hcd 0000:00:1d.6: hcc params 0x01c10000 hci version 0x100 quirks 0x00000014
11:45:05,049 INFO kernel:[    4.632203] ACPI: Battery Slot [BAT0] (battery present)
11:45:05,049 DEBUG kernel:[    4.633935] xhci_hcd 0000:00:1d.6: cache line size of 64 is not supported
11:45:05,049 DEBUG kernel:[    4.637937] xhci_hcd 0000:00:1d.6: irq 24 for MSI/MSI-X
11:45:05,049 INFO kernel:[    4.638045] usb usb3: New USB device found, idVendor=1d6b, idProduct=0002
11:44:45,535 INFO kernel:BIOS-e820: [mem 0x000000007fffb000-0x000000007fffffff] ACPI NVS
11:45:05,049 INFO kernel:[    4.638049] usb usb3: New USB device strings: Mfr=3, Product=2, SerialNumber=1
11:45:05,049 INFO kernel:[    4.638053] usb usb3: Product: xHCI Host Controller
11:45:05,049 INFO kernel:[    4.638057] usb usb3: Manufacturer: Linux 3.10.0-514.el7.x86_64 xhci-hcd
11:45:05,049 INFO kernel:[    4.638061] usb usb3: SerialNumber: 0000:00:1d.6
11:45:05,049 INFO kernel:[    4.638173] hub 3-0:1.0: USB hub found
11:45:05,049 INFO kernel:[    4.638185] hub 3-0:1.0: 2 ports detected
11:45:05,049 INFO kernel:[    4.638233] xhci_hcd 0000:00:1d.6: xHCI Host Controller
11:44:45,535 INFO kernel:BIOS-e820: [mem 0x00000000fd000000-0x00000000fd7fffff] reserved
11:45:05,049 INFO kernel:[    4.638301] xhci_hcd 0000:00:1d.6: new USB bus registered, assigned bus number 4
11:45:05,049 INFO kernel:[    4.638329] usb usb4: We don't know the algorithms for LPM for this host, disabling LPM.
11:45:05,049 INFO kernel:[    4.638377] usb usb4: New USB device found, idVendor=1d6b, idProduct=0003
11:45:05,049 INFO kernel:[    4.638381] usb usb4: New USB device strings: Mfr=3, Product=2, SerialNumber=1
11:45:05,049 INFO kernel:[    4.638385] usb usb4: Product: xHCI Host Controller
11:45:05,049 INFO kernel:[    4.638389] usb usb4: Manufacturer: Linux 3.10.0-514.el7.x86_64 xhci-hcd
11:44:45,535 INFO kernel:BIOS-e820: [mem 0x00000000fec00000-0x00000000fec00fff] reserved
11:45:05,049 INFO kernel:[    4.638393] usb usb4: SerialNumber: 0000:00:1d.6
11:45:05,049 INFO kernel:[    4.638487] hub 4-0:1.0: USB hub found
11:45:05,049 INFO kernel:[    4.638499] hub 4-0:1.0: 12 ports detected
11:45:05,049 INFO kernel:[    4.638675] usbcore: registered new interface driver usbserial
11:45:05,049 INFO kernel:[    4.638683] usbcore: registered new interface driver usbserial_generic
11:45:05,049 INFO kernel:[    4.638687] usbserial: USB Serial support registered for generic
11:45:05,049 INFO kernel:[    4.638695] i8042: PNP: PS/2 Controller [PNP0303:KBC,PNP0f03:PS2M] at 0x60,0x64 irq 1,12
11:44:45,535 INFO kernel:BIOS-e820: [mem 0x00000000fed00000-0x00000000fed00fff] reserved
11:44:45,535 INFO kernel:BIOS-e820: [mem 0x00000000fee00000-0x00000000fee00fff] reserved
11:45:05,049 INFO kernel:[    4.638958] serio: i8042 KBD port at 0x60,0x64 irq 1
11:45:05,049 INFO kernel:[    4.638964] serio: i8042 AUX port at 0x60,0x64 irq 12
11:45:05,049 INFO kernel:[    4.639035] mousedev: PS/2 mouse device common for all mice
11:45:05,049 INFO kernel:[    4.639435] input: AT Translated Set 2 keyboard as /devices/platform/i8042/serio0/input/input2
11:45:05,049 INFO kernel:[    4.639511] rtc_cmos 00:02: rtc core: registered rtc_cmos as rtc0
11:45:05,049 INFO kernel:[    4.639519] rtc_cmos 00:02: alarms up to one day, y3k, 242 bytes nvram, hpet irqs
11:44:45,535 INFO kernel:BIOS-e820: [mem 0x00000000ffc00000-0x00000000ffffffff] reserved
11:45:05,049 INFO kernel:[    4.639527] cpuidle: using governor menu
11:45:05,049 INFO kernel:[    4.639773] hidraw: raw HID events driver (C) Jiri Kosina
11:45:05,049 INFO kernel:[    4.639991] usbcore: registered new interface driver usbhid
11:45:05,049 INFO kernel:[    4.639994] usbhid: USB HID core driver
11:45:05,049 INFO kernel:[    4.640970] drop_monitor: Initializing network drop monitor service
11:45:05,049 INFO kernel:[    4.641162] TCP: cubic registered
11:45:05,049 INFO kernel:[    4.641178] Initializing XFRM netlink socket
11:45:05,049 INFO kernel:[    4.641318] NET: Registered protocol family 10
11:45:05,049 INFO kernel:[    4.641438] NET: Registered protocol family 17
11:45:05,049 INFO kernel:[    4.641514] microcode: CPU0 sig=0x40661, pf=0x1, revision=0x13
11:45:05,049 INFO kernel:[    4.641520] microcode: CPU1 sig=0x40661, pf=0x1, revision=0x13
11:45:05,049 INFO kernel:[    4.641572] microcode: Microcode Update Driver: v2.01 <tigran@aivazian.fsnet.co.uk>, Peter Oruba
11:45:05,049 NOTICE kernel:[    4.641746] Loading compiled-in X.509 certificates
11:45:05,049 NOTICE kernel:[    4.641750] Loaded X.509 cert 'CentOS Linux kpatch signing key: ea0413152cde1d98ebdca3fe6f0230904c9ef717'
11:45:05,049 NOTICE kernel:[    4.641754] Loaded X.509 cert 'CentOS Linux Driver update signing key: 7f421ee0ab69461574bb358861dbe77762a4201b'
11:45:05,049 NOTICE kernel:[    4.641949] Loaded X.509 cert 'CentOS Linux kernel signing key: d48863a7c16fcc274123e6298f74f057af19fc54'
11:45:05,049 INFO kernel:[    4.641953] registered taskstats version 1
11:45:05,049 NOTICE kernel:[    4.645914] Key type trusted registered
11:45:05,049 NOTICE kernel:[    4.669714] Key type encrypted registered
11:45:05,049 INFO kernel:[    4.671717] IMA: No TPM chip found, activating TPM-bypass!
11:45:05,049 INFO kernel:[    4.672096] rtc_cmos 00:02: setting system clock to 2017-08-10 11:44:45 UTC (1502365485)
11:45:05,049 INFO kernel:[    4.672653] Freeing unused kernel memory: 1680k freed
11:45:05,050 INFO kernel:[    4.760337] BIOS EDD facility v0.16 2004-Jun-25, 1 devices found
11:45:05,050 INFO kernel:[    4.931957] usb 1-1: new high-speed USB device number 2 using ehci-pci
11:45:05,050 INFO kernel:[    4.948354] squashfs: version 4.0 (2009/01/31) Phillip Lougher
11:45:05,050 INFO kernel:[    4.951241] Loading iSCSI transport class v2.0-870.
11:45:05,050 NOTICE kernel:[    4.953912] iscsi: registered transport (tcp)
11:45:05,050 INFO kernel:[    5.046722] usb 1-1: New USB device found, idVendor=203a, idProduct=fff9
11:45:05,050 INFO kernel:[    5.046725] usb 1-1: New USB device strings: Mfr=1, Product=2, SerialNumber=3
11:45:05,050 INFO kernel:[    5.046727] usb 1-1: Product: FaceTime HD Camera
11:45:05,050 INFO kernel:[    5.046728] usb 1-1: Manufacturer: Parallels
11:45:05,050 INFO kernel:[    5.046728] usb 1-1: SerialNumber: CC25175W1QBG1HNAQ
11:45:05,050 INFO kernel:[    5.473881] input: ImExPS/2 Generic Explorer Mouse as /devices/platform/i8042/serio1/input/input3
11:45:05,050 INFO kernel:[    5.600656] tsc: Refined TSC clocksource calibration: 2494.231 MHz
11:45:05,050 INFO kernel:[    7.986057] floppy0: no floppy controllers found
11:45:05,050 INFO kernel:[    7.994776] No iBFT detected.
11:45:05,050 INFO kernel:[    7.996348] md: raid0 personality registered for level 0
11:45:05,050 INFO kernel:[    7.998167] md: raid1 personality registered for level 1
11:45:05,050 INFO kernel:[    7.999742] async_tx: api initialized (async)
11:45:05,050 INFO kernel:[    8.000373] xor: automatically using best checksumming function:
11:45:05,050 INFO kernel:[    8.010022]    avx       : 36528.000 MB/sec
11:45:05,050 WARNING kernel:[    8.029060] raid6: sse2x1   gen() 10148 MB/s
11:45:05,050 WARNING kernel:[    8.046058] raid6: sse2x2   gen() 13085 MB/s
11:45:05,050 WARNING kernel:[    8.063055] raid6: sse2x4   gen() 15609 MB/s
11:45:05,050 WARNING kernel:[    8.080062] raid6: avx2x1   gen() 20363 MB/s
11:45:05,050 WARNING kernel:[    8.097057] raid6: avx2x2   gen() 22753 MB/s
11:45:05,050 WARNING kernel:[    8.113975] raid6: avx2x4   gen() 26417 MB/s
11:45:05,050 WARNING kernel:[    8.113979] raid6: using algorithm avx2x4 gen() (26417 MB/s)
11:45:05,050 WARNING kernel:[    8.113980] raid6: using avx2x2 recovery algorithm
11:45:05,050 INFO kernel:[    8.117202] md: raid6 personality registered for level 6
11:45:05,050 INFO kernel:[    8.117204] md: raid5 personality registered for level 5
11:45:05,050 INFO kernel:[    8.117205] md: raid4 personality registered for level 4
11:45:05,050 INFO kernel:[    8.121375] md: raid10 personality registered for level 10
11:45:05,050 INFO kernel:[    8.122895] md: linear personality registered for level -1
11:45:05,050 INFO kernel:[    8.126254] device-mapper: uevent: version 1.0.3
11:45:05,050 INFO kernel:[    8.126369] device-mapper: ioctl: 4.34.0-ioctl (2015-10-28) initialised: dm-devel@redhat.com
11:45:05,050 INFO kernel:[    8.137734] device-mapper: multipath: version 1.11.0 loaded
11:45:05,050 INFO kernel:[    8.139688] device-mapper: multipath round-robin: version 1.1.0 loaded
11:45:05,050 INFO kernel:[    8.157226] RPC: Registered named UNIX socket transport module.
11:45:05,050 INFO kernel:[    8.157228] RPC: Registered udp transport module.
11:45:05,050 INFO kernel:[    8.157229] RPC: Registered tcp transport module.
11:45:05,050 INFO kernel:[    8.157229] RPC: Registered tcp NFSv4.1 backchannel transport module.
11:45:05,050 INFO kernel:[    8.326158] FUJITSU Extended Socket Network Device Driver - version 1.1 - Copyright (c) 2015 FUJITSU LIMITED
11:45:05,050 INFO kernel:[    8.332509] virtio-pci 0000:00:05.0: enabling device (0000 -> 0003)
11:45:05,050 INFO kernel:[    8.332777] virtio-pci 0000:00:05.0: virtio_pci: leaving for legacy driver
11:45:05,050 INFO kernel:[    8.333909] virtio-pci 0000:00:0e.0: enabling device (0000 -> 0001)
11:45:05,050 INFO kernel:[    8.335128] virtio-pci 0000:00:0e.0: virtio_pci: leaving for legacy driver
11:45:05,050 DEBUG kernel:[    8.349034] libata version 3.00 loaded.
11:45:05,050 DEBUG kernel:[    8.351658] ahci 0000:00:1f.2: version 3.0
11:45:05,050 DEBUG kernel:[    8.356467] ahci 0000:00:1f.2: irq 25 for MSI/MSI-X
11:45:05,050 INFO kernel:[    8.358744] ahci 0000:00:1f.2: SSS flag set, parallel bus scan disabled
11:45:05,050 INFO kernel:[    8.358825] ahci 0000:00:1f.2: AHCI 0001.0100 32 slots 6 ports 3 Gbps 0x3f impl SATA mode
11:45:05,050 INFO kernel:[    8.358827] ahci 0000:00:1f.2: flags: 64bit ncq stag pm led only slum part 
11:45:05,050 INFO kernel:[    8.366725] scsi host0: ahci
11:45:05,050 INFO kernel:[    8.370594] AES CTR mode by8 optimization enabled
11:45:05,050 INFO kernel:[    8.380208] scsi host1: ahci
11:45:05,050 INFO kernel:[    8.380256] scsi host2: ahci
11:45:05,050 INFO kernel:[    8.380288] scsi host3: ahci
11:45:05,050 INFO kernel:[    8.380314] scsi host4: ahci
11:45:05,050 INFO kernel:[    8.380341] scsi host5: ahci
11:45:05,050 INFO kernel:[    8.380358] ata1: SATA max UDMA/133 abar m8192@0xf0200000 port 0xf0200100 irq 25
11:45:05,050 INFO kernel:[    8.380359] ata2: SATA max UDMA/133 abar m8192@0xf0200000 port 0xf0200180 irq 25
11:45:05,050 INFO kernel:[    8.380359] ata3: SATA max UDMA/133 abar m8192@0xf0200000 port 0xf0200200 irq 25
11:45:05,050 INFO kernel:[    8.380360] ata4: SATA max UDMA/133 abar m8192@0xf0200000 port 0xf0200280 irq 25
11:45:05,050 INFO kernel:[    8.380361] ata5: SATA max UDMA/133 abar m8192@0xf0200000 port 0xf0200300 irq 25
11:45:05,050 INFO kernel:[    8.380361] ata6: SATA max UDMA/133 abar m8192@0xf0200000 port 0xf0200380 irq 25
11:45:05,050 DEBUG kernel:[    8.380385] ata_piix 0000:00:1f.1: version 2.13
11:45:05,050 INFO kernel:[    8.382146] scsi host6: ata_piix
11:45:05,050 INFO kernel:[    8.382188] scsi host7: ata_piix
11:45:05,050 INFO kernel:[    8.382204] ata7: PATA max UDMA/100 cmd 0x1f0 ctl 0x3f6 bmdma 0xe000 irq 14
11:45:05,050 INFO kernel:[    8.382205] ata8: PATA max UDMA/100 cmd 0x170 ctl 0x376 bmdma 0xe008 irq 15
11:45:05,050 DEBUG kernel:[    8.385708] virtio-pci 0000:00:05.0: irq 26 for MSI/MSI-X
11:45:05,050 DEBUG kernel:[    8.385717] virtio-pci 0000:00:05.0: irq 27 for MSI/MSI-X
11:45:05,050 DEBUG kernel:[    8.385724] virtio-pci 0000:00:05.0: irq 28 for MSI/MSI-X
11:45:05,050 INFO kernel:[    8.397048] 8021q: 802.1Q VLAN Support v1.8
11:45:05,050 INFO kernel:[    8.415507] alg: No test for __gcm-aes-aesni (__driver-gcm-aes-aesni)
11:45:05,050 INFO kernel:[    8.420285] alg: No test for crc32 (crc32-pclmul)
11:45:05,050 INFO kernel:[    8.685280] ata1: SATA link up 1.5 Gbps (SStatus 113 SControl 300)
11:45:05,050 INFO kernel:[    8.685380] ata1.00: ATA-8: CentOS Linux 7-0 SSD, F.ZDSG90, max UDMA/100
11:45:05,050 INFO kernel:[    8.685382] ata1.00: 134217728 sectors, multi 0: LBA48 NCQ (depth 31/32)
11:45:05,050 INFO kernel:[    8.685466] ata1.00: configured for UDMA/100
11:45:05,050 NOTICE kernel:[    8.685687] scsi 0:0:0:0: Direct-Access     ATA      CentOS Linux 7-0 SG90 PQ: 0 ANSI: 5
11:45:05,050 INFO kernel:[    8.999646] ata2: SATA link up 1.5 Gbps (SStatus 113 SControl 300)
11:45:05,050 INFO kernel:[    8.999734] ata2.00: ATAPI: Virtual DVD-ROM [1], FWR1, max UDMA/25
11:45:05,050 INFO kernel:[    8.999876] ata2.00: configured for UDMA/25
11:45:05,050 NOTICE kernel:[    9.000125] scsi 1:0:0:0: CD-ROM                     Virtual DVD-ROM  R103 PQ: 0 ANSI: 5
11:45:05,050 INFO kernel:[    9.315107] ata3: SATA link down (SStatus 0 SControl 300)
11:45:05,050 INFO kernel:[    9.620345] ata4: SATA link down (SStatus 0 SControl 300)
11:45:05,050 INFO kernel:[    9.925674] ata5: SATA link down (SStatus 0 SControl 300)
11:45:05,050 INFO kernel:[   10.231249] ata6: SATA link down (SStatus 0 SControl 300)
11:45:05,050 NOTICE kernel:[   10.240364] sd 0:0:0:0: [sda] 134217728 512-byte logical blocks: (68.7 GB/64.0 GiB)
11:45:05,050 NOTICE kernel:[   10.240367] sd 0:0:0:0: [sda] 4096-byte physical blocks
11:45:05,050 NOTICE kernel:[   10.240388] sd 0:0:0:0: [sda] Write Protect is off
11:45:05,050 DEBUG kernel:[   10.240389] sd 0:0:0:0: [sda] Mode Sense: 00 3a 00 00
11:45:05,050 NOTICE kernel:[   10.240395] sd 0:0:0:0: [sda] Write cache: enabled, read cache: enabled, doesn't support DPO or FUA
11:45:05,050 INFO kernel:[   10.241656] sr 1:0:0:0: [sr0] scsi3-mmc drive: 44x/44x cd/rw xa/form2 cdda tray
11:45:05,050 INFO kernel:[   10.241659] cdrom: Uniform CD-ROM driver Revision: 3.20
11:45:05,050 NOTICE kernel:[   10.241713] sd 0:0:0:0: [sda] Attached SCSI disk
11:45:05,050 DEBUG kernel:[   10.241774] sr 1:0:0:0: Attached scsi CD-ROM sr0
11:45:05,050 INFO kernel:[   11.346552] floppy0: no floppy controllers found
11:45:05,050 DEBUG kernel:[   11.384225] ISO 9660 Extensions: Microsoft Joliet Level 3
11:45:05,050 DEBUG kernel:[   11.385558] ISO 9660 Extensions: RRIP_1991A
11:45:05,050 INFO kernel:[   11.563387] loop: module loaded
11:45:05,050 INFO kernel:[   11.718917] EXT4-fs (dm-0): mounted filesystem with ordered data mode. Opts: (null)
11:45:05,050 DEBUG kernel:[   12.405109] SELinux: 2048 avtab hash slots, 104960 rules.
11:45:05,050 DEBUG kernel:[   12.451104] SELinux: 2048 avtab hash slots, 104960 rules.
11:45:05,050 DEBUG kernel:[   12.469091] SELinux:  8 users, 14 roles, 4986 types, 301 bools, 1 sens, 1024 cats
11:45:05,050 DEBUG kernel:[   12.469098] SELinux:  91 classes, 104960 rules
11:45:05,050 DEBUG kernel:[   12.471112] SELinux:  Completing initialization.
11:45:05,050 DEBUG kernel:[   12.471114] SELinux:  Setting up existing superblocks.
11:45:05,050 NOTICE kernel:[   12.478043] type=1403 audit(1502365493.305:2): policy loaded auid=4294967295 ses=4294967295
11:45:05,050 NOTICE kernel:[   14.959503] lpc_ich 0000:00:1f.0: RCBA is disabled by hardware/BIOS, device disabled
11:45:05,050 WARNING kernel:[   14.959508] ACPI Warning: SystemIO range 0x0000000000004028-0x000000000000402f conflicts with OpRegion 0x0000000000004000-0x000000000000404e (\PMIO) (20130517/utaddress-254)
11:45:05,050 INFO kernel:[   14.959512] ACPI: If an ACPI driver is available for this device, you should use it instead of the native driver
11:45:05,050 WARNING kernel:[   14.960690] lpc_ich: Resource conflict(s) found affecting gpio_ich
11:45:05,050 INFO kernel:[   15.085775] shpchp: Standard Hot Plug PCI Controller Driver version: 0.4
11:45:05,050 INFO kernel:[   15.859831] input: PC Speaker as /devices/platform/pcspkr/input/input4
11:45:05,050 NOTICE kernel:[   15.888105] sd 0:0:0:0: Attached scsi generic sg0 type 0
11:45:05,050 NOTICE kernel:[   15.888162] sr 1:0:0:0: Attached scsi generic sg1 type 5
11:45:05,050 INFO kernel:[   15.904156] i801_smbus 0000:00:1f.3: Enabling SMBus device
11:45:05,050 INFO kernel:[   15.904174] i801_smbus 0000:00:1f.3: SMBus using polling
11:45:05,050 INFO kernel:[   16.037496] gpio_ich: GPIO from 206 to 255 on gpio_ich
11:45:05,050 ERR kernel:[   16.071330] intel_rapl: no valid rapl domains found in package 0
11:45:05,050 INFO kernel:[   18.706088] floppy0: no floppy controllers found
11:45:05,050 INFO kernel:[   20.218188] zram: Added device: zram0
11:45:05,050 INFO kernel:[   20.220255] zram: Added device: zram1
11:45:05,050 INFO kernel:[   20.264902] zram0: detected capacity change from 0 to 1046818816
11:45:05,050 INFO kernel:[   20.265539] zram1: detected capacity change from 0 to 1046818816
11:45:05,050 NOTICE kernel:[   20.344349] type=1400 audit(1502365501.171:3): avc:  denied  { write } for  pid=1082 comm="firewalld" name="python2.7" dev="dm-0" ino=8909 scontext=system_u:system_r:firewalld_t:s0 tcontext=system_u:object_r:lib_t:s0 tclass=dir
11:45:05,050 NOTICE kernel:[   20.344355] type=1400 audit(1502365501.171:4): avc:  denied  { remove_name } for  pid=1082 comm="firewalld" name="site.pyc" dev="dm-0" ino=9644 scontext=system_u:system_r:firewalld_t:s0 tcontext=system_u:object_r:lib_t:s0 tclass=dir
11:45:05,050 NOTICE kernel:[   20.344359] type=1400 audit(1502365501.171:5): avc:  denied  { unlink } for  pid=1082 comm="firewalld" name="site.pyc" dev="dm-0" ino=9644 scontext=system_u:system_r:firewalld_t:s0 tcontext=system_u:object_r:lib_t:s0 tclass=lnk_file
11:45:05,050 NOTICE kernel:[   20.367561] type=1400 audit(1502365501.194:6): avc:  denied  { add_name } for  pid=1082 comm="firewalld" name="site.pyc" scontext=system_u:system_r:firewalld_t:s0 tcontext=system_u:object_r:lib_t:s0 tclass=dir
11:45:05,050 NOTICE kernel:[   20.367577] type=1400 audit(1502365501.194:7): avc:  denied  { create } for  pid=1082 comm="firewalld" name="site.pyc" scontext=system_u:system_r:firewalld_t:s0 tcontext=system_u:object_r:lib_t:s0 tclass=file
11:45:05,050 NOTICE kernel:[   20.367650] type=1400 audit(1502365501.194:8): avc:  denied  { write } for  pid=1082 comm="firewalld" path="/usr/lib64/python2.7/site.pyc" dev="dm-0" ino=9644 scontext=system_u:system_r:firewalld_t:s0 tcontext=system_u:object_r:lib_t:s0 tclass=file
11:45:05,050 INFO kernel:[   20.369763] Adding 1022280k swap on /dev/zram0.  Priority:100 extents:1 across:1022280k SSFS
11:45:05,050 INFO kernel:[   20.371047] Adding 1022280k swap on /dev/zram1.  Priority:100 extents:1 across:1022280k SSFS
11:45:05,050 INFO kernel:[   23.743827] Ebtables v2.0 registered
11:45:05,050 INFO kernel:[   23.846136] bridge: automatic filtering via arp/ip/ip6tables has been deprecated. Update your scripts to load br_netfilter if you need this.
11:45:05,050 NOTICE kernel:[   24.216720] type=1400 audit(1502365505.043:9): avc:  denied  { write } for  pid=1150 comm="in:imjournal" name="/" dev="dm-0" ino=2 scontext=system_u:system_r:syslogd_t:s0 tcontext=system_u:object_r:root_t:s0 tclass=dir
11:45:05,050 NOTICE kernel:[   24.216728] type=1400 audit(1502365505.043:10): avc:  denied  { add_name } for  pid=1150 comm="in:imjournal" name="imjournal.state.tmp" scontext=system_u:system_r:syslogd_t:s0 tcontext=system_u:object_r:root_t:s0 tclass=dir
11:45:05,050 NOTICE kernel:[   24.216942] type=1400 audit(1502365505.044:11): avc:  denied  { create } for  pid=1150 comm="in:imjournal" name="imjournal.state.tmp" scontext=system_u:system_r:syslogd_t:s0 tcontext=system_u:object_r:root_t:s0 tclass=file
11:44:45,535 INFO kernel:NX (Execute Disable) protection: active
11:44:45,535 INFO kernel:SMBIOS 2.7 present.
11:44:45,535 DEBUG kernel:DMI: Parallels Software International Inc. Parallels Virtual Platform/Parallels Virtual Platform, BIOS 12.2.1 (41615) 06/26/2017
11:44:45,535 INFO kernel:Hypervisor detected: KVM
11:44:45,535 DEBUG kernel:e820: update [mem 0x00000000-0x00000fff] usable ==> reserved
11:44:45,535 DEBUG kernel:e820: remove [mem 0x000a0000-0x000fffff] usable
11:44:45,535 INFO kernel:e820: last_pfn = 0x7ffec max_arch_pfn = 0x400000000
11:44:45,535 DEBUG kernel:MTRR default type: uncachable
11:44:45,535 DEBUG kernel:MTRR fixed ranges enabled:
11:44:45,535 DEBUG kernel:  00000-9FFFF write-back
11:44:45,535 DEBUG kernel:  A0000-BFFFF uncachable
11:44:45,535 DEBUG kernel:  C0000-C7FFF write-protect
11:44:45,535 DEBUG kernel:  C8000-EFFFF uncachable
11:44:45,535 DEBUG kernel:  F0000-FFFFF write-protect
11:44:45,535 DEBUG kernel:MTRR variable ranges enabled:
11:44:45,535 DEBUG kernel:  0 base 000000000 mask F80000000 write-back
11:44:45,535 DEBUG kernel:  1 disabled
11:44:45,535 DEBUG kernel:  2 disabled
11:44:45,535 DEBUG kernel:  3 disabled
11:44:45,535 DEBUG kernel:  4 disabled
11:44:45,535 DEBUG kernel:  5 disabled
11:44:45,535 DEBUG kernel:  6 disabled
11:44:45,535 DEBUG kernel:  7 disabled
11:44:45,536 INFO kernel:x86 PAT enabled: cpu 0, old 0x7040600070406, new 0x7010600070106
11:44:45,536 INFO kernel:found SMP MP-table at [mem 0x0009fc30-0x0009fc3f] mapped at [ffff88000009fc30]
11:44:45,536 DEBUG kernel:Base memory trampoline at [ffff880000099000] 99000 size 24576
11:44:45,536 DEBUG kernel:BRK [0x01f9e000, 0x01f9efff] PGTABLE
11:44:45,536 DEBUG kernel:BRK [0x01f9f000, 0x01f9ffff] PGTABLE
11:44:45,536 DEBUG kernel:BRK [0x01fa0000, 0x01fa0fff] PGTABLE
11:44:45,536 DEBUG kernel:BRK [0x01fa1000, 0x01fa1fff] PGTABLE
11:44:45,536 DEBUG kernel:BRK [0x01fa2000, 0x01fa2fff] PGTABLE
11:44:45,536 INFO kernel:RAMDISK: [mem 0x7d66d000-0x7ffcafff]
11:44:45,536 WARNING kernel:ACPI: RSDP 00000000000e0000 00024 (v02 PRLS  )
11:44:45,536 WARNING kernel:ACPI: XSDT 000000007fff2940 0004C (v01 PRLS   PRLS_OEM 00000001 INTL 20051216)
11:44:45,536 WARNING kernel:ACPI: FACP 000000007ffee0c0 000F4 (v03 PRLS   PRLS_OEM 00000001 INTL 20051216)
11:44:45,536 WARNING kernel:ACPI: DSDT 000000007ffee440 0447A (v02 PRLS   PRLSACPI 00001001 INTL 20051216)
11:44:45,536 WARNING kernel:ACPI: FACS 000000007ffee1c0 00040
11:44:45,536 WARNING kernel:ACPI: APIC 000000007ffee200 00216 (v01 PRLS   PRLS_OEM 00000001 INTL 20051216)
11:44:45,536 WARNING kernel:ACPI: HPET 000000007fff28c0 00038 (v00 PRLS   PRLS_OEM 00000001 INTL 20051216)
11:44:45,536 WARNING kernel:ACPI: MCFG 000000007fff2900 0003C (v01 PRLS   PRLS_OEM 00000001 INTL 20051216)
11:44:45,536 WARNING kernel:ACPI: OEM1 000000007fff29c0 00394 (v01 PRLS   PRLS_OEM 00000001 INTL 20051216)
11:44:45,536 DEBUG kernel:ACPI: Local APIC address 0xfee00000
11:44:45,536 INFO kernel:No NUMA configuration found
11:44:45,536 INFO kernel:Faking a node at [mem 0x0000000000000000-0x000000007ffebfff]
11:44:45,536 INFO kernel:Initmem setup node 0 [mem 0x00000000-0x7ffebfff]
11:44:45,536 INFO kernel:  NODE_DATA [mem 0x7d646000-0x7d66cfff]
11:44:45,536 INFO kernel:kvm-clock: Using msrs 4b564d01 and 4b564d00
11:44:45,536 INFO kernel:kvm-clock: cpu 0, msr 0:7d5f6001, primary cpu clock
11:44:45,536 INFO kernel:kvm-clock: using sched offset of 29796661007 cycles
11:44:45,536 WARNING kernel:Zone ranges:
11:44:45,536 WARNING kernel:  DMA      [mem 0x00001000-0x00ffffff]
11:44:45,536 WARNING kernel:  DMA32    [mem 0x01000000-0xffffffff]
11:44:45,536 WARNING kernel:  Normal   empty
11:44:45,536 WARNING kernel:Movable zone start for each node
11:44:45,536 WARNING kernel:Early memory node ranges
11:44:45,536 WARNING kernel:  node   0: [mem 0x00001000-0x0009efff]
11:44:45,536 WARNING kernel:  node   0: [mem 0x00100000-0x7ffebfff]
11:44:45,536 DEBUG kernel:On node 0 totalpages: 524170
11:44:45,536 DEBUG kernel:  DMA zone: 64 pages used for memmap
11:44:45,536 DEBUG kernel:  DMA zone: 21 pages reserved
11:44:45,536 DEBUG kernel:  DMA zone: 3998 pages, LIFO batch:0
11:44:45,536 DEBUG kernel:  DMA32 zone: 8128 pages used for memmap
11:44:45,536 DEBUG kernel:  DMA32 zone: 520172 pages, LIFO batch:31
11:44:45,536 INFO kernel:ACPI: PM-Timer IO Port: 0x4008
11:44:45,536 DEBUG kernel:ACPI: Local APIC address 0xfee00000
11:44:45,536 INFO kernel:ACPI: LAPIC (acpi_id[0x00] lapic_id[0x00] enabled)
11:44:45,536 INFO kernel:ACPI: LAPIC (acpi_id[0x01] lapic_id[0x01] enabled)
11:44:45,536 INFO kernel:ACPI: LAPIC (acpi_id[0x02] lapic_id[0x02] disabled)
11:44:45,536 INFO kernel:ACPI: LAPIC (acpi_id[0x03] lapic_id[0x03] disabled)
11:44:45,536 INFO kernel:ACPI: LAPIC (acpi_id[0x04] lapic_id[0x04] disabled)
11:44:45,536 INFO kernel:ACPI: LAPIC (acpi_id[0x05] lapic_id[0x05] disabled)
11:44:45,536 INFO kernel:ACPI: LAPIC (acpi_id[0x06] lapic_id[0x06] disabled)
11:44:45,536 INFO kernel:ACPI: LAPIC (acpi_id[0x07] lapic_id[0x07] disabled)
11:44:45,536 INFO kernel:ACPI: LAPIC (acpi_id[0x08] lapic_id[0x08] disabled)
11:44:45,536 INFO kernel:ACPI: LAPIC (acpi_id[0x09] lapic_id[0x09] disabled)
11:44:45,536 INFO kernel:ACPI: LAPIC (acpi_id[0x0a] lapic_id[0x0a] disabled)
11:44:45,536 INFO kernel:ACPI: LAPIC (acpi_id[0x0b] lapic_id[0x0b] disabled)
11:44:45,536 INFO kernel:ACPI: LAPIC (acpi_id[0x0c] lapic_id[0x0c] disabled)
11:44:45,536 INFO kernel:ACPI: LAPIC (acpi_id[0x0d] lapic_id[0x0d] disabled)
11:44:45,536 INFO kernel:ACPI: LAPIC (acpi_id[0x0e] lapic_id[0x0e] disabled)
11:44:45,536 INFO kernel:ACPI: LAPIC (acpi_id[0x0f] lapic_id[0x0f] disabled)
11:44:45,536 INFO kernel:ACPI: LAPIC (acpi_id[0x10] lapic_id[0x10] disabled)
11:44:45,536 INFO kernel:ACPI: LAPIC (acpi_id[0x11] lapic_id[0x11] disabled)
11:44:45,536 INFO kernel:ACPI: LAPIC (acpi_id[0x12] lapic_id[0x12] disabled)
11:44:45,536 INFO kernel:ACPI: LAPIC (acpi_id[0x13] lapic_id[0x13] disabled)
11:44:45,536 INFO kernel:ACPI: LAPIC (acpi_id[0x14] lapic_id[0x14] disabled)
11:44:45,536 INFO kernel:ACPI: LAPIC (acpi_id[0x15] lapic_id[0x15] disabled)
11:44:45,536 INFO kernel:ACPI: LAPIC (acpi_id[0x16] lapic_id[0x16] disabled)
11:44:45,536 INFO kernel:ACPI: LAPIC (acpi_id[0x17] lapic_id[0x17] disabled)
11:44:45,536 INFO kernel:ACPI: LAPIC (acpi_id[0x18] lapic_id[0x18] disabled)
11:44:45,536 INFO kernel:ACPI: LAPIC (acpi_id[0x19] lapic_id[0x19] disabled)
11:44:45,536 INFO kernel:ACPI: LAPIC (acpi_id[0x1a] lapic_id[0x1a] disabled)
11:44:45,536 INFO kernel:ACPI: LAPIC (acpi_id[0x1b] lapic_id[0x1b] disabled)
11:44:45,536 INFO kernel:ACPI: LAPIC (acpi_id[0x1c] lapic_id[0x1c] disabled)
11:44:45,536 INFO kernel:ACPI: LAPIC (acpi_id[0x1d] lapic_id[0x1d] disabled)
11:44:45,536 INFO kernel:ACPI: LAPIC (acpi_id[0x1e] lapic_id[0x1e] disabled)
11:44:45,536 INFO kernel:ACPI: LAPIC (acpi_id[0x1f] lapic_id[0x1f] disabled)
11:44:45,536 INFO kernel:ACPI: LAPIC_NMI (acpi_id[0x00] high edge lint[0x1])
11:44:45,536 INFO kernel:ACPI: LAPIC_NMI (acpi_id[0x01] high edge lint[0x1])
11:44:45,536 INFO kernel:ACPI: LAPIC_NMI (acpi_id[0x02] high edge lint[0x1])
11:44:45,536 INFO kernel:ACPI: LAPIC_NMI (acpi_id[0x03] high edge lint[0x1])
11:44:45,536 INFO kernel:ACPI: LAPIC_NMI (acpi_id[0x04] high edge lint[0x1])
11:44:45,536 INFO kernel:ACPI: LAPIC_NMI (acpi_id[0x05] high edge lint[0x1])
11:44:45,536 INFO kernel:ACPI: LAPIC_NMI (acpi_id[0x06] high edge lint[0x1])
11:44:45,536 INFO kernel:ACPI: LAPIC_NMI (acpi_id[0x07] high edge lint[0x1])
11:44:45,536 INFO kernel:ACPI: LAPIC_NMI (acpi_id[0x08] high edge lint[0x1])
11:44:45,536 INFO kernel:ACPI: LAPIC_NMI (acpi_id[0x09] high edge lint[0x1])
11:44:45,536 INFO kernel:ACPI: LAPIC_NMI (acpi_id[0x0a] high edge lint[0x1])
11:44:45,536 INFO kernel:ACPI: LAPIC_NMI (acpi_id[0x0b] high edge lint[0x1])
11:44:45,536 INFO kernel:ACPI: LAPIC_NMI (acpi_id[0x0c] high edge lint[0x1])
11:44:45,536 INFO kernel:ACPI: LAPIC_NMI (acpi_id[0x0d] high edge lint[0x1])
11:44:45,536 INFO kernel:ACPI: LAPIC_NMI (acpi_id[0x0e] high edge lint[0x1])
11:44:45,536 INFO kernel:ACPI: LAPIC_NMI (acpi_id[0x0f] high edge lint[0x1])
11:44:45,536 INFO kernel:ACPI: LAPIC_NMI (acpi_id[0x10] high edge lint[0x1])
11:44:45,536 INFO kernel:ACPI: LAPIC_NMI (acpi_id[0x11] high edge lint[0x1])
11:44:45,536 INFO kernel:ACPI: LAPIC_NMI (acpi_id[0x12] high edge lint[0x1])
11:44:45,536 INFO kernel:ACPI: LAPIC_NMI (acpi_id[0x13] high edge lint[0x1])
11:44:45,536 INFO kernel:ACPI: LAPIC_NMI (acpi_id[0x14] high edge lint[0x1])
11:44:45,536 INFO kernel:ACPI: LAPIC_NMI (acpi_id[0x15] high edge lint[0x1])
11:44:45,536 INFO kernel:ACPI: LAPIC_NMI (acpi_id[0x16] high edge lint[0x1])
11:44:45,536 INFO kernel:ACPI: LAPIC_NMI (acpi_id[0x17] high edge lint[0x1])
11:44:45,536 INFO kernel:ACPI: LAPIC_NMI (acpi_id[0x18] high edge lint[0x1])
11:44:45,536 INFO kernel:ACPI: LAPIC_NMI (acpi_id[0x19] high edge lint[0x1])
11:44:45,536 INFO kernel:ACPI: LAPIC_NMI (acpi_id[0x1a] high edge lint[0x1])
11:44:45,536 INFO kernel:ACPI: LAPIC_NMI (acpi_id[0x1b] high edge lint[0x1])
11:44:45,536 INFO kernel:ACPI: LAPIC_NMI (acpi_id[0x1c] high edge lint[0x1])
11:44:45,536 INFO kernel:ACPI: LAPIC_NMI (acpi_id[0x1d] high edge lint[0x1])
11:44:45,536 INFO kernel:ACPI: LAPIC_NMI (acpi_id[0x1e] high edge lint[0x1])
11:44:45,536 INFO kernel:ACPI: LAPIC_NMI (acpi_id[0x1f] high edge lint[0x1])
11:44:45,536 INFO kernel:ACPI: IOAPIC (id[0x00] address[0xfec00000] gsi_base[0])
11:44:45,536 INFO kernel:IOAPIC[0]: apic_id 0, version 2, address 0xfec00000, GSI 0-23
11:44:45,536 INFO kernel:ACPI: INT_SRC_OVR (bus 0 bus_irq 0 global_irq 2 dfl dfl)
11:44:45,536 INFO kernel:ACPI: INT_SRC_OVR (bus 0 bus_irq 14 global_irq 14 dfl edge)
11:44:45,536 INFO kernel:ACPI: INT_SRC_OVR (bus 0 bus_irq 15 global_irq 15 dfl edge)
11:44:45,536 DEBUG kernel:ACPI: IRQ0 used by override.
11:44:45,536 DEBUG kernel:ACPI: IRQ9 used by override.
11:44:45,536 DEBUG kernel:ACPI: IRQ14 used by override.
11:44:45,536 DEBUG kernel:ACPI: IRQ15 used by override.
11:44:45,536 INFO kernel:Using ACPI (MADT) for SMP configuration information
11:44:45,536 INFO kernel:ACPI: HPET id: 0x8086a701 base: 0xfed00000
11:44:45,536 INFO kernel:smpboot: Allowing 32 CPUs, 30 hotplug CPUs
11:44:45,536 INFO kernel:PM: Registered nosave memory: [mem 0x0009f000-0x0009ffff]
11:44:45,536 INFO kernel:PM: Registered nosave memory: [mem 0x000a0000-0x000dbfff]
11:44:45,536 INFO kernel:PM: Registered nosave memory: [mem 0x000dc000-0x000fffff]
11:44:45,536 INFO kernel:e820: [mem 0x80000000-0xfcffffff] available for PCI devices
11:44:45,536 INFO kernel:Booting paravirtualized kernel on KVM
11:44:45,536 INFO kernel:setup_percpu: NR_CPUS:5120 nr_cpumask_bits:32 nr_cpu_ids:32 nr_node_ids:1
11:44:45,536 INFO kernel:PERCPU: Embedded 33 pages/cpu @ffff88007cc00000 s96728 r8192 d30248 u262144
11:44:45,536 DEBUG kernel:pcpu-alloc: s96728 r8192 d30248 u262144 alloc=1*2097152
11:44:45,536 DEBUG kernel:pcpu-alloc: [0] 00 01 02 03 04 05 06 07 [0] 08 09 10 11 12 13 14 15 
11:44:45,536 DEBUG kernel:pcpu-alloc: [0] 16 17 18 19 20 21 22 23 [0] 24 25 26 27 28 29 30 31 
11:44:45,536 WARNING kernel:Built 1 zonelists in Node order, mobility grouping on.  Total pages: 515957
11:44:45,536 WARNING kernel:Policy zone: DMA32
11:44:45,536 NOTICE kernel:Kernel command line: initrd=initrd.img inst.stage2=hd:LABEL=CentOS\x207\x20x86_64 quiet BOOT_IMAGE=vmlinuz 
11:44:45,536 INFO kernel:PID hash table entries: 4096 (order: 3, 32768 bytes)
11:44:45,536 INFO kernel:x86/fpu: xstate_offset[2]: 0240, xstate_sizes[2]: 0100
11:44:45,536 INFO kernel:xsave: enabled xstate_bv 0x7, cntxt size 0x340 using standard form
11:44:45,537 INFO kernel:Memory: 2000496k/2097072k available (6764k kernel code, 392k absent, 96184k reserved, 4433k data, 1680k init)
11:44:45,537 INFO kernel:SLUB: HWalign=64, Order=0-3, MinObjects=0, CPUs=32, Nodes=1
11:44:45,537 INFO kernel:Hierarchical RCU implementation.
11:44:45,537 INFO kernel:#011RCU restricting CPUs from NR_CPUS=5120 to nr_cpu_ids=32.
11:44:45,537 INFO kernel:NR_IRQS:327936 nr_irqs:680 0
11:44:45,537 INFO kernel:Console: colour VGA+ 80x25
11:44:45,537 INFO kernel:console [tty0] enabled
11:44:45,537 INFO kernel:allocated 8388608 bytes of page_cgroup
11:44:45,537 INFO kernel:please try 'cgroup_disable=memory' option if you don't want memory cgroups
11:44:45,537 DEBUG kernel:hpet clockevent registered
11:44:45,537 INFO kernel:tsc: Detected 2494.226 MHz processor
11:44:45,537 INFO kernel:Calibrating delay loop (skipped) preset value.. 4988.45 BogoMIPS (lpj=2494226)
11:44:45,537 INFO kernel:pid_max: default: 32768 minimum: 301
11:44:45,537 INFO kernel:Security Framework initialized
11:44:45,537 INFO kernel:SELinux:  Initializing.
11:44:45,537 DEBUG kernel:SELinux:  Starting in permissive mode
11:44:45,537 INFO kernel:Dentry cache hash table entries: 262144 (order: 9, 2097152 bytes)
11:44:45,537 INFO kernel:Inode-cache hash table entries: 131072 (order: 8, 1048576 bytes)
11:44:45,537 INFO kernel:Mount-cache hash table entries: 4096
11:44:45,537 INFO kernel:Initializing cgroup subsys memory
11:44:45,537 INFO kernel:Initializing cgroup subsys devices
11:44:45,537 INFO kernel:Initializing cgroup subsys freezer
11:44:45,537 INFO kernel:Initializing cgroup subsys net_cls
11:44:45,537 INFO kernel:Initializing cgroup subsys blkio
11:44:45,537 INFO kernel:Initializing cgroup subsys perf_event
11:44:45,537 INFO kernel:Initializing cgroup subsys hugetlb
11:44:45,537 INFO kernel:Initializing cgroup subsys pids
11:44:45,537 INFO kernel:Initializing cgroup subsys net_prio
11:44:45,537 INFO kernel:Disabled fast string operations
11:44:45,537 INFO kernel:CPU: Physical Processor ID: 0
11:44:45,537 INFO kernel:CPU: Processor Core ID: 0
11:44:45,537 INFO kernel:mce: CPU supports 0 MCE banks
11:44:45,537 INFO kernel:Last level iTLB entries: 4KB 0, 2MB 0, 4MB 0
11:44:45,537 INFO kernel:Last level dTLB entries: 4KB 64, 2MB 0, 4MB 0
11:44:45,537 INFO kernel:tlb_flushall_shift: 6
11:44:45,537 INFO kernel:Freeing SMP alternatives: 28k freed
11:44:45,537 INFO kernel:ACPI: Core revision 20130517
11:44:45,537 WARNING kernel:ACPI: All ACPI Tables successfully acquired
11:44:45,537 INFO kernel:ftrace: allocating 25811 entries in 101 pages
11:44:45,537 INFO kernel:smpboot: Max logical packages: 16
11:44:45,537 INFO kernel:smpboot: APIC(0) Converting physical 0 to logical package 0
11:44:45,537 INFO kernel:Enabling x2apic
11:44:45,537 INFO kernel:Enabled x2apic
11:44:45,537 INFO kernel:Switched APIC routing to physical x2apic.
11:44:45,537 INFO kernel:..TIMER: vector=0x30 apic1=0 pin1=2 apic2=-1 pin2=-1
11:44:45,537 INFO kernel:smpboot: CPU0: Intel(R) Core(TM) i7-4870HQ CPU @ 2.50GHz (fam: 06, model: 46, stepping: 01)
11:44:45,537 DEBUG kernel:TSC deadline timer enabled
11:44:45,537 INFO kernel:Performance Events: unsupported p6 CPU model 70 no PMU driver, software events only.
11:44:45,537 INFO kernel:kvm-clock: cpu 1, msr 0:7d5f6041, secondary cpu clock
11:44:45,537 INFO kernel:Disabled fast string operations
11:44:45,537 INFO kernel:mce: CPU supports 0 MCE banks
11:44:45,537 INFO kernel:smpboot: Booting Node   0, Processors  #1
11:44:45,537 INFO kernel:Brought up 2 CPUs
11:44:45,537 INFO kernel:smpboot: Total of 2 processors activated (9976.90 BogoMIPS)
11:44:45,537 INFO kernel:devtmpfs: initialized
11:44:45,537 INFO kernel:EVM: security.selinux
11:44:45,537 INFO kernel:EVM: security.ima
11:44:45,537 INFO kernel:EVM: security.capability
11:44:45,537 INFO kernel:PM: Registering ACPI NVS region [mem 0x7fffb000-0x7fffffff] (20480 bytes)
11:44:45,537 INFO kernel:atomic64 test passed for x86-64 platform with CX8 and with SSE
11:44:45,538 INFO kernel:pinctrl core: initialized pinctrl subsystem
11:44:45,538 INFO kernel:NET: Registered protocol family 16
11:44:45,538 INFO kernel:ACPI: bus type PCI registered
11:44:45,538 INFO kernel:acpiphp: ACPI Hot Plug PCI Controller Driver version: 0.5
11:44:45,538 INFO kernel:PCI: MMCONFIG for domain 0000 [bus 00-0f] at [mem 0xfc000000-0xfcffffff] (base 0xfc000000)
11:44:45,538 INFO kernel:PCI: not using MMCONFIG
11:44:45,538 INFO kernel:PCI: Using configuration type 1 for base access
11:44:45,538 INFO kernel:ACPI: Added _OSI(Module Device)
11:44:45,538 INFO kernel:ACPI: Added _OSI(Processor Device)
11:44:45,538 INFO kernel:ACPI: Added _OSI(3.0 _SCP Extensions)
11:44:45,538 INFO kernel:ACPI: Added _OSI(Processor Aggregator Device)
11:44:45,538 DEBUG kernel:ACPI: EC: Look up EC in DSDT
11:44:45,538 WARNING kernel:ACPI: Executed 1 blocks of module-level executable AML code
11:44:45,538 DEBUG kernel:\_SB_:_OSC invalid UUID
11:44:45,538 DEBUG kernel:_OSC request data:1 1f 
11:44:45,538 INFO kernel:ACPI: Interpreter enabled
11:44:45,538 INFO kernel:ACPI: (supports S0 S3 S4 S5)
11:44:45,538 INFO kernel:ACPI: Using IOAPIC for interrupt routing
11:44:45,538 INFO kernel:PCI: MMCONFIG for domain 0000 [bus 00-0f] at [mem 0xfc000000-0xfcffffff] (base 0xfc000000)
11:44:45,538 INFO kernel:PCI: MMCONFIG at [mem 0xfc000000-0xfcffffff] reserved in ACPI motherboard resources
11:44:45,538 INFO kernel:PCI: Using host bridge windows from ACPI; if necessary, use "pci=nocrs" and report a bug
11:44:45,538 INFO kernel:ACPI: PCI Root Bridge [PCI0] (domain 0000 [bus 00-7f])
11:44:45,538 INFO kernel:acpi PNP0A08:00: _OSC: OS supports [ExtendedConfig ASPM ClockPM Segments MSI]
11:44:45,538 INFO kernel:acpi PNP0A08:00: _OSC failed (AE_NOT_FOUND); disabling ASPM
11:44:45,538 INFO kernel:acpi PNP0A08:00: ignoring host bridge window [mem 0x000d0000-0x000dffff window] (conflicts with reserved [mem 0x000dc000-0x000fffff])
11:44:45,538 INFO kernel:acpi PNP0A08:00: [Firmware Info]: MMCONFIG for domain 0000 [bus 00-0f] only partially covers this bridge
11:44:45,538 INFO kernel:PCI host bridge to bus 0000:00
11:44:45,538 INFO kernel:pci_bus 0000:00: root bus resource [bus 00-7f]
11:44:45,538 INFO kernel:pci_bus 0000:00: root bus resource [io  0x0000-0x0cf7 window]
11:44:45,538 INFO kernel:pci_bus 0000:00: root bus resource [io  0x0d00-0xffff window]
11:44:45,538 INFO kernel:pci_bus 0000:00: root bus resource [mem 0x000a0000-0x000bffff window]
11:44:45,539 INFO kernel:pci_bus 0000:00: root bus resource [mem 0x000c0000-0x000cffff window]
11:44:45,539 INFO kernel:pci_bus 0000:00: root bus resource [mem 0xb0000000-0xfbffffff window]
11:44:45,539 INFO kernel:pci_bus 0000:00: root bus resource [mem 0xfd000000-0xfd7fffff]
11:44:45,539 DEBUG kernel:pci 0000:00:00.0: [8086:29a0] type 00 class 0x060000
11:44:45,539 DEBUG kernel:pci 0000:00:01.0: [8086:2981] type 01 class 0x060401
11:44:45,539 DEBUG kernel:pci 0000:00:01.0: PME# supported from D0 D3hot D3cold
11:44:45,539 DEBUG kernel:pci 0000:00:03.0: [1ab8:4000] type 00 class 0xff0000
11:44:45,539 DEBUG kernel:pci 0000:00:03.0: reg 0x10: [io  0x8000-0x801f]
11:44:45,539 DEBUG kernel:pci 0000:00:05.0: [1af4:1000] type 00 class 0x020000
11:44:45,539 DEBUG kernel:pci 0000:00:05.0: reg 0x10: [io  0x8200-0x823f]
11:44:45,539 DEBUG kernel:pci 0000:00:05.0: reg 0x14: [mem 0xee000000-0xee000fff]
11:44:45,539 DEBUG kernel:pci 0000:00:0a.0: [1011:0022] type 01 class 0x060400
11:44:45,539 DEBUG kernel:pci 0000:00:0e.0: [1af4:1002] type 00 class 0x050000
11:44:45,539 DEBUG kernel:pci 0000:00:0e.0: reg 0x10: [io  0xb000-0xb01f]
11:44:45,539 DEBUG kernel:pci 0000:00:1d.0: [8086:2658] type 00 class 0x0c0300
11:44:45,540 DEBUG kernel:pci 0000:00:1d.0: reg 0x20: [io  0xb200-0xb21f]
11:44:45,540 DEBUG kernel:pci 0000:00:1d.6: [1033:0194] type 00 class 0x0c0330
11:44:45,540 DEBUG kernel:pci 0000:00:1d.6: reg 0x10: [mem 0xef100000-0xef100fff]
11:44:45,540 DEBUG kernel:pci 0000:00:1d.7: [8086:265c] type 00 class 0x0c0320
11:44:45,540 DEBUG kernel:pci 0000:00:1d.7: reg 0x10: [mem 0xef140000-0xef1403ff]
11:44:45,540 DEBUG kernel:pci 0000:00:1e.0: [8086:244e] type 01 class 0x060400
11:44:45,540 DEBUG kernel:pci 0000:00:1f.0: [8086:2810] type 00 class 0x060100
11:44:45,540 INFO kernel:pci 0000:00:1f.0: can't claim BAR 13 [io  0x4000-0x407f]: address conflict with ACPI CPU throttle [io  0x4010-0x4015]
11:44:45,540 DEBUG kernel:pci 0000:00:1f.1: [8086:244b] type 00 class 0x010180
11:44:45,540 DEBUG kernel:pci 0000:00:1f.1: reg 0x20: [io  0xe000-0xe00f]
11:44:45,540 INFO kernel:pci 0000:00:1f.1: legacy IDE quirk: reg 0x10: [io  0x01f0-0x01f7]
11:44:45,540 INFO kernel:pci 0000:00:1f.1: legacy IDE quirk: reg 0x14: [io  0x03f6]
11:44:45,541 INFO kernel:pci 0000:00:1f.1: legacy IDE quirk: reg 0x18: [io  0x0170-0x0177]
11:44:45,541 INFO kernel:pci 0000:00:1f.1: legacy IDE quirk: reg 0x1c: [io  0x0376]
11:44:45,541 DEBUG kernel:pci 0000:00:1f.2: [8086:2821] type 00 class 0x010601
11:44:45,541 DEBUG kernel:pci 0000:00:1f.2: reg 0x10: [io  0xe200-0xe207]
11:44:45,541 DEBUG kernel:pci 0000:00:1f.2: reg 0x14: [io  0xe400-0xe403]
11:44:45,541 DEBUG kernel:pci 0000:00:1f.2: reg 0x18: [io  0xe600-0xe607]
11:44:45,541 DEBUG kernel:pci 0000:00:1f.2: reg 0x1c: [io  0xe800-0xe803]
11:44:45,541 DEBUG kernel:pci 0000:00:1f.2: reg 0x20: [io  0xea00-0xea0f]
11:44:45,541 DEBUG kernel:pci 0000:00:1f.2: reg 0x24: [mem 0xf0200000-0xf0201fff]
11:44:45,541 DEBUG kernel:pci 0000:00:1f.2: PME# supported from D3hot
11:44:45,541 DEBUG kernel:pci 0000:00:1f.3: [8086:283e] type 00 class 0x0c0500
11:44:45,541 DEBUG kernel:pci 0000:00:1f.3: reg 0x10: [mem 0xf0240000-0xf0240fff]
11:44:45,541 DEBUG kernel:pci 0000:00:1f.3: reg 0x20: [io  0xec00-0xec1f]
11:44:45,542 DEBUG kernel:pci 0000:00:1f.4: [8086:2445] type 00 class 0x040100
11:44:45,542 DEBUG kernel:pci 0000:00:1f.4: reg 0x10: [io  0xee00-0xeeff]
11:44:45,542 DEBUG kernel:pci 0000:00:1f.4: reg 0x14: [io  0xf000-0xf0ff]
11:44:45,542 DEBUG kernel:pci 0000:01:00.0: [1ab8:4005] type 00 class 0x030000
11:44:45,542 DEBUG kernel:pci 0000:01:00.0: reg 0x10: [io  0x6000-0x601f]
11:44:45,542 DEBUG kernel:pci 0000:01:00.0: reg 0x14: [mem 0xb0000000-0xb3ffffff pref]
11:44:45,542 DEBUG kernel:pci 0000:01:00.0: reg 0x30: [mem 0xe2000000-0xe200ffff pref]
11:44:45,542 INFO kernel:pci 0000:00:01.0: PCI bridge to [bus 01] (subtractive decode)
11:44:45,542 DEBUG kernel:pci 0000:00:01.0:   bridge window [io  0x6000-0x7fff]
11:44:45,542 DEBUG kernel:pci 0000:00:01.0:   bridge window [mem 0xe2000000-0xedffffff]
11:44:45,542 DEBUG kernel:pci 0000:00:01.0:   bridge window [mem 0xb0000000-0xdfffffff 64bit pref]
11:44:45,542 DEBUG kernel:pci 0000:00:01.0:   bridge window [io  0x0000-0x0cf7 window] (subtractive decode)
11:44:45,542 DEBUG kernel:pci 0000:00:01.0:   bridge window [io  0x0d00-0xffff window] (subtractive decode)
11:44:45,542 DEBUG kernel:pci 0000:00:01.0:   bridge window [mem 0x000a0000-0x000bffff window] (subtractive decode)
11:44:45,542 DEBUG kernel:pci 0000:00:01.0:   bridge window [mem 0x000c0000-0x000cffff window] (subtractive decode)
11:44:45,543 DEBUG kernel:pci 0000:00:01.0:   bridge window [mem 0xb0000000-0xfbffffff window] (subtractive decode)
11:44:45,543 DEBUG kernel:pci 0000:00:01.0:   bridge window [mem 0xfd000000-0xfd7fffff] (subtractive decode)
11:44:45,543 INFO kernel:pci 0000:00:0a.0: PCI bridge to [bus 02]
11:44:45,543 DEBUG kernel:pci 0000:00:0a.0:   bridge window [io  0x9000-0xafff]
11:44:45,543 DEBUG kernel:pci 0000:00:0a.0:   bridge window [mem 0xee100000-0xef0fffff]
11:44:45,543 DEBUG kernel:pci 0000:00:0a.0:   bridge window [mem 0xe0000000-0xe0ffffff pref]
11:44:45,543 INFO kernel:pci 0000:00:1e.0: PCI bridge to [bus 03] (subtractive decode)
11:44:45,543 DEBUG kernel:pci 0000:00:1e.0:   bridge window [io  0xc000-0xdfff]
11:44:45,543 DEBUG kernel:pci 0000:00:1e.0:   bridge window [mem 0xef200000-0xf01fffff]
11:44:45,543 DEBUG kernel:pci 0000:00:1e.0:   bridge window [mem 0xe1000000-0xe1ffffff 64bit pref]
11:44:45,543 DEBUG kernel:pci 0000:00:1e.0:   bridge window [io  0x0000-0x0cf7 window] (subtractive decode)
11:44:45,543 DEBUG kernel:pci 0000:00:1e.0:   bridge window [io  0x0d00-0xffff window] (subtractive decode)
11:44:45,543 DEBUG kernel:pci 0000:00:1e.0:   bridge window [mem 0x000a0000-0x000bffff window] (subtractive decode)
11:44:45,543 DEBUG kernel:pci 0000:00:1e.0:   bridge window [mem 0x000c0000-0x000cffff window] (subtractive decode)
11:44:45,543 DEBUG kernel:pci 0000:00:1e.0:   bridge window [mem 0xb0000000-0xfbffffff window] (subtractive decode)
11:44:45,543 DEBUG kernel:pci 0000:00:1e.0:   bridge window [mem 0xfd000000-0xfd7fffff] (subtractive decode)
11:44:45,543 WARNING kernel:ACPI Exception: AE_NOT_FOUND, Evaluating _PRS (20130517/pci_link-180)
11:44:45,543 WARNING kernel:ACPI: Enabled 3 GPEs in block 00 to 0F
11:44:45,543 INFO kernel:ACPI: EC: GPE = 0xa, I/O: command/status = 0x66, data = 0x62
11:44:45,543 INFO kernel:vgaarb: device added: PCI:0000:01:00.0,decodes=io+mem,owns=io+mem,locks=none
11:44:45,543 INFO kernel:vgaarb: loaded
11:44:45,543 INFO kernel:vgaarb: bridge control possible 0000:01:00.0
11:44:45,544 NOTICE kernel:SCSI subsystem initialized
11:44:45,544 INFO kernel:ACPI: bus type USB registered
11:44:45,544 INFO kernel:usbcore: registered new interface driver usbfs
11:44:45,544 INFO kernel:usbcore: registered new interface driver hub
11:44:45,544 INFO kernel:usbcore: registered new device driver usb
11:44:45,544 INFO kernel:PCI: Using ACPI for IRQ routing
11:44:45,544 DEBUG kernel:PCI: pci_cache_line_size set to 64 bytes
11:44:45,544 DEBUG kernel:e820: reserve RAM buffer [mem 0x0009fc00-0x0009ffff]
11:44:45,544 DEBUG kernel:e820: reserve RAM buffer [mem 0x7ffec000-0x7fffffff]
11:44:45,544 INFO kernel:NetLabel: Initializing
11:44:45,544 INFO kernel:NetLabel:  domain hash size = 128
11:44:45,544 INFO kernel:NetLabel:  protocols = UNLABELED CIPSOv4
11:44:45,544 INFO kernel:NetLabel:  unlabeled traffic allowed by default
11:44:45,544 INFO kernel:hpet0: at MMIO 0xfed00000, IRQs 2, 8, 0, 0, 0, 0, 0, 0
11:44:45,544 INFO kernel:hpet0: 8 comparators, 64-bit 16.000000 MHz counter
11:44:45,544 INFO kernel:Switched to clocksource kvm-clock
11:44:45,544 INFO kernel:pnp: PnP ACPI init
11:44:45,544 INFO kernel:ACPI: bus type PNP registered
11:44:45,544 DEBUG kernel:pnp 00:00: Plug and Play ACPI device, IDs PNP0303 (active)
11:44:45,544 DEBUG kernel:pnp 00:01: Plug and Play ACPI device, IDs PNP0f03 (active)
11:44:45,544 DEBUG kernel:pnp 00:02: Plug and Play ACPI device, IDs PNP0b00 (active)
11:44:45,544 INFO kernel:system 00:03: [mem 0xff000000-0xffffffff] could not be reserved
11:44:45,544 DEBUG kernel:system 00:03: Plug and Play ACPI device, IDs PNP0c01 (active)
11:44:45,544 INFO kernel:system 00:04: [io  0x04d0-0x04d1] has been reserved
11:44:45,544 INFO kernel:system 00:04: [mem 0xfc000000-0xfcffffff] has been reserved
11:44:45,544 DEBUG kernel:system 00:04: Plug and Play ACPI device, IDs PNP0c02 (active)
11:44:45,544 INFO kernel:pnp: PnP ACPI: found 5 devices
11:44:45,544 INFO kernel:ACPI: bus type PNP unregistered
11:44:45,544 WARNING kernel:pci 0000:00:1f.0: BAR 13: [io  size 0x0080] has bogus alignment
11:44:45,544 INFO kernel:pci 0000:00:01.0: PCI bridge to [bus 01]
11:44:45,545 INFO kernel:pci 0000:00:01.0:   bridge window [io  0x6000-0x7fff]
11:44:45,545 INFO kernel:pci 0000:00:01.0:   bridge window [mem 0xe2000000-0xedffffff]
11:44:45,545 INFO kernel:pci 0000:00:01.0:   bridge window [mem 0xb0000000-0xdfffffff 64bit pref]
11:44:45,545 INFO kernel:pci 0000:00:0a.0: PCI bridge to [bus 02]
11:44:45,545 INFO kernel:pci 0000:00:0a.0:   bridge window [io  0x9000-0xafff]
11:44:45,545 INFO kernel:pci 0000:00:0a.0:   bridge window [mem 0xee100000-0xef0fffff]
11:44:45,545 INFO kernel:pci 0000:00:0a.0:   bridge window [mem 0xe0000000-0xe0ffffff pref]
11:44:45,545 INFO kernel:pci 0000:00:1e.0: PCI bridge to [bus 03]
11:44:45,545 INFO kernel:pci 0000:00:1e.0:   bridge window [io  0xc000-0xdfff]
11:44:45,545 INFO kernel:pci 0000:00:1e.0:   bridge window [mem 0xef200000-0xf01fffff]
11:44:45,545 INFO kernel:pci 0000:00:1e.0:   bridge window [mem 0xe1000000-0xe1ffffff 64bit pref]
11:44:45,545 DEBUG kernel:pci_bus 0000:00: resource 4 [io  0x0000-0x0cf7 window]
11:44:45,545 DEBUG kernel:pci_bus 0000:00: resource 5 [io  0x0d00-0xffff window]
11:44:45,546 DEBUG kernel:pci_bus 0000:00: resource 6 [mem 0x000a0000-0x000bffff window]
11:44:45,546 DEBUG kernel:pci_bus 0000:00: resource 7 [mem 0x000c0000-0x000cffff window]
11:44:45,546 DEBUG kernel:pci_bus 0000:00: resource 8 [mem 0xb0000000-0xfbffffff window]
11:44:45,546 DEBUG kernel:pci_bus 0000:00: resource 9 [mem 0xfd000000-0xfd7fffff]
11:44:45,546 DEBUG kernel:pci_bus 0000:01: resource 0 [io  0x6000-0x7fff]
11:44:45,546 DEBUG kernel:pci_bus 0000:01: resource 1 [mem 0xe2000000-0xedffffff]
11:44:45,546 DEBUG kernel:pci_bus 0000:01: resource 2 [mem 0xb0000000-0xdfffffff 64bit pref]
11:44:45,546 DEBUG kernel:pci_bus 0000:01: resource 4 [io  0x0000-0x0cf7 window]
11:44:45,546 DEBUG kernel:pci_bus 0000:01: resource 5 [io  0x0d00-0xffff window]
11:44:45,546 DEBUG kernel:pci_bus 0000:01: resource 6 [mem 0x000a0000-0x000bffff window]
11:44:45,546 DEBUG kernel:pci_bus 0000:01: resource 7 [mem 0x000c0000-0x000cffff window]
11:44:45,546 DEBUG kernel:pci_bus 0000:01: resource 8 [mem 0xb0000000-0xfbffffff window]
11:44:45,546 DEBUG kernel:pci_bus 0000:01: resource 9 [mem 0xfd000000-0xfd7fffff]
11:44:45,546 DEBUG kernel:pci_bus 0000:02: resource 0 [io  0x9000-0xafff]
11:44:45,547 DEBUG kernel:pci_bus 0000:02: resource 1 [mem 0xee100000-0xef0fffff]
11:44:45,547 DEBUG kernel:pci_bus 0000:02: resource 2 [mem 0xe0000000-0xe0ffffff pref]
11:44:45,547 DEBUG kernel:pci_bus 0000:03: resource 0 [io  0xc000-0xdfff]
11:44:45,547 DEBUG kernel:pci_bus 0000:03: resource 1 [mem 0xef200000-0xf01fffff]
11:44:45,547 DEBUG kernel:pci_bus 0000:03: resource 2 [mem 0xe1000000-0xe1ffffff 64bit pref]
11:44:45,547 DEBUG kernel:pci_bus 0000:03: resource 4 [io  0x0000-0x0cf7 window]
11:44:45,547 DEBUG kernel:pci_bus 0000:03: resource 5 [io  0x0d00-0xffff window]
11:44:45,547 DEBUG kernel:pci_bus 0000:03: resource 6 [mem 0x000a0000-0x000bffff window]
11:44:45,547 DEBUG kernel:pci_bus 0000:03: resource 7 [mem 0x000c0000-0x000cffff window]
11:44:45,547 DEBUG kernel:pci_bus 0000:03: resource 8 [mem 0xb0000000-0xfbffffff window]
11:44:45,547 DEBUG kernel:pci_bus 0000:03: resource 9 [mem 0xfd000000-0xfd7fffff]
11:44:45,547 INFO kernel:NET: Registered protocol family 2
11:44:45,547 INFO kernel:TCP established hash table entries: 16384 (order: 5, 131072 bytes)
11:44:45,547 INFO kernel:TCP bind hash table entries: 16384 (order: 6, 262144 bytes)
11:44:45,547 INFO kernel:TCP: Hash tables configured (established 16384 bind 16384)
11:44:45,547 INFO kernel:TCP: reno registered
11:44:45,547 INFO kernel:UDP hash table entries: 1024 (order: 3, 32768 bytes)
11:44:45,547 INFO kernel:UDP-Lite hash table entries: 1024 (order: 3, 32768 bytes)
11:44:45,547 INFO kernel:NET: Registered protocol family 1
11:44:45,547 DEBUG kernel:pci 0000:01:00.0: Boot video device
11:44:45,547 DEBUG kernel:PCI: CLS 0 bytes, default 64
11:44:45,547 INFO kernel:Unpacking initramfs...
11:44:45,547 INFO kernel:Freeing initrd memory: 42360k freed
11:44:45,547 INFO kernel:RAPL PMU: API unit is 2^-32 Joules, 4 fixed counters, 10737418240 ms ovfl timer
11:44:45,547 INFO kernel:RAPL PMU: hw unit of domain pp0-core 2^-0 Joules
11:44:45,547 INFO kernel:RAPL PMU: hw unit of domain package 2^-0 Joules
11:44:45,547 INFO kernel:RAPL PMU: hw unit of domain dram 2^-0 Joules
11:44:45,547 INFO kernel:RAPL PMU: hw unit of domain pp1-gpu 2^-0 Joules
11:44:45,547 INFO kernel:sha1_ssse3: Using AVX2 optimized SHA-1 implementation
11:44:45,547 INFO kernel:sha256_ssse3: Using AVX2 optimized SHA-256 implementation
11:44:45,547 INFO kernel:futex hash table entries: 8192 (order: 7, 524288 bytes)
11:44:45,547 NOTICE kernel:Initialise system trusted keyring
11:44:45,547 INFO kernel:audit: initializing netlink socket (disabled)
11:44:45,547 NOTICE kernel:type=2000 audit(1502365485.596:1): initialized
11:44:45,547 INFO kernel:HugeTLB registered 2 MB page size, pre-allocated 0 pages
11:44:45,547 INFO kernel:zpool: loaded
11:44:45,547 INFO kernel:zbud: loaded
11:44:45,547 NOTICE kernel:VFS: Disk quotas dquot_6.5.2
11:44:45,547 WARNING kernel:Dquot-cache hash table entries: 512 (order 0, 4096 bytes)
11:44:45,547 INFO kernel:msgmni has been set to 3990
11:44:45,547 NOTICE kernel:Key type big_key registered
11:44:45,547 DEBUG kernel:SELinux:  Registering netfilter hooks
11:44:45,547 INFO kernel:NET: Registered protocol family 38
11:44:45,547 NOTICE kernel:Key type asymmetric registered
11:44:45,547 NOTICE kernel:Asymmetric key parser 'x509' registered
11:44:45,547 INFO kernel:Block layer SCSI generic (bsg) driver version 0.4 loaded (major 251)
11:44:45,547 INFO kernel:io scheduler noop registered
11:44:45,547 INFO kernel:io scheduler deadline registered (default)
11:44:45,547 INFO kernel:io scheduler cfq registered
11:44:45,547 INFO kernel:pci_hotplug: PCI Hot Plug PCI Core version: 0.5
11:44:45,547 INFO kernel:pciehp: PCI Express Hot Plug Controller Driver version: 0.4
11:44:45,547 DEBUG kernel:intel_idle: does not run on family 6 model 70
11:44:45,547 INFO kernel:ACPI: AC Adapter [ADP0] (on-line)
11:44:45,547 INFO kernel:input: Power Button as /devices/LNXSYSTM:00/LNXPWRBN:00/input/input0
11:44:45,547 INFO kernel:ACPI: Power Button [PWRF]
11:44:45,547 INFO kernel:input: Sleep Button as /devices/LNXSYSTM:00/LNXSLPBN:00/input/input1
11:44:45,547 INFO kernel:ACPI: Sleep Button [SLPF]
11:44:45,547 INFO kernel:GHES: HEST is not enabled!
11:44:45,547 INFO kernel:Serial: 8250/16550 driver, 4 ports, IRQ sharing enabled
11:44:45,547 INFO kernel:Non-volatile memory driver v1.3
11:44:45,547 INFO kernel:Linux agpgart interface v0.103
11:44:45,547 INFO kernel:crash memory driver: version 1.1
11:44:45,547 INFO kernel:rdac: device handler registered
11:44:45,547 INFO kernel:hp_sw: device handler registered
11:44:45,547 INFO kernel:emc: device handler registered
11:44:45,547 INFO kernel:alua: device handler registered
11:44:45,547 INFO kernel:libphy: Fixed MDIO Bus: probed
