11:45:05,039 INFO rsyslogd: [origin software="rsyslogd" swVersion="7.4.7" x-pid="1141" x-info="http://www.rsyslog.com"] start
11:44:45,535 INFO journal:Runtime journal is using 8.0M (max allowed 99.8M, trying to leave 149.7M free of 990.3M available â†’ current limit 99.8M).
11:44:45,535 INFO kernel:Initializing cgroup subsys cpuset
11:44:45,535 INFO kernel:Initializing cgroup subsys cpu
11:44:45,535 INFO kernel:Initializing cgroup subsys cpuacct
11:44:45,535 INFO kernel:Command line: initrd=initrd.img inst.stage2=hd:LABEL=CentOS\x207\x20x86_64 quiet BOOT_IMAGE=vmlinuz 
11:44:45,535 INFO kernel:Disabled fast string operations
11:44:45,535 INFO kernel:e820: BIOS-provided physical RAM map:
11:44:45,535 INFO kernel:BIOS-e820: [mem 0x0000000000000000-0x000000000009fbff] usable
11:44:45,535 INFO kernel:BIOS-e820: [mem 0x000000000009fc00-0x000000000009ffff] reserved
11:45:05,044 INFO kernel:[    0.000000] Initializing cgroup subsys cpuset
11:45:05,044 INFO kernel:[    0.000000] Initializing cgroup subsys cpu
11:45:05,044 INFO kernel:[    0.000000] Initializing cgroup subsys cpuacct
11:45:05,044 INFO kernel:[    0.000000] Command line: initrd=initrd.img inst.stage2=hd:LABEL=CentOS\x207\x20x86_64 quiet BOOT_IMAGE=vmlinuz 
11:45:05,044 INFO kernel:[    0.000000] Disabled fast string operations
11:45:05,044 INFO kernel:[    0.000000] e820: BIOS-provided physical RAM map:
11:45:05,044 INFO kernel:[    0.000000] BIOS-e820: [mem 0x0000000000000000-0x000000000009fbff] usable
11:45:05,044 INFO kernel:[    0.000000] BIOS-e820: [mem 0x000000000009fc00-0x000000000009ffff] reserved
11:45:05,044 INFO kernel:[    0.000000] BIOS-e820: [mem 0x00000000000dc000-0x00000000000fffff] reserved
11:45:05,044 INFO kernel:[    0.000000] BIOS-e820: [mem 0x0000000000100000-0x000000007ffebfff] usable
11:45:05,044 INFO kernel:[    0.000000] BIOS-e820: [mem 0x000000007ffec000-0x000000007ffedfff] reserved
11:45:05,044 INFO kernel:[    0.000000] BIOS-e820: [mem 0x000000007ffee000-0x000000007fffafff] ACPI data
11:45:05,044 INFO kernel:[    0.000000] BIOS-e820: [mem 0x000000007fffb000-0x000000007fffffff] ACPI NVS
11:45:05,044 INFO kernel:[    0.000000] BIOS-e820: [mem 0x00000000fd000000-0x00000000fd7fffff] reserved
11:45:05,044 INFO kernel:[    0.000000] BIOS-e820: [mem 0x00000000fec00000-0x00000000fec00fff] reserved
11:45:05,044 INFO kernel:[    0.000000] BIOS-e820: [mem 0x00000000fed00000-0x00000000fed00fff] reserved
11:45:05,044 INFO kernel:[    0.000000] BIOS-e820: [mem 0x00000000fee00000-0x00000000fee00fff] reserved
11:45:05,044 INFO kernel:[    0.000000] BIOS-e820: [mem 0x00000000ffc00000-0x00000000ffffffff] reserved
11:45:05,044 INFO kernel:[    0.000000] NX (Execute Disable) protection: active
11:45:05,044 INFO kernel:[    0.000000] SMBIOS 2.7 present.
11:45:05,044 INFO kernel:[    0.000000] Hypervisor detected: KVM
11:45:05,044 INFO kernel:[    0.000000] e820: last_pfn = 0x7ffec max_arch_pfn = 0x400000000
11:45:05,044 INFO kernel:[    0.000000] x86 PAT enabled: cpu 0, old 0x7040600070406, new 0x7010600070106
11:45:05,044 INFO kernel:[    0.000000] found SMP MP-table at [mem 0x0009fc30-0x0009fc3f] mapped at [ffff88000009fc30]
11:45:05,044 INFO kernel:[    0.000000] RAMDISK: [mem 0x7d66d000-0x7ffcafff]
11:45:05,044 INFO kernel:[    0.000000] No NUMA configuration found
11:45:05,044 INFO kernel:[    0.000000] Faking a node at [mem 0x0000000000000000-0x000000007ffebfff]
11:45:05,044 INFO kernel:[    0.000000] Initmem setup node 0 [mem 0x00000000-0x7ffebfff]
11:45:05,044 INFO kernel:[    0.000000]   NODE_DATA [mem 0x7d646000-0x7d66cfff]
11:45:05,044 INFO kernel:[    0.000000] kvm-clock: Using msrs 4b564d01 and 4b564d00
11:45:05,044 INFO kernel:[    0.000000] kvm-clock: cpu 0, msr 0:7d5f6001, primary cpu clock
11:45:05,044 INFO kernel:[    0.000000] kvm-clock: using sched offset of 29796661007 cycles
11:45:05,044 INFO kernel:[    0.000000] ACPI: PM-Timer IO Port: 0x4008
11:45:05,044 INFO kernel:[    0.000000] ACPI: LAPIC (acpi_id[0x00] lapic_id[0x00] enabled)
11:45:05,044 INFO kernel:[    0.000000] ACPI: LAPIC (acpi_id[0x01] lapic_id[0x01] enabled)
11:45:05,044 INFO kernel:[    0.000000] ACPI: LAPIC (acpi_id[0x02] lapic_id[0x02] disabled)
11:45:05,044 INFO kernel:[    0.000000] ACPI: LAPIC (acpi_id[0x03] lapic_id[0x03] disabled)
11:45:05,044 INFO kernel:[    0.000000] ACPI: LAPIC (acpi_id[0x04] lapic_id[0x04] disabled)
11:45:05,044 INFO kernel:[    0.000000] ACPI: LAPIC (acpi_id[0x05] lapic_id[0x05] disabled)
11:45:05,044 INFO kernel:[    0.000000] ACPI: LAPIC (acpi_id[0x06] lapic_id[0x06] disabled)
11:45:05,044 INFO kernel:[    0.000000] ACPI: LAPIC (acpi_id[0x07] lapic_id[0x07] disabled)
11:45:05,044 INFO kernel:[    0.000000] ACPI: LAPIC (acpi_id[0x08] lapic_id[0x08] disabled)
11:45:05,045 INFO kernel:[    0.000000] ACPI: LAPIC (acpi_id[0x09] lapic_id[0x09] disabled)
11:45:05,045 INFO kernel:[    0.000000] ACPI: LAPIC (acpi_id[0x0a] lapic_id[0x0a] disabled)
11:45:05,045 INFO kernel:[    0.000000] ACPI: LAPIC (acpi_id[0x0b] lapic_id[0x0b] disabled)
11:45:05,045 INFO kernel:[    0.000000] ACPI: LAPIC (acpi_id[0x0c] lapic_id[0x0c] disabled)
11:45:05,045 INFO kernel:[    0.000000] ACPI: LAPIC (acpi_id[0x0d] lapic_id[0x0d] disabled)
11:45:05,045 INFO kernel:[    0.000000] ACPI: LAPIC (acpi_id[0x0e] lapic_id[0x0e] disabled)
11:45:05,045 INFO kernel:[    0.000000] ACPI: LAPIC (acpi_id[0x0f] lapic_id[0x0f] disabled)
11:45:05,045 INFO kernel:[    0.000000] ACPI: LAPIC (acpi_id[0x10] lapic_id[0x10] disabled)
11:45:05,045 INFO kernel:[    0.000000] ACPI: LAPIC (acpi_id[0x11] lapic_id[0x11] disabled)
11:45:05,045 INFO kernel:[    0.000000] ACPI: LAPIC (acpi_id[0x12] lapic_id[0x12] disabled)
11:45:05,045 INFO kernel:[    0.000000] ACPI: LAPIC (acpi_id[0x13] lapic_id[0x13] disabled)
11:45:05,045 INFO kernel:[    0.000000] ACPI: LAPIC (acpi_id[0x14] lapic_id[0x14] disabled)
11:45:05,045 INFO kernel:[    0.000000] ACPI: LAPIC (acpi_id[0x15] lapic_id[0x15] disabled)
11:45:05,045 INFO kernel:[    0.000000] ACPI: LAPIC (acpi_id[0x16] lapic_id[0x16] disabled)
11:45:05,045 INFO kernel:[    0.000000] ACPI: LAPIC (acpi_id[0x17] lapic_id[0x17] disabled)
11:45:05,045 INFO kernel:[    0.000000] ACPI: LAPIC (acpi_id[0x18] lapic_id[0x18] disabled)
11:45:05,045 INFO kernel:[    0.000000] ACPI: LAPIC (acpi_id[0x19] lapic_id[0x19] disabled)
11:45:05,045 INFO kernel:[    0.000000] ACPI: LAPIC (acpi_id[0x1a] lapic_id[0x1a] disabled)
11:45:05,045 INFO kernel:[    0.000000] ACPI: LAPIC (acpi_id[0x1b] lapic_id[0x1b] disabled)
11:45:05,045 INFO kernel:[    0.000000] ACPI: LAPIC (acpi_id[0x1c] lapic_id[0x1c] disabled)
11:45:05,045 INFO kernel:[    0.000000] ACPI: LAPIC (acpi_id[0x1d] lapic_id[0x1d] disabled)
11:45:05,045 INFO kernel:[    0.000000] ACPI: LAPIC (acpi_id[0x1e] lapic_id[0x1e] disabled)
11:45:05,045 INFO kernel:[    0.000000] ACPI: LAPIC (acpi_id[0x1f] lapic_id[0x1f] disabled)
11:45:05,045 INFO kernel:[    0.000000] ACPI: LAPIC_NMI (acpi_id[0x00] high edge lint[0x1])
11:45:05,045 INFO kernel:[    0.000000] ACPI: LAPIC_NMI (acpi_id[0x01] high edge lint[0x1])
11:45:05,045 INFO kernel:[    0.000000] ACPI: LAPIC_NMI (acpi_id[0x02] high edge lint[0x1])
11:45:05,045 INFO kernel:[    0.000000] ACPI: LAPIC_NMI (acpi_id[0x03] high edge lint[0x1])
11:45:05,045 INFO kernel:[    0.000000] ACPI: LAPIC_NMI (acpi_id[0x04] high edge lint[0x1])
11:45:05,045 INFO kernel:[    0.000000] ACPI: LAPIC_NMI (acpi_id[0x05] high edge lint[0x1])
11:45:05,045 INFO kernel:[    0.000000] ACPI: LAPIC_NMI (acpi_id[0x06] high edge lint[0x1])
11:45:05,045 INFO kernel:[    0.000000] ACPI: LAPIC_NMI (acpi_id[0x07] high edge lint[0x1])
11:45:05,045 INFO kernel:[    0.000000] ACPI: LAPIC_NMI (acpi_id[0x08] high edge lint[0x1])
11:45:05,045 INFO kernel:[    0.000000] ACPI: LAPIC_NMI (acpi_id[0x09] high edge lint[0x1])
11:45:05,045 INFO kernel:[    0.000000] ACPI: LAPIC_NMI (acpi_id[0x0a] high edge lint[0x1])
11:45:05,045 INFO kernel:[    0.000000] ACPI: LAPIC_NMI (acpi_id[0x0b] high edge lint[0x1])
11:45:05,045 INFO kernel:[    0.000000] ACPI: LAPIC_NMI (acpi_id[0x0c] high edge lint[0x1])
11:45:05,045 INFO kernel:[    0.000000] ACPI: LAPIC_NMI (acpi_id[0x0d] high edge lint[0x1])
11:45:05,045 INFO kernel:[    0.000000] ACPI: LAPIC_NMI (acpi_id[0x0e] high edge lint[0x1])
11:45:05,045 INFO kernel:[    0.000000] ACPI: LAPIC_NMI (acpi_id[0x0f] high edge lint[0x1])
11:45:05,045 INFO kernel:[    0.000000] ACPI: LAPIC_NMI (acpi_id[0x10] high edge lint[0x1])
11:45:05,045 INFO kernel:[    0.000000] ACPI: LAPIC_NMI (acpi_id[0x11] high edge lint[0x1])
11:45:05,045 INFO kernel:[    0.000000] ACPI: LAPIC_NMI (acpi_id[0x12] high edge lint[0x1])
11:45:05,045 INFO kernel:[    0.000000] ACPI: LAPIC_NMI (acpi_id[0x13] high edge lint[0x1])
11:45:05,045 INFO kernel:[    0.000000] ACPI: LAPIC_NMI (acpi_id[0x14] high edge lint[0x1])
11:45:05,045 INFO kernel:[    0.000000] ACPI: LAPIC_NMI (acpi_id[0x15] high edge lint[0x1])
11:45:05,045 INFO kernel:[    0.000000] ACPI: LAPIC_NMI (acpi_id[0x16] high edge lint[0x1])
11:45:05,045 INFO kernel:[    0.000000] ACPI: LAPIC_NMI (acpi_id[0x17] high edge lint[0x1])
11:45:05,045 INFO kernel:[    0.000000] ACPI: LAPIC_NMI (acpi_id[0x18] high edge lint[0x1])
11:45:05,045 INFO kernel:[    0.000000] ACPI: LAPIC_NMI (acpi_id[0x19] high edge lint[0x1])
11:45:05,045 INFO kernel:[    0.000000] ACPI: LAPIC_NMI (acpi_id[0x1a] high edge lint[0x1])
11:45:05,045 INFO kernel:[    0.000000] ACPI: LAPIC_NMI (acpi_id[0x1b] high edge lint[0x1])
11:45:05,045 INFO kernel:[    0.000000] ACPI: LAPIC_NMI (acpi_id[0x1c] high edge lint[0x1])
11:45:05,045 INFO kernel:[    0.000000] ACPI: LAPIC_NMI (acpi_id[0x1d] high edge lint[0x1])
11:45:05,045 INFO kernel:[    0.000000] ACPI: LAPIC_NMI (acpi_id[0x1e] high edge lint[0x1])
11:45:05,045 INFO kernel:[    0.000000] ACPI: LAPIC_NMI (acpi_id[0x1f] high edge lint[0x1])
11:45:05,045 INFO kernel:[    0.000000] ACPI: IOAPIC (id[0x00] address[0xfec00000] gsi_base[0])
11:45:05,045 INFO kernel:[    0.000000] IOAPIC[0]: apic_id 0, version 2, address 0xfec00000, GSI 0-23
11:45:05,045 INFO kernel:[    0.000000] ACPI: INT_SRC_OVR (bus 0 bus_irq 0 global_irq 2 dfl dfl)
11:45:05,045 INFO kernel:[    0.000000] ACPI: INT_SRC_OVR (bus 0 bus_irq 14 global_irq 14 dfl edge)
11:45:05,045 INFO kernel:[    0.000000] ACPI: INT_SRC_OVR (bus 0 bus_irq 15 global_irq 15 dfl edge)
11:45:05,045 INFO kernel:[    0.000000] Using ACPI (MADT) for SMP configuration information
11:45:05,045 INFO kernel:[    0.000000] ACPI: HPET id: 0x8086a701 base: 0xfed00000
11:45:05,045 INFO kernel:[    0.000000] smpboot: Allowing 32 CPUs, 30 hotplug CPUs
11:45:05,045 INFO kernel:[    0.000000] PM: Registered nosave memory: [mem 0x0009f000-0x0009ffff]
11:45:05,045 INFO kernel:[    0.000000] PM: Registered nosave memory: [mem 0x000a0000-0x000dbfff]
11:45:05,045 INFO kernel:[    0.000000] PM: Registered nosave memory: [mem 0x000dc000-0x000fffff]
11:45:05,045 INFO kernel:[    0.000000] e820: [mem 0x80000000-0xfcffffff] available for PCI devices
11:45:05,045 INFO kernel:[    0.000000] Booting paravirtualized kernel on KVM
11:45:05,045 INFO kernel:[    0.000000] setup_percpu: NR_CPUS:5120 nr_cpumask_bits:32 nr_cpu_ids:32 nr_node_ids:1
11:45:05,045 INFO kernel:[    0.000000] PERCPU: Embedded 33 pages/cpu @ffff88007cc00000 s96728 r8192 d30248 u262144
11:45:05,045 INFO kernel:[    0.000000] PID hash table entries: 4096 (order: 3, 32768 bytes)
11:45:05,045 INFO kernel:[    0.000000] x86/fpu: xstate_offset[2]: 0240, xstate_sizes[2]: 0100
11:45:05,045 INFO kernel:[    0.000000] xsave: enabled xstate_bv 0x7, cntxt size 0x340 using standard form
11:45:05,045 INFO kernel:[    0.000000] Memory: 2000496k/2097072k available (6764k kernel code, 392k absent, 96184k reserved, 4433k data, 1680k init)
11:45:05,045 INFO kernel:[    0.000000] SLUB: HWalign=64, Order=0-3, MinObjects=0, CPUs=32, Nodes=1
11:45:05,045 INFO kernel:[    0.000000] Hierarchical RCU implementation.
11:45:05,045 INFO kernel:[    0.000000] 	RCU restricting CPUs from NR_CPUS=5120 to nr_cpu_ids=32.
11:45:05,045 INFO kernel:[    0.000000] NR_IRQS:327936 nr_irqs:680 0
11:45:05,045 INFO kernel:[    0.000000] Console: colour VGA+ 80x25
11:45:05,045 INFO kernel:[    0.000000] console [tty0] enabled
11:45:05,045 INFO kernel:[    0.000000] allocated 8388608 bytes of page_cgroup
11:45:05,045 INFO kernel:[    0.000000] please try 'cgroup_disable=memory' option if you don't want memory cgroups
11:45:05,045 INFO kernel:[    0.000000] tsc: Detected 2494.226 MHz processor
11:45:05,045 INFO kernel:[    0.000317] Calibrating delay loop (skipped) preset value.. 4988.45 BogoMIPS (lpj=2494226)
11:45:05,045 INFO kernel:[    0.000320] pid_max: default: 32768 minimum: 301
11:45:05,045 INFO kernel:[    0.000329] Security Framework initialized
11:45:05,045 INFO kernel:[    0.000332] SELinux:  Initializing.
11:45:05,045 INFO kernel:[    0.000471] Dentry cache hash table entries: 262144 (order: 9, 2097152 bytes)
11:45:05,045 INFO kernel:[    0.000857] Inode-cache hash table entries: 131072 (order: 8, 1048576 bytes)
11:45:05,045 INFO kernel:[    0.001260] Mount-cache hash table entries: 4096
11:45:05,045 INFO kernel:[    0.001304] Initializing cgroup subsys memory
11:45:05,045 INFO kernel:[    0.001309] Initializing cgroup subsys devices
11:45:05,045 INFO kernel:[    0.001312] Initializing cgroup subsys freezer
11:45:05,045 INFO kernel:[    0.001317] Initializing cgroup subsys net_cls
11:45:05,045 INFO kernel:[    0.001320] Initializing cgroup subsys blkio
11:45:05,045 INFO kernel:[    0.001325] Initializing cgroup subsys perf_event
11:45:05,045 INFO kernel:[    0.001328] Initializing cgroup subsys hugetlb
11:45:05,045 INFO kernel:[    0.001332] Initializing cgroup subsys pids
11:45:05,045 INFO kernel:[    0.001337] Initializing cgroup subsys net_prio
11:45:05,045 INFO kernel:[    0.001345] Disabled fast string operations
11:45:05,045 INFO kernel:[    0.001348] CPU: Physical Processor ID: 0
11:45:05,045 INFO kernel:[    0.001352] CPU: Processor Core ID: 0
11:45:05,045 INFO kernel:[    0.001734] mce: CPU supports 0 MCE banks
11:45:05,045 INFO kernel:[    0.001752] Last level iTLB entries: 4KB 0, 2MB 0, 4MB 0
11:45:05,045 INFO kernel:[    0.001756] Last level dTLB entries: 4KB 64, 2MB 0, 4MB 0
11:45:05,045 INFO kernel:[    0.001760] tlb_flushall_shift: 6
11:45:05,045 INFO kernel:[    0.001770] Freeing SMP alternatives: 28k freed
11:45:05,045 INFO kernel:[    0.002270] ACPI: Core revision 20130517
11:45:05,045 INFO kernel:[    0.002370] ftrace: allocating 25811 entries in 101 pages
11:45:05,045 INFO kernel:[    0.006471] smpboot: Max logical packages: 16
11:45:05,045 INFO kernel:[    0.006475] smpboot: APIC(0) Converting physical 0 to logical package 0
11:45:05,045 INFO kernel:[    0.006491] Enabling x2apic
11:45:05,045 INFO kernel:[    0.006496] Enabled x2apic
11:45:05,045 INFO kernel:[    0.006499] Switched APIC routing to physical x2apic.
11:45:05,045 INFO kernel:[    0.006684] ..TIMER: vector=0x30 apic1=0 pin1=2 apic2=-1 pin2=-1
11:45:05,045 INFO kernel:[    0.006689] smpboot: CPU0: Intel(R) Core(TM) i7-4870HQ CPU @ 2.50GHz (fam: 06, model: 46, stepping: 01)
11:45:05,045 INFO kernel:[    0.006701] Performance Events: unsupported p6 CPU model 70 no PMU driver, software events only.
11:45:05,045 INFO kernel:[    0.267448] kvm-clock: cpu 1, msr 0:7d5f6041, secondary cpu clock
11:45:05,045 INFO kernel:[    0.267630] Disabled fast string operations
11:45:05,045 INFO kernel:[    0.269134] mce: CPU supports 0 MCE banks
11:45:05,045 INFO kernel:[    0.008176] smpboot: Booting Node   0, Processors  #1
11:45:05,045 INFO kernel:[    0.271312] Brought up 2 CPUs
11:45:05,045 INFO kernel:[    0.271317] smpboot: Total of 2 processors activated (9976.90 BogoMIPS)
11:45:05,045 INFO kernel:[    0.273651] devtmpfs: initialized
11:45:05,045 INFO kernel:[    0.276334] EVM: security.selinux
11:45:05,045 INFO kernel:[    0.276339] EVM: security.ima
11:45:05,045 INFO kernel:[    0.276342] EVM: security.capability
11:45:05,045 INFO kernel:[    0.276394] PM: Registering ACPI NVS region [mem 0x7fffb000-0x7fffffff] (20480 bytes)
11:45:05,045 INFO kernel:[    0.276629] atomic64 test passed for x86-64 platform with CX8 and with SSE
11:45:05,045 INFO kernel:[    0.276632] pinctrl core: initialized pinctrl subsystem
11:45:05,045 INFO kernel:[    0.276649] NET: Registered protocol family 16
11:45:05,045 INFO kernel:[    0.276673] ACPI: bus type PCI registered
11:45:05,045 INFO kernel:[    0.276676] acpiphp: ACPI Hot Plug PCI Controller Driver version: 0.5
11:45:05,045 INFO kernel:[    0.276688] PCI: MMCONFIG for domain 0000 [bus 00-0f] at [mem 0xfc000000-0xfcffffff] (base 0xfc000000)
11:45:05,045 INFO kernel:[    0.276693] PCI: not using MMCONFIG
11:45:05,045 INFO kernel:[    0.276696] PCI: Using configuration type 1 for base access
11:45:05,045 INFO kernel:[    0.279608] ACPI: Added _OSI(Module Device)
11:45:05,045 INFO kernel:[    0.279611] ACPI: Added _OSI(Processor Device)
11:45:05,045 INFO kernel:[    0.279616] ACPI: Added _OSI(3.0 _SCP Extensions)
11:45:05,045 INFO kernel:[    0.279621] ACPI: Added _OSI(Processor Aggregator Device)
11:45:05,045 INFO kernel:[    0.284428] ACPI: Interpreter enabled
11:45:05,045 INFO kernel:[    0.284433] ACPI: (supports S0 S3 S4 S5)
11:45:05,045 INFO kernel:[    0.284436] ACPI: Using IOAPIC for interrupt routing
11:45:05,045 INFO kernel:[    0.284441] PCI: MMCONFIG for domain 0000 [bus 00-0f] at [mem 0xfc000000-0xfcffffff] (base 0xfc000000)
11:45:05,045 INFO kernel:[    0.284444] PCI: MMCONFIG at [mem 0xfc000000-0xfcffffff] reserved in ACPI motherboard resources
11:45:05,045 INFO kernel:[    0.284449] PCI: Using host bridge windows from ACPI; if necessary, use "pci=nocrs" and report a bug
11:45:05,045 INFO kernel:[    0.285407] ACPI: PCI Root Bridge [PCI0] (domain 0000 [bus 00-7f])
11:45:05,045 INFO kernel:[    0.285410] acpi PNP0A08:00: _OSC: OS supports [ExtendedConfig ASPM ClockPM Segments MSI]
11:45:05,045 INFO kernel:[    0.285415] acpi PNP0A08:00: _OSC failed (AE_NOT_FOUND); disabling ASPM
11:45:05,045 INFO kernel:[    0.285418] acpi PNP0A08:00: ignoring host bridge window [mem 0x000d0000-0x000dffff window] (conflicts with reserved [mem 0x000dc000-0x000fffff])
11:45:05,045 INFO kernel:[    0.285423] acpi PNP0A08:00: [Firmware Info]: MMCONFIG for domain 0000 [bus 00-0f] only partially covers this bridge
11:45:05,045 INFO kernel:[    0.285434] PCI host bridge to bus 0000:00
11:45:05,045 INFO kernel:[    0.285439] pci_bus 0000:00: root bus resource [bus 00-7f]
11:45:05,045 INFO kernel:[    0.285441] pci_bus 0000:00: root bus resource [io  0x0000-0x0cf7 window]
11:45:05,045 INFO kernel:[    0.285444] pci_bus 0000:00: root bus resource [io  0x0d00-0xffff window]
11:45:05,045 INFO kernel:[    0.285447] pci_bus 0000:00: root bus resource [mem 0x000a0000-0x000bffff window]
11:45:05,045 INFO kernel:[    0.285451] pci_bus 0000:00: root bus resource [mem 0x000c0000-0x000cffff window]
11:45:05,045 INFO kernel:[    0.285452] pci_bus 0000:00: root bus resource [mem 0xb0000000-0xfbffffff window]
11:45:05,045 INFO kernel:[    0.285454] pci_bus 0000:00: root bus resource [mem 0xfd000000-0xfd7fffff]
11:45:05,045 INFO kernel:[    0.286477] pci 0000:00:1f.0: can't claim BAR 13 [io  0x4000-0x407f]: address conflict with ACPI CPU throttle [io  0x4010-0x4015]
11:45:05,045 INFO kernel:[    0.286494] pci 0000:00:1f.1: legacy IDE quirk: reg 0x10: [io  0x01f0-0x01f7]
11:45:05,045 INFO kernel:[    0.286497] pci 0000:00:1f.1: legacy IDE quirk: reg 0x14: [io  0x03f6]
11:45:05,045 INFO kernel:[    0.286501] pci 0000:00:1f.1: legacy IDE quirk: reg 0x18: [io  0x0170-0x0177]
11:45:05,045 INFO kernel:[    0.286503] pci 0000:00:1f.1: legacy IDE quirk: reg 0x1c: [io  0x0376]
11:45:05,045 INFO kernel:[    0.286603] pci 0000:00:01.0: PCI bridge to [bus 01] (subtractive decode)
11:45:05,045 INFO kernel:[    0.286635] pci 0000:00:0a.0: PCI bridge to [bus 02]
11:45:05,045 INFO kernel:[    0.286652] pci 0000:00:1e.0: PCI bridge to [bus 03] (subtractive decode)
11:45:05,045 INFO kernel:[    0.286873] ACPI: EC: GPE = 0xa, I/O: command/status = 0x66, data = 0x62
11:45:05,045 INFO kernel:[    0.286909] vgaarb: device added: PCI:0000:01:00.0,decodes=io+mem,owns=io+mem,locks=none
11:45:05,045 INFO kernel:[    0.286912] vgaarb: loaded
11:45:05,045 INFO kernel:[    0.286916] vgaarb: bridge control possible 0000:01:00.0
11:45:05,045 INFO kernel:[    0.286932] ACPI: bus type USB registered
11:45:05,045 INFO kernel:[    0.286939] usbcore: registered new interface driver usbfs
11:45:05,045 INFO kernel:[    0.286946] usbcore: registered new interface driver hub
11:45:05,045 INFO kernel:[    0.286971] usbcore: registered new device driver usb
11:45:05,045 INFO kernel:[    0.287531] PCI: Using ACPI for IRQ routing
11:45:05,045 INFO kernel:[    0.287640] NetLabel: Initializing
11:45:05,045 INFO kernel:[    0.287643] NetLabel:  domain hash size = 128
11:45:05,045 INFO kernel:[    0.287647] NetLabel:  protocols = UNLABELED CIPSOv4
11:45:05,045 INFO kernel:[    0.287651] NetLabel:  unlabeled traffic allowed by default
11:45:05,045 INFO kernel:[    0.287872] hpet0: at MMIO 0xfed00000, IRQs 2, 8, 0, 0, 0, 0, 0, 0
11:45:05,045 INFO kernel:[    0.287877] hpet0: 8 comparators, 64-bit 16.000000 MHz counter
11:45:05,045 INFO kernel:[    0.289924] Switched to clocksource kvm-clock
11:45:05,045 INFO kernel:[    0.291649] pnp: PnP ACPI init
11:45:05,045 INFO kernel:[    0.291654] ACPI: bus type PNP registered
11:45:05,045 INFO kernel:[    0.291954] system 00:03: [mem 0xff000000-0xffffffff] could not be reserved
11:45:05,045 INFO kernel:[    0.291965] system 00:04: [io  0x04d0-0x04d1] has been reserved
11:45:05,045 INFO kernel:[    0.291970] system 00:04: [mem 0xfc000000-0xfcffffff] has been reserved
11:45:05,045 INFO kernel:[    0.292954] pnp: PnP ACPI: found 5 devices
11:45:05,045 INFO kernel:[    0.292958] ACPI: bus type PNP unregistered
11:45:05,045 INFO kernel:[    0.301606] pci 0000:00:01.0: PCI bridge to [bus 01]
11:45:05,045 INFO kernel:[    0.301611] pci 0000:00:01.0:   bridge window [io  0x6000-0x7fff]
11:45:05,045 INFO kernel:[    0.301645] pci 0000:00:01.0:   bridge window [mem 0xe2000000-0xedffffff]
11:45:05,045 INFO kernel:[    0.301668] pci 0000:00:01.0:   bridge window [mem 0xb0000000-0xdfffffff 64bit pref]
11:45:05,045 INFO kernel:[    0.301712] pci 0000:00:0a.0: PCI bridge to [bus 02]
11:45:05,045 INFO kernel:[    0.301717] pci 0000:00:0a.0:   bridge window [io  0x9000-0xafff]
11:45:05,045 INFO kernel:[    0.301751] pci 0000:00:0a.0:   bridge window [mem 0xee100000-0xef0fffff]
11:45:05,045 INFO kernel:[    0.301774] pci 0000:00:0a.0:   bridge window [mem 0xe0000000-0xe0ffffff pref]
11:45:05,045 INFO kernel:[    0.301818] pci 0000:00:1e.0: PCI bridge to [bus 03]
11:45:05,045 INFO kernel:[    0.301823] pci 0000:00:1e.0:   bridge window [io  0xc000-0xdfff]
11:45:05,045 INFO kernel:[    0.301852] pci 0000:00:1e.0:   bridge window [mem 0xef200000-0xf01fffff]
11:45:05,045 INFO kernel:[    0.301872] pci 0000:00:1e.0:   bridge window [mem 0xe1000000-0xe1ffffff 64bit pref]
11:45:05,045 INFO kernel:[    0.302128] NET: Registered protocol family 2
11:45:05,045 INFO kernel:[    0.302977] TCP established hash table entries: 16384 (order: 5, 131072 bytes)
11:45:05,045 INFO kernel:[    0.302985] TCP bind hash table entries: 16384 (order: 6, 262144 bytes)
11:45:05,045 INFO kernel:[    0.302990] TCP: Hash tables configured (established 16384 bind 16384)
11:45:05,045 INFO kernel:[    0.303954] TCP: reno registered
11:45:05,045 INFO kernel:[    0.303957] UDP hash table entries: 1024 (order: 3, 32768 bytes)
11:45:05,045 INFO kernel:[    0.303965] UDP-Lite hash table entries: 1024 (order: 3, 32768 bytes)
11:45:05,045 INFO kernel:[    0.304965] NET: Registered protocol family 1
11:45:05,045 INFO kernel:[    0.309988] Unpacking initramfs...
11:45:05,045 INFO kernel:[    4.592979] Freeing initrd memory: 42360k freed
11:45:05,045 INFO kernel:[    4.597937] RAPL PMU: API unit is 2^-32 Joules, 4 fixed counters, 10737418240 ms ovfl timer
11:45:05,045 INFO kernel:[    4.597941] RAPL PMU: hw unit of domain pp0-core 2^-0 Joules
11:45:05,045 INFO kernel:[    4.597945] RAPL PMU: hw unit of domain package 2^-0 Joules
11:45:05,045 INFO kernel:[    4.597947] RAPL PMU: hw unit of domain dram 2^-0 Joules
11:45:05,045 INFO kernel:[    4.597949] RAPL PMU: hw unit of domain pp1-gpu 2^-0 Joules
11:45:05,045 INFO kernel:[    4.598315] sha1_ssse3: Using AVX2 optimized SHA-1 implementation
11:45:05,045 INFO kernel:[    4.598425] sha256_ssse3: Using AVX2 optimized SHA-256 implementation
11:45:05,045 INFO kernel:[    4.598737] futex hash table entries: 8192 (order: 7, 524288 bytes)
11:45:05,045 INFO kernel:[    4.598952] audit: initializing netlink socket (disabled)
11:45:05,045 INFO kernel:[    4.617053] HugeTLB registered 2 MB page size, pre-allocated 0 pages
11:45:05,045 INFO kernel:[    4.617459] zpool: loaded
11:45:05,045 INFO kernel:[    4.617465] zbud: loaded
11:45:05,045 INFO kernel:[    4.617633] msgmni has been set to 3990
11:45:05,045 INFO kernel:[    4.618763] NET: Registered protocol family 38
11:45:05,045 INFO kernel:[    4.618789] Block layer SCSI generic (bsg) driver version 0.4 loaded (major 251)
11:45:05,045 INFO kernel:[    4.618867] io scheduler noop registered
11:45:05,045 INFO kernel:[    4.618871] io scheduler deadline registered (default)
11:45:05,045 INFO kernel:[    4.618883] io scheduler cfq registered
11:45:05,045 INFO kernel:[    4.618955] pci_hotplug: PCI Hot Plug PCI Core version: 0.5
11:45:05,045 INFO kernel:[    4.618959] pciehp: PCI Express Hot Plug Controller Driver version: 0.4
11:45:05,045 INFO kernel:[    4.619546] ACPI: AC Adapter [ADP0] (on-line)
11:45:05,045 INFO kernel:[    4.620052] input: Power Button as /devices/LNXSYSTM:00/LNXPWRBN:00/input/input0
11:45:05,045 INFO kernel:[    4.620056] ACPI: Power Button [PWRF]
11:45:05,045 INFO kernel:[    4.620064] input: Sleep Button as /devices/LNXSYSTM:00/LNXSLPBN:00/input/input1
11:45:05,045 INFO kernel:[    4.620068] ACPI: Sleep Button [SLPF]
11:45:05,045 INFO kernel:[    4.620090] GHES: HEST is not enabled!
11:45:05,045 INFO kernel:[    4.620115] Serial: 8250/16550 driver, 4 ports, IRQ sharing enabled
11:45:05,045 INFO kernel:[    4.620583] Non-volatile memory driver v1.3
11:45:05,045 INFO kernel:[    4.620587] Linux agpgart interface v0.103
11:45:05,045 INFO kernel:[    4.620751] crash memory driver: version 1.1
11:45:05,045 INFO kernel:[    4.620805] rdac: device handler registered
11:45:05,045 INFO kernel:[    4.620887] hp_sw: device handler registered
11:45:05,045 INFO kernel:[    4.620891] emc: device handler registered
11:45:05,045 INFO kernel:[    4.620895] alua: device handler registered
11:45:05,045 INFO kernel:[    4.620947] libphy: Fixed MDIO Bus: probed
11:45:05,045 INFO kernel:[    4.620979] ehci_hcd: USB 2.0 'Enhanced' Host Controller (EHCI) Driver
11:45:05,045 INFO kernel:[    4.620991] ehci-pci: EHCI PCI platform driver
11:45:05,045 INFO kernel:[    4.621159] ehci-pci 0000:00:1d.7: EHCI Host Controller
11:45:05,045 INFO kernel:[    4.621983] ehci-pci 0000:00:1d.7: new USB bus registered, assigned bus number 1
11:45:05,045 INFO kernel:[    4.624017] ehci-pci 0000:00:1d.7: irq 19, io mem 0xef140000
11:45:05,045 INFO kernel:[    4.629964] ehci-pci 0000:00:1d.7: USB 2.0 started, EHCI 1.00
11:45:05,045 INFO kernel:[    4.630060] usb usb1: New USB device found, idVendor=1d6b, idProduct=0002
11:45:05,045 INFO kernel:[    4.630064] usb usb1: New USB device strings: Mfr=3, Product=2, SerialNumber=1
11:44:45,535 INFO kernel:BIOS-e820: [mem 0x00000000000dc000-0x00000000000fffff] reserved
11:45:05,046 INFO kernel:[    4.630068] usb usb1: Product: EHCI Host Controller
11:45:05,046 INFO kernel:[    4.630072] usb usb1: Manufacturer: Linux 3.10.0-514.el7.x86_64 ehci_hcd
11:45:05,046 INFO kernel:[    4.630076] usb usb1: SerialNumber: 0000:00:1d.7
11:45:05,046 INFO kernel:[    4.630180] hub 1-0:1.0: USB hub found
11:45:05,046 INFO kernel:[    4.630192] hub 1-0:1.0: 15 ports detected
11:45:05,046 INFO kernel:[    4.630430] ohci_hcd: USB 1.1 'Open' Host Controller (OHCI) Driver
11:44:45,535 INFO kernel:BIOS-e820: [mem 0x0000000000100000-0x000000007ffebfff] usable
11:44:45,535 INFO kernel:BIOS-e820: [mem 0x000000007ffec000-0x000000007ffedfff] reserved
11:45:05,048 INFO kernel:[    4.630434] ohci-pci: OHCI PCI platform driver
11:45:05,048 INFO kernel:[    4.630446] uhci_hcd: USB Universal Host Controller Interface driver
11:45:05,048 INFO kernel:[    4.630522] uhci_hcd 0000:00:1d.0: UHCI Host Controller
11:45:05,048 INFO kernel:[    4.630612] uhci_hcd 0000:00:1d.0: new USB bus registered, assigned bus number 2
11:45:05,048 INFO kernel:[    4.630616] uhci_hcd 0000:00:1d.0: detected 2 ports
11:45:05,048 INFO kernel:[    4.630941] uhci_hcd 0000:00:1d.0: irq 18, io base 0x0000b200
11:45:05,048 INFO kernel:[    4.630973] usb usb2: New USB device found, idVendor=1d6b, idProduct=0001
11:45:05,049 INFO kernel:[    4.630976] usb usb2: New USB device strings: Mfr=3, Product=2, SerialNumber=1
11:45:05,049 INFO kernel:[    4.630978] usb usb2: Product: UHCI Host Controller
11:45:05,049 INFO kernel:[    4.630979] usb usb2: Manufacturer: Linux 3.10.0-514.el7.x86_64 uhci_hcd
11:45:05,049 INFO kernel:[    4.630980] usb usb2: SerialNumber: 0000:00:1d.0
11:45:05,049 INFO kernel:[    4.631155] hub 2-0:1.0: USB hub found
11:45:05,049 INFO kernel:[    4.631167] hub 2-0:1.0: 2 ports detected
11:44:45,535 INFO kernel:BIOS-e820: [mem 0x000000007ffee000-0x000000007fffafff] ACPI data
11:45:05,049 INFO kernel:[    4.631329] xhci_hcd 0000:00:1d.6: xHCI Host Controller
11:45:05,049 INFO kernel:[    4.631989] xhci_hcd 0000:00:1d.6: new USB bus registered, assigned bus number 3
11:45:05,049 INFO kernel:[    4.632191] xhci_hcd 0000:00:1d.6: hcc params 0x01c10000 hci version 0x100 quirks 0x00000014
11:45:05,049 INFO kernel:[    4.632203] ACPI: Battery Slot [BAT0] (battery present)
11:45:05,049 INFO kernel:[    4.638045] usb usb3: New USB device found, idVendor=1d6b, idProduct=0002
11:44:45,535 INFO kernel:BIOS-e820: [mem 0x000000007fffb000-0x000000007fffffff] ACPI NVS
11:45:05,049 INFO kernel:[    4.638049] usb usb3: New USB device strings: Mfr=3, Product=2, SerialNumber=1
11:45:05,049 INFO kernel:[    4.638053] usb usb3: Product: xHCI Host Controller
11:45:05,049 INFO kernel:[    4.638057] usb usb3: Manufacturer: Linux 3.10.0-514.el7.x86_64 xhci-hcd
11:45:05,049 INFO kernel:[    4.638061] usb usb3: SerialNumber: 0000:00:1d.6
11:45:05,049 INFO kernel:[    4.638173] hub 3-0:1.0: USB hub found
11:45:05,049 INFO kernel:[    4.638185] hub 3-0:1.0: 2 ports detected
11:45:05,049 INFO kernel:[    4.638233] xhci_hcd 0000:00:1d.6: xHCI Host Controller
11:44:45,535 INFO kernel:BIOS-e820: [mem 0x00000000fd000000-0x00000000fd7fffff] reserved
11:45:05,049 INFO kernel:[    4.638301] xhci_hcd 0000:00:1d.6: new USB bus registered, assigned bus number 4
11:45:05,049 INFO kernel:[    4.638329] usb usb4: We don't know the algorithms for LPM for this host, disabling LPM.
11:45:05,049 INFO kernel:[    4.638377] usb usb4: New USB device found, idVendor=1d6b, idProduct=0003
11:45:05,049 INFO kernel:[    4.638381] usb usb4: New USB device strings: Mfr=3, Product=2, SerialNumber=1
11:45:05,049 INFO kernel:[    4.638385] usb usb4: Product: xHCI Host Controller
11:45:05,049 INFO kernel:[    4.638389] usb usb4: Manufacturer: Linux 3.10.0-514.el7.x86_64 xhci-hcd
11:44:45,535 INFO kernel:BIOS-e820: [mem 0x00000000fec00000-0x00000000fec00fff] reserved
11:45:05,049 INFO kernel:[    4.638393] usb usb4: SerialNumber: 0000:00:1d.6
11:45:05,049 INFO kernel:[    4.638487] hub 4-0:1.0: USB hub found
11:45:05,049 INFO kernel:[    4.638499] hub 4-0:1.0: 12 ports detected
11:45:05,049 INFO kernel:[    4.638675] usbcore: registered new interface driver usbserial
11:45:05,049 INFO kernel:[    4.638683] usbcore: registered new interface driver usbserial_generic
11:45:05,049 INFO kernel:[    4.638687] usbserial: USB Serial support registered for generic
11:45:05,049 INFO kernel:[    4.638695] i8042: PNP: PS/2 Controller [PNP0303:KBC,PNP0f03:PS2M] at 0x60,0x64 irq 1,12
11:44:45,535 INFO kernel:BIOS-e820: [mem 0x00000000fed00000-0x00000000fed00fff] reserved
11:44:45,535 INFO kernel:BIOS-e820: [mem 0x00000000fee00000-0x00000000fee00fff] reserved
11:45:05,049 INFO kernel:[    4.638958] serio: i8042 KBD port at 0x60,0x64 irq 1
11:45:05,049 INFO kernel:[    4.638964] serio: i8042 AUX port at 0x60,0x64 irq 12
11:45:05,049 INFO kernel:[    4.639035] mousedev: PS/2 mouse device common for all mice
11:45:05,049 INFO kernel:[    4.639435] input: AT Translated Set 2 keyboard as /devices/platform/i8042/serio0/input/input2
11:45:05,049 INFO kernel:[    4.639511] rtc_cmos 00:02: rtc core: registered rtc_cmos as rtc0
11:45:05,049 INFO kernel:[    4.639519] rtc_cmos 00:02: alarms up to one day, y3k, 242 bytes nvram, hpet irqs
11:44:45,535 INFO kernel:BIOS-e820: [mem 0x00000000ffc00000-0x00000000ffffffff] reserved
11:45:05,049 INFO kernel:[    4.639527] cpuidle: using governor menu
11:45:05,049 INFO kernel:[    4.639773] hidraw: raw HID events driver (C) Jiri Kosina
11:45:05,049 INFO kernel:[    4.639991] usbcore: registered new interface driver usbhid
11:45:05,049 INFO kernel:[    4.639994] usbhid: USB HID core driver
11:45:05,049 INFO kernel:[    4.640970] drop_monitor: Initializing network drop monitor service
11:45:05,049 INFO kernel:[    4.641162] TCP: cubic registered
11:45:05,049 INFO kernel:[    4.641178] Initializing XFRM netlink socket
11:45:05,049 INFO kernel:[    4.641318] NET: Registered protocol family 10
11:45:05,049 INFO kernel:[    4.641438] NET: Registered protocol family 17
11:45:05,049 INFO kernel:[    4.641514] microcode: CPU0 sig=0x40661, pf=0x1, revision=0x13
11:45:05,049 INFO kernel:[    4.641520] microcode: CPU1 sig=0x40661, pf=0x1, revision=0x13
11:45:05,049 INFO kernel:[    4.641572] microcode: Microcode Update Driver: v2.01 <tigran@aivazian.fsnet.co.uk>, Peter Oruba
11:45:05,049 INFO kernel:[    4.641953] registered taskstats version 1
11:45:05,049 INFO kernel:[    4.671717] IMA: No TPM chip found, activating TPM-bypass!
11:45:05,049 INFO kernel:[    4.672096] rtc_cmos 00:02: setting system clock to 2017-08-10 11:44:45 UTC (1502365485)
11:45:05,049 INFO kernel:[    4.672653] Freeing unused kernel memory: 1680k freed
11:45:05,050 INFO kernel:[    4.760337] BIOS EDD facility v0.16 2004-Jun-25, 1 devices found
11:45:05,050 INFO kernel:[    4.931957] usb 1-1: new high-speed USB device number 2 using ehci-pci
11:45:05,050 INFO kernel:[    4.948354] squashfs: version 4.0 (2009/01/31) Phillip Lougher
11:45:05,050 INFO kernel:[    4.951241] Loading iSCSI transport class v2.0-870.
11:45:05,050 INFO kernel:[    5.046722] usb 1-1: New USB device found, idVendor=203a, idProduct=fff9
11:45:05,050 INFO kernel:[    5.046725] usb 1-1: New USB device strings: Mfr=1, Product=2, SerialNumber=3
11:45:05,050 INFO kernel:[    5.046727] usb 1-1: Product: FaceTime HD Camera
11:45:05,050 INFO kernel:[    5.046728] usb 1-1: Manufacturer: Parallels
11:45:05,050 INFO kernel:[    5.046728] usb 1-1: SerialNumber: CC25175W1QBG1HNAQ
11:45:05,050 INFO kernel:[    5.473881] input: ImExPS/2 Generic Explorer Mouse as /devices/platform/i8042/serio1/input/input3
11:45:05,050 INFO kernel:[    5.600656] tsc: Refined TSC clocksource calibration: 2494.231 MHz
11:45:05,050 INFO kernel:[    7.986057] floppy0: no floppy controllers found
11:45:05,050 INFO kernel:[    7.994776] No iBFT detected.
11:45:05,050 INFO kernel:[    7.996348] md: raid0 personality registered for level 0
11:45:05,050 INFO kernel:[    7.998167] md: raid1 personality registered for level 1
11:45:05,050 INFO kernel:[    7.999742] async_tx: api initialized (async)
11:45:05,050 INFO kernel:[    8.000373] xor: automatically using best checksumming function:
11:45:05,050 INFO kernel:[    8.010022]    avx       : 36528.000 MB/sec
11:45:05,050 INFO kernel:[    8.117202] md: raid6 personality registered for level 6
11:45:05,050 INFO kernel:[    8.117204] md: raid5 personality registered for level 5
11:45:05,050 INFO kernel:[    8.117205] md: raid4 personality registered for level 4
11:45:05,050 INFO kernel:[    8.121375] md: raid10 personality registered for level 10
11:45:05,050 INFO kernel:[    8.122895] md: linear personality registered for level -1
11:45:05,050 INFO kernel:[    8.126254] device-mapper: uevent: version 1.0.3
11:45:05,050 INFO kernel:[    8.126369] device-mapper: ioctl: 4.34.0-ioctl (2015-10-28) initialised: dm-devel@redhat.com
11:45:05,050 INFO kernel:[    8.137734] device-mapper: multipath: version 1.11.0 loaded
11:45:05,050 INFO kernel:[    8.139688] device-mapper: multipath round-robin: version 1.1.0 loaded
11:45:05,050 INFO kernel:[    8.157226] RPC: Registered named UNIX socket transport module.
11:45:05,050 INFO kernel:[    8.157228] RPC: Registered udp transport module.
11:45:05,050 INFO kernel:[    8.157229] RPC: Registered tcp transport module.
11:45:05,050 INFO kernel:[    8.157229] RPC: Registered tcp NFSv4.1 backchannel transport module.
11:45:05,050 INFO kernel:[    8.326158] FUJITSU Extended Socket Network Device Driver - version 1.1 - Copyright (c) 2015 FUJITSU LIMITED
11:45:05,050 INFO kernel:[    8.332509] virtio-pci 0000:00:05.0: enabling device (0000 -> 0003)
11:45:05,050 INFO kernel:[    8.332777] virtio-pci 0000:00:05.0: virtio_pci: leaving for legacy driver
11:45:05,050 INFO kernel:[    8.333909] virtio-pci 0000:00:0e.0: enabling device (0000 -> 0001)
11:45:05,050 INFO kernel:[    8.335128] virtio-pci 0000:00:0e.0: virtio_pci: leaving for legacy driver
11:45:05,050 INFO kernel:[    8.358744] ahci 0000:00:1f.2: SSS flag set, parallel bus scan disabled
11:45:05,050 INFO kernel:[    8.358825] ahci 0000:00:1f.2: AHCI 0001.0100 32 slots 6 ports 3 Gbps 0x3f impl SATA mode
11:45:05,050 INFO kernel:[    8.358827] ahci 0000:00:1f.2: flags: 64bit ncq stag pm led only slum part 
11:45:05,050 INFO kernel:[    8.366725] scsi host0: ahci
11:45:05,050 INFO kernel:[    8.370594] AES CTR mode by8 optimization enabled
11:45:05,050 INFO kernel:[    8.380208] scsi host1: ahci
11:45:05,050 INFO kernel:[    8.380256] scsi host2: ahci
11:45:05,050 INFO kernel:[    8.380288] scsi host3: ahci
11:45:05,050 INFO kernel:[    8.380314] scsi host4: ahci
11:45:05,050 INFO kernel:[    8.380341] scsi host5: ahci
11:45:05,050 INFO kernel:[    8.380358] ata1: SATA max UDMA/133 abar m8192@0xf0200000 port 0xf0200100 irq 25
11:45:05,050 INFO kernel:[    8.380359] ata2: SATA max UDMA/133 abar m8192@0xf0200000 port 0xf0200180 irq 25
11:45:05,050 INFO kernel:[    8.380359] ata3: SATA max UDMA/133 abar m8192@0xf0200000 port 0xf0200200 irq 25
11:45:05,050 INFO kernel:[    8.380360] ata4: SATA max UDMA/133 abar m8192@0xf0200000 port 0xf0200280 irq 25
11:45:05,050 INFO kernel:[    8.380361] ata5: SATA max UDMA/133 abar m8192@0xf0200000 port 0xf0200300 irq 25
11:45:05,050 INFO kernel:[    8.380361] ata6: SATA max UDMA/133 abar m8192@0xf0200000 port 0xf0200380 irq 25
11:45:05,050 INFO kernel:[    8.382146] scsi host6: ata_piix
11:45:05,050 INFO kernel:[    8.382188] scsi host7: ata_piix
11:45:05,050 INFO kernel:[    8.382204] ata7: PATA max UDMA/100 cmd 0x1f0 ctl 0x3f6 bmdma 0xe000 irq 14
11:45:05,050 INFO kernel:[    8.382205] ata8: PATA max UDMA/100 cmd 0x170 ctl 0x376 bmdma 0xe008 irq 15
11:45:05,050 INFO kernel:[    8.397048] 8021q: 802.1Q VLAN Support v1.8
11:45:05,050 INFO kernel:[    8.415507] alg: No test for __gcm-aes-aesni (__driver-gcm-aes-aesni)
11:45:05,050 INFO kernel:[    8.420285] alg: No test for crc32 (crc32-pclmul)
11:45:05,050 INFO kernel:[    8.685280] ata1: SATA link up 1.5 Gbps (SStatus 113 SControl 300)
11:45:05,050 INFO kernel:[    8.685380] ata1.00: ATA-8: CentOS Linux 7-0 SSD, F.ZDSG90, max UDMA/100
11:45:05,050 INFO kernel:[    8.685382] ata1.00: 134217728 sectors, multi 0: LBA48 NCQ (depth 31/32)
11:45:05,050 INFO kernel:[    8.685466] ata1.00: configured for UDMA/100
11:45:05,050 INFO kernel:[    8.999646] ata2: SATA link up 1.5 Gbps (SStatus 113 SControl 300)
11:45:05,050 INFO kernel:[    8.999734] ata2.00: ATAPI: Virtual DVD-ROM [1], FWR1, max UDMA/25
11:45:05,050 INFO kernel:[    8.999876] ata2.00: configured for UDMA/25
11:45:05,050 INFO kernel:[    9.315107] ata3: SATA link down (SStatus 0 SControl 300)
11:45:05,050 INFO kernel:[    9.620345] ata4: SATA link down (SStatus 0 SControl 300)
11:45:05,050 INFO kernel:[    9.925674] ata5: SATA link down (SStatus 0 SControl 300)
11:45:05,050 INFO kernel:[   10.231249] ata6: SATA link down (SStatus 0 SControl 300)
11:45:05,050 INFO kernel:[   10.241656] sr 1:0:0:0: [sr0] scsi3-mmc drive: 44x/44x cd/rw xa/form2 cdda tray
11:45:05,050 INFO kernel:[   10.241659] cdrom: Uniform CD-ROM driver Revision: 3.20
11:45:05,050 INFO kernel:[   11.346552] floppy0: no floppy controllers found
11:45:05,050 INFO kernel:[   11.563387] loop: module loaded
11:45:05,050 INFO kernel:[   11.718917] EXT4-fs (dm-0): mounted filesystem with ordered data mode. Opts: (null)
11:45:05,050 INFO kernel:[   14.959512] ACPI: If an ACPI driver is available for this device, you should use it instead of the native driver
11:45:05,050 INFO kernel:[   15.085775] shpchp: Standard Hot Plug PCI Controller Driver version: 0.4
11:45:05,050 INFO kernel:[   15.859831] input: PC Speaker as /devices/platform/pcspkr/input/input4
11:45:05,050 INFO kernel:[   15.904156] i801_smbus 0000:00:1f.3: Enabling SMBus device
11:45:05,050 INFO kernel:[   15.904174] i801_smbus 0000:00:1f.3: SMBus using polling
11:45:05,050 INFO kernel:[   16.037496] gpio_ich: GPIO from 206 to 255 on gpio_ich
11:45:05,050 INFO kernel:[   18.706088] floppy0: no floppy controllers found
11:45:05,050 INFO kernel:[   20.218188] zram: Added device: zram0
11:45:05,050 INFO kernel:[   20.220255] zram: Added device: zram1
11:45:05,050 INFO kernel:[   20.264902] zram0: detected capacity change from 0 to 1046818816
11:45:05,050 INFO kernel:[   20.265539] zram1: detected capacity change from 0 to 1046818816
11:45:05,050 INFO kernel:[   20.369763] Adding 1022280k swap on /dev/zram0.  Priority:100 extents:1 across:1022280k SSFS
11:45:05,050 INFO kernel:[   20.371047] Adding 1022280k swap on /dev/zram1.  Priority:100 extents:1 across:1022280k SSFS
11:45:05,050 INFO kernel:[   23.743827] Ebtables v2.0 registered
11:45:05,050 INFO kernel:[   23.846136] bridge: automatic filtering via arp/ip/ip6tables has been deprecated. Update your scripts to load br_netfilter if you need this.
11:44:45,535 INFO kernel:NX (Execute Disable) protection: active
11:44:45,535 INFO kernel:SMBIOS 2.7 present.
11:44:45,535 INFO kernel:Hypervisor detected: KVM
11:44:45,535 INFO kernel:e820: last_pfn = 0x7ffec max_arch_pfn = 0x400000000
11:44:45,536 INFO kernel:x86 PAT enabled: cpu 0, old 0x7040600070406, new 0x7010600070106
11:44:45,536 INFO kernel:found SMP MP-table at [mem 0x0009fc30-0x0009fc3f] mapped at [ffff88000009fc30]
11:44:45,536 INFO kernel:RAMDISK: [mem 0x7d66d000-0x7ffcafff]
11:44:45,536 INFO kernel:No NUMA configuration found
11:44:45,536 INFO kernel:Faking a node at [mem 0x0000000000000000-0x000000007ffebfff]
11:44:45,536 INFO kernel:Initmem setup node 0 [mem 0x00000000-0x7ffebfff]
11:44:45,536 INFO kernel:  NODE_DATA [mem 0x7d646000-0x7d66cfff]
11:44:45,536 INFO kernel:kvm-clock: Using msrs 4b564d01 and 4b564d00
11:44:45,536 INFO kernel:kvm-clock: cpu 0, msr 0:7d5f6001, primary cpu clock
11:44:45,536 INFO kernel:kvm-clock: using sched offset of 29796661007 cycles
11:44:45,536 INFO kernel:ACPI: PM-Timer IO Port: 0x4008
11:44:45,536 INFO kernel:ACPI: LAPIC (acpi_id[0x00] lapic_id[0x00] enabled)
11:44:45,536 INFO kernel:ACPI: LAPIC (acpi_id[0x01] lapic_id[0x01] enabled)
11:44:45,536 INFO kernel:ACPI: LAPIC (acpi_id[0x02] lapic_id[0x02] disabled)
11:44:45,536 INFO kernel:ACPI: LAPIC (acpi_id[0x03] lapic_id[0x03] disabled)
11:44:45,536 INFO kernel:ACPI: LAPIC (acpi_id[0x04] lapic_id[0x04] disabled)
11:44:45,536 INFO kernel:ACPI: LAPIC (acpi_id[0x05] lapic_id[0x05] disabled)
11:44:45,536 INFO kernel:ACPI: LAPIC (acpi_id[0x06] lapic_id[0x06] disabled)
11:44:45,536 INFO kernel:ACPI: LAPIC (acpi_id[0x07] lapic_id[0x07] disabled)
11:44:45,536 INFO kernel:ACPI: LAPIC (acpi_id[0x08] lapic_id[0x08] disabled)
11:44:45,536 INFO kernel:ACPI: LAPIC (acpi_id[0x09] lapic_id[0x09] disabled)
11:44:45,536 INFO kernel:ACPI: LAPIC (acpi_id[0x0a] lapic_id[0x0a] disabled)
11:44:45,536 INFO kernel:ACPI: LAPIC (acpi_id[0x0b] lapic_id[0x0b] disabled)
11:44:45,536 INFO kernel:ACPI: LAPIC (acpi_id[0x0c] lapic_id[0x0c] disabled)
11:44:45,536 INFO kernel:ACPI: LAPIC (acpi_id[0x0d] lapic_id[0x0d] disabled)
11:44:45,536 INFO kernel:ACPI: LAPIC (acpi_id[0x0e] lapic_id[0x0e] disabled)
11:44:45,536 INFO kernel:ACPI: LAPIC (acpi_id[0x0f] lapic_id[0x0f] disabled)
11:44:45,536 INFO kernel:ACPI: LAPIC (acpi_id[0x10] lapic_id[0x10] disabled)
11:44:45,536 INFO kernel:ACPI: LAPIC (acpi_id[0x11] lapic_id[0x11] disabled)
11:44:45,536 INFO kernel:ACPI: LAPIC (acpi_id[0x12] lapic_id[0x12] disabled)
11:44:45,536 INFO kernel:ACPI: LAPIC (acpi_id[0x13] lapic_id[0x13] disabled)
11:44:45,536 INFO kernel:ACPI: LAPIC (acpi_id[0x14] lapic_id[0x14] disabled)
11:44:45,536 INFO kernel:ACPI: LAPIC (acpi_id[0x15] lapic_id[0x15] disabled)
11:44:45,536 INFO kernel:ACPI: LAPIC (acpi_id[0x16] lapic_id[0x16] disabled)
11:44:45,536 INFO kernel:ACPI: LAPIC (acpi_id[0x17] lapic_id[0x17] disabled)
11:44:45,536 INFO kernel:ACPI: LAPIC (acpi_id[0x18] lapic_id[0x18] disabled)
11:44:45,536 INFO kernel:ACPI: LAPIC (acpi_id[0x19] lapic_id[0x19] disabled)
11:44:45,536 INFO kernel:ACPI: LAPIC (acpi_id[0x1a] lapic_id[0x1a] disabled)
11:44:45,536 INFO kernel:ACPI: LAPIC (acpi_id[0x1b] lapic_id[0x1b] disabled)
11:44:45,536 INFO kernel:ACPI: LAPIC (acpi_id[0x1c] lapic_id[0x1c] disabled)
11:44:45,536 INFO kernel:ACPI: LAPIC (acpi_id[0x1d] lapic_id[0x1d] disabled)
11:44:45,536 INFO kernel:ACPI: LAPIC (acpi_id[0x1e] lapic_id[0x1e] disabled)
11:44:45,536 INFO kernel:ACPI: LAPIC (acpi_id[0x1f] lapic_id[0x1f] disabled)
11:44:45,536 INFO kernel:ACPI: LAPIC_NMI (acpi_id[0x00] high edge lint[0x1])
11:44:45,536 INFO kernel:ACPI: LAPIC_NMI (acpi_id[0x01] high edge lint[0x1])
11:44:45,536 INFO kernel:ACPI: LAPIC_NMI (acpi_id[0x02] high edge lint[0x1])
11:44:45,536 INFO kernel:ACPI: LAPIC_NMI (acpi_id[0x03] high edge lint[0x1])
11:44:45,536 INFO kernel:ACPI: LAPIC_NMI (acpi_id[0x04] high edge lint[0x1])
11:44:45,536 INFO kernel:ACPI: LAPIC_NMI (acpi_id[0x05] high edge lint[0x1])
11:44:45,536 INFO kernel:ACPI: LAPIC_NMI (acpi_id[0x06] high edge lint[0x1])
11:44:45,536 INFO kernel:ACPI: LAPIC_NMI (acpi_id[0x07] high edge lint[0x1])
11:44:45,536 INFO kernel:ACPI: LAPIC_NMI (acpi_id[0x08] high edge lint[0x1])
11:44:45,536 INFO kernel:ACPI: LAPIC_NMI (acpi_id[0x09] high edge lint[0x1])
11:44:45,536 INFO kernel:ACPI: LAPIC_NMI (acpi_id[0x0a] high edge lint[0x1])
11:44:45,536 INFO kernel:ACPI: LAPIC_NMI (acpi_id[0x0b] high edge lint[0x1])
11:44:45,536 INFO kernel:ACPI: LAPIC_NMI (acpi_id[0x0c] high edge lint[0x1])
11:44:45,536 INFO kernel:ACPI: LAPIC_NMI (acpi_id[0x0d] high edge lint[0x1])
11:44:45,536 INFO kernel:ACPI: LAPIC_NMI (acpi_id[0x0e] high edge lint[0x1])
11:44:45,536 INFO kernel:ACPI: LAPIC_NMI (acpi_id[0x0f] high edge lint[0x1])
11:44:45,536 INFO kernel:ACPI: LAPIC_NMI (acpi_id[0x10] high edge lint[0x1])
11:44:45,536 INFO kernel:ACPI: LAPIC_NMI (acpi_id[0x11] high edge lint[0x1])
11:44:45,536 INFO kernel:ACPI: LAPIC_NMI (acpi_id[0x12] high edge lint[0x1])
11:44:45,536 INFO kernel:ACPI: LAPIC_NMI (acpi_id[0x13] high edge lint[0x1])
11:44:45,536 INFO kernel:ACPI: LAPIC_NMI (acpi_id[0x14] high edge lint[0x1])
11:44:45,536 INFO kernel:ACPI: LAPIC_NMI (acpi_id[0x15] high edge lint[0x1])
11:44:45,536 INFO kernel:ACPI: LAPIC_NMI (acpi_id[0x16] high edge lint[0x1])
11:44:45,536 INFO kernel:ACPI: LAPIC_NMI (acpi_id[0x17] high edge lint[0x1])
11:44:45,536 INFO kernel:ACPI: LAPIC_NMI (acpi_id[0x18] high edge lint[0x1])
11:44:45,536 INFO kernel:ACPI: LAPIC_NMI (acpi_id[0x19] high edge lint[0x1])
11:44:45,536 INFO kernel:ACPI: LAPIC_NMI (acpi_id[0x1a] high edge lint[0x1])
11:44:45,536 INFO kernel:ACPI: LAPIC_NMI (acpi_id[0x1b] high edge lint[0x1])
11:44:45,536 INFO kernel:ACPI: LAPIC_NMI (acpi_id[0x1c] high edge lint[0x1])
11:44:45,536 INFO kernel:ACPI: LAPIC_NMI (acpi_id[0x1d] high edge lint[0x1])
11:44:45,536 INFO kernel:ACPI: LAPIC_NMI (acpi_id[0x1e] high edge lint[0x1])
11:44:45,536 INFO kernel:ACPI: LAPIC_NMI (acpi_id[0x1f] high edge lint[0x1])
11:44:45,536 INFO kernel:ACPI: IOAPIC (id[0x00] address[0xfec00000] gsi_base[0])
11:44:45,536 INFO kernel:IOAPIC[0]: apic_id 0, version 2, address 0xfec00000, GSI 0-23
11:44:45,536 INFO kernel:ACPI: INT_SRC_OVR (bus 0 bus_irq 0 global_irq 2 dfl dfl)
11:44:45,536 INFO kernel:ACPI: INT_SRC_OVR (bus 0 bus_irq 14 global_irq 14 dfl edge)
11:44:45,536 INFO kernel:ACPI: INT_SRC_OVR (bus 0 bus_irq 15 global_irq 15 dfl edge)
11:44:45,536 INFO kernel:Using ACPI (MADT) for SMP configuration information
11:44:45,536 INFO kernel:ACPI: HPET id: 0x8086a701 base: 0xfed00000
11:44:45,536 INFO kernel:smpboot: Allowing 32 CPUs, 30 hotplug CPUs
11:44:45,536 INFO kernel:PM: Registered nosave memory: [mem 0x0009f000-0x0009ffff]
11:44:45,536 INFO kernel:PM: Registered nosave memory: [mem 0x000a0000-0x000dbfff]
11:44:45,536 INFO kernel:PM: Registered nosave memory: [mem 0x000dc000-0x000fffff]
11:44:45,536 INFO kernel:e820: [mem 0x80000000-0xfcffffff] available for PCI devices
11:44:45,536 INFO kernel:Booting paravirtualized kernel on KVM
11:44:45,536 INFO kernel:setup_percpu: NR_CPUS:5120 nr_cpumask_bits:32 nr_cpu_ids:32 nr_node_ids:1
11:44:45,536 INFO kernel:PERCPU: Embedded 33 pages/cpu @ffff88007cc00000 s96728 r8192 d30248 u262144
11:44:45,536 INFO kernel:PID hash table entries: 4096 (order: 3, 32768 bytes)
11:44:45,536 INFO kernel:x86/fpu: xstate_offset[2]: 0240, xstate_sizes[2]: 0100
11:44:45,536 INFO kernel:xsave: enabled xstate_bv 0x7, cntxt size 0x340 using standard form
11:44:45,537 INFO kernel:Memory: 2000496k/2097072k available (6764k kernel code, 392k absent, 96184k reserved, 4433k data, 1680k init)
11:44:45,537 INFO kernel:SLUB: HWalign=64, Order=0-3, MinObjects=0, CPUs=32, Nodes=1
11:44:45,537 INFO kernel:Hierarchical RCU implementation.
11:44:45,537 INFO kernel:#011RCU restricting CPUs from NR_CPUS=5120 to nr_cpu_ids=32.
11:44:45,537 INFO kernel:NR_IRQS:327936 nr_irqs:680 0
11:44:45,537 INFO kernel:Console: colour VGA+ 80x25
11:44:45,537 INFO kernel:console [tty0] enabled
11:44:45,537 INFO kernel:allocated 8388608 bytes of page_cgroup
11:44:45,537 INFO kernel:please try 'cgroup_disable=memory' option if you don't want memory cgroups
11:44:45,537 INFO kernel:tsc: Detected 2494.226 MHz processor
11:44:45,537 INFO kernel:Calibrating delay loop (skipped) preset value.. 4988.45 BogoMIPS (lpj=2494226)
11:44:45,537 INFO kernel:pid_max: default: 32768 minimum: 301
11:44:45,537 INFO kernel:Security Framework initialized
11:44:45,537 INFO kernel:SELinux:  Initializing.
11:44:45,537 INFO kernel:Dentry cache hash table entries: 262144 (order: 9, 2097152 bytes)
11:44:45,537 INFO kernel:Inode-cache hash table entries: 131072 (order: 8, 1048576 bytes)
11:44:45,537 INFO kernel:Mount-cache hash table entries: 4096
11:44:45,537 INFO kernel:Initializing cgroup subsys memory
11:44:45,537 INFO kernel:Initializing cgroup subsys devices
11:44:45,537 INFO kernel:Initializing cgroup subsys freezer
11:44:45,537 INFO kernel:Initializing cgroup subsys net_cls
11:44:45,537 INFO kernel:Initializing cgroup subsys blkio
11:44:45,537 INFO kernel:Initializing cgroup subsys perf_event
11:44:45,537 INFO kernel:Initializing cgroup subsys hugetlb
11:44:45,537 INFO kernel:Initializing cgroup subsys pids
11:44:45,537 INFO kernel:Initializing cgroup subsys net_prio
11:44:45,537 INFO kernel:Disabled fast string operations
11:44:45,537 INFO kernel:CPU: Physical Processor ID: 0
11:44:45,537 INFO kernel:CPU: Processor Core ID: 0
11:44:45,537 INFO kernel:mce: CPU supports 0 MCE banks
11:44:45,537 INFO kernel:Last level iTLB entries: 4KB 0, 2MB 0, 4MB 0
11:44:45,537 INFO kernel:Last level dTLB entries: 4KB 64, 2MB 0, 4MB 0
11:44:45,537 INFO kernel:tlb_flushall_shift: 6
11:44:45,537 INFO kernel:Freeing SMP alternatives: 28k freed
11:44:45,537 INFO kernel:ACPI: Core revision 20130517
11:44:45,537 INFO kernel:ftrace: allocating 25811 entries in 101 pages
11:44:45,537 INFO kernel:smpboot: Max logical packages: 16
11:44:45,537 INFO kernel:smpboot: APIC(0) Converting physical 0 to logical package 0
11:44:45,537 INFO kernel:Enabling x2apic
11:44:45,537 INFO kernel:Enabled x2apic
11:44:45,537 INFO kernel:Switched APIC routing to physical x2apic.
11:44:45,537 INFO kernel:..TIMER: vector=0x30 apic1=0 pin1=2 apic2=-1 pin2=-1
11:44:45,537 INFO kernel:smpboot: CPU0: Intel(R) Core(TM) i7-4870HQ CPU @ 2.50GHz (fam: 06, model: 46, stepping: 01)
11:44:45,537 INFO kernel:Performance Events: unsupported p6 CPU model 70 no PMU driver, software events only.
11:44:45,537 INFO kernel:kvm-clock: cpu 1, msr 0:7d5f6041, secondary cpu clock
11:44:45,537 INFO kernel:Disabled fast string operations
11:44:45,537 INFO kernel:mce: CPU supports 0 MCE banks
11:44:45,537 INFO kernel:smpboot: Booting Node   0, Processors  #1
11:44:45,537 INFO kernel:Brought up 2 CPUs
11:44:45,537 INFO kernel:smpboot: Total of 2 processors activated (9976.90 BogoMIPS)
11:44:45,537 INFO kernel:devtmpfs: initialized
11:44:45,537 INFO kernel:EVM: security.selinux
11:44:45,537 INFO kernel:EVM: security.ima
11:44:45,537 INFO kernel:EVM: security.capability
11:44:45,537 INFO kernel:PM: Registering ACPI NVS region [mem 0x7fffb000-0x7fffffff] (20480 bytes)
11:44:45,537 INFO kernel:atomic64 test passed for x86-64 platform with CX8 and with SSE
11:44:45,538 INFO kernel:pinctrl core: initialized pinctrl subsystem
11:44:45,538 INFO kernel:NET: Registered protocol family 16
11:44:45,538 INFO kernel:ACPI: bus type PCI registered
11:44:45,538 INFO kernel:acpiphp: ACPI Hot Plug PCI Controller Driver version: 0.5
11:44:45,538 INFO kernel:PCI: MMCONFIG for domain 0000 [bus 00-0f] at [mem 0xfc000000-0xfcffffff] (base 0xfc000000)
11:44:45,538 INFO kernel:PCI: not using MMCONFIG
11:44:45,538 INFO kernel:PCI: Using configuration type 1 for base access
11:44:45,538 INFO kernel:ACPI: Added _OSI(Module Device)
11:44:45,538 INFO kernel:ACPI: Added _OSI(Processor Device)
11:44:45,538 INFO kernel:ACPI: Added _OSI(3.0 _SCP Extensions)
11:44:45,538 INFO kernel:ACPI: Added _OSI(Processor Aggregator Device)
11:44:45,538 INFO kernel:ACPI: Interpreter enabled
11:44:45,538 INFO kernel:ACPI: (supports S0 S3 S4 S5)
11:44:45,538 INFO kernel:ACPI: Using IOAPIC for interrupt routing
11:44:45,538 INFO kernel:PCI: MMCONFIG for domain 0000 [bus 00-0f] at [mem 0xfc000000-0xfcffffff] (base 0xfc000000)
11:44:45,538 INFO kernel:PCI: MMCONFIG at [mem 0xfc000000-0xfcffffff] reserved in ACPI motherboard resources
11:44:45,538 INFO kernel:PCI: Using host bridge windows from ACPI; if necessary, use "pci=nocrs" and report a bug
11:44:45,538 INFO kernel:ACPI: PCI Root Bridge [PCI0] (domain 0000 [bus 00-7f])
11:44:45,538 INFO kernel:acpi PNP0A08:00: _OSC: OS supports [ExtendedConfig ASPM ClockPM Segments MSI]
11:44:45,538 INFO kernel:acpi PNP0A08:00: _OSC failed (AE_NOT_FOUND); disabling ASPM
11:44:45,538 INFO kernel:acpi PNP0A08:00: ignoring host bridge window [mem 0x000d0000-0x000dffff window] (conflicts with reserved [mem 0x000dc000-0x000fffff])
11:44:45,538 INFO kernel:acpi PNP0A08:00: [Firmware Info]: MMCONFIG for domain 0000 [bus 00-0f] only partially covers this bridge
11:44:45,538 INFO kernel:PCI host bridge to bus 0000:00
11:44:45,538 INFO kernel:pci_bus 0000:00: root bus resource [bus 00-7f]
11:44:45,538 INFO kernel:pci_bus 0000:00: root bus resource [io  0x0000-0x0cf7 window]
11:44:45,538 INFO kernel:pci_bus 0000:00: root bus resource [io  0x0d00-0xffff window]
11:44:45,538 INFO kernel:pci_bus 0000:00: root bus resource [mem 0x000a0000-0x000bffff window]
11:44:45,539 INFO kernel:pci_bus 0000:00: root bus resource [mem 0x000c0000-0x000cffff window]
11:44:45,539 INFO kernel:pci_bus 0000:00: root bus resource [mem 0xb0000000-0xfbffffff window]
11:44:45,539 INFO kernel:pci_bus 0000:00: root bus resource [mem 0xfd000000-0xfd7fffff]
11:44:45,540 INFO kernel:pci 0000:00:1f.0: can't claim BAR 13 [io  0x4000-0x407f]: address conflict with ACPI CPU throttle [io  0x4010-0x4015]
11:44:45,540 INFO kernel:pci 0000:00:1f.1: legacy IDE quirk: reg 0x10: [io  0x01f0-0x01f7]
11:44:45,540 INFO kernel:pci 0000:00:1f.1: legacy IDE quirk: reg 0x14: [io  0x03f6]
11:44:45,541 INFO kernel:pci 0000:00:1f.1: legacy IDE quirk: reg 0x18: [io  0x0170-0x0177]
11:44:45,541 INFO kernel:pci 0000:00:1f.1: legacy IDE quirk: reg 0x1c: [io  0x0376]
11:44:45,542 INFO kernel:pci 0000:00:01.0: PCI bridge to [bus 01] (subtractive decode)
11:44:45,543 INFO kernel:pci 0000:00:0a.0: PCI bridge to [bus 02]
11:44:45,543 INFO kernel:pci 0000:00:1e.0: PCI bridge to [bus 03] (subtractive decode)
11:44:45,543 INFO kernel:ACPI: EC: GPE = 0xa, I/O: command/status = 0x66, data = 0x62
11:44:45,543 INFO kernel:vgaarb: device added: PCI:0000:01:00.0,decodes=io+mem,owns=io+mem,locks=none
11:44:45,543 INFO kernel:vgaarb: loaded
11:44:45,543 INFO kernel:vgaarb: bridge control possible 0000:01:00.0
11:44:45,544 INFO kernel:ACPI: bus type USB registered
11:44:45,544 INFO kernel:usbcore: registered new interface driver usbfs
11:44:45,544 INFO kernel:usbcore: registered new interface driver hub
11:44:45,544 INFO kernel:usbcore: registered new device driver usb
11:44:45,544 INFO kernel:PCI: Using ACPI for IRQ routing
11:44:45,544 INFO kernel:NetLabel: Initializing
11:44:45,544 INFO kernel:NetLabel:  domain hash size = 128
11:44:45,544 INFO kernel:NetLabel:  protocols = UNLABELED CIPSOv4
11:44:45,544 INFO kernel:NetLabel:  unlabeled traffic allowed by default
11:44:45,544 INFO kernel:hpet0: at MMIO 0xfed00000, IRQs 2, 8, 0, 0, 0, 0, 0, 0
11:44:45,544 INFO kernel:hpet0: 8 comparators, 64-bit 16.000000 MHz counter
11:44:45,544 INFO kernel:Switched to clocksource kvm-clock
11:44:45,544 INFO kernel:pnp: PnP ACPI init
11:44:45,544 INFO kernel:ACPI: bus type PNP registered
11:44:45,544 INFO kernel:system 00:03: [mem 0xff000000-0xffffffff] could not be reserved
11:44:45,544 INFO kernel:system 00:04: [io  0x04d0-0x04d1] has been reserved
11:44:45,544 INFO kernel:system 00:04: [mem 0xfc000000-0xfcffffff] has been reserved
11:44:45,544 INFO kernel:pnp: PnP ACPI: found 5 devices
11:44:45,544 INFO kernel:ACPI: bus type PNP unregistered
11:44:45,544 INFO kernel:pci 0000:00:01.0: PCI bridge to [bus 01]
11:44:45,545 INFO kernel:pci 0000:00:01.0:   bridge window [io  0x6000-0x7fff]
11:44:45,545 INFO kernel:pci 0000:00:01.0:   bridge window [mem 0xe2000000-0xedffffff]
11:44:45,545 INFO kernel:pci 0000:00:01.0:   bridge window [mem 0xb0000000-0xdfffffff 64bit pref]
11:44:45,545 INFO kernel:pci 0000:00:0a.0: PCI bridge to [bus 02]
11:44:45,545 INFO kernel:pci 0000:00:0a.0:   bridge window [io  0x9000-0xafff]
11:44:45,545 INFO kernel:pci 0000:00:0a.0:   bridge window [mem 0xee100000-0xef0fffff]
11:44:45,545 INFO kernel:pci 0000:00:0a.0:   bridge window [mem 0xe0000000-0xe0ffffff pref]
11:44:45,545 INFO kernel:pci 0000:00:1e.0: PCI bridge to [bus 03]
11:44:45,545 INFO kernel:pci 0000:00:1e.0:   bridge window [io  0xc000-0xdfff]
11:44:45,545 INFO kernel:pci 0000:00:1e.0:   bridge window [mem 0xef200000-0xf01fffff]
11:44:45,545 INFO kernel:pci 0000:00:1e.0:   bridge window [mem 0xe1000000-0xe1ffffff 64bit pref]
11:44:45,547 INFO kernel:NET: Registered protocol family 2
11:44:45,547 INFO kernel:TCP established hash table entries: 16384 (order: 5, 131072 bytes)
11:44:45,547 INFO kernel:TCP bind hash table entries: 16384 (order: 6, 262144 bytes)
11:44:45,547 INFO kernel:TCP: Hash tables configured (established 16384 bind 16384)
11:44:45,547 INFO kernel:TCP: reno registered
11:44:45,547 INFO kernel:UDP hash table entries: 1024 (order: 3, 32768 bytes)
11:44:45,547 INFO kernel:UDP-Lite hash table entries: 1024 (order: 3, 32768 bytes)
11:44:45,547 INFO kernel:NET: Registered protocol family 1
11:44:45,547 INFO kernel:Unpacking initramfs...
11:44:45,547 INFO kernel:Freeing initrd memory: 42360k freed
11:44:45,547 INFO kernel:RAPL PMU: API unit is 2^-32 Joules, 4 fixed counters, 10737418240 ms ovfl timer
11:44:45,547 INFO kernel:RAPL PMU: hw unit of domain pp0-core 2^-0 Joules
11:44:45,547 INFO kernel:RAPL PMU: hw unit of domain package 2^-0 Joules
11:44:45,547 INFO kernel:RAPL PMU: hw unit of domain dram 2^-0 Joules
11:44:45,547 INFO kernel:RAPL PMU: hw unit of domain pp1-gpu 2^-0 Joules
11:44:45,547 INFO kernel:sha1_ssse3: Using AVX2 optimized SHA-1 implementation
11:44:45,547 INFO kernel:sha256_ssse3: Using AVX2 optimized SHA-256 implementation
11:44:45,547 INFO kernel:futex hash table entries: 8192 (order: 7, 524288 bytes)
11:44:45,547 INFO kernel:audit: initializing netlink socket (disabled)
11:44:45,547 INFO kernel:HugeTLB registered 2 MB page size, pre-allocated 0 pages
11:44:45,547 INFO kernel:zpool: loaded
11:44:45,547 INFO kernel:zbud: loaded
11:44:45,547 INFO kernel:msgmni has been set to 3990
11:44:45,547 INFO kernel:NET: Registered protocol family 38
11:44:45,547 INFO kernel:Block layer SCSI generic (bsg) driver version 0.4 loaded (major 251)
11:44:45,547 INFO kernel:io scheduler noop registered
11:44:45,547 INFO kernel:io scheduler deadline registered (default)
11:44:45,547 INFO kernel:io scheduler cfq registered
11:44:45,547 INFO kernel:pci_hotplug: PCI Hot Plug PCI Core version: 0.5
11:44:45,547 INFO kernel:pciehp: PCI Express Hot Plug Controller Driver version: 0.4
11:44:45,547 INFO kernel:ACPI: AC Adapter [ADP0] (on-line)
11:44:45,547 INFO kernel:input: Power Button as /devices/LNXSYSTM:00/LNXPWRBN:00/input/input0
11:44:45,547 INFO kernel:ACPI: Power Button [PWRF]
11:44:45,547 INFO kernel:input: Sleep Button as /devices/LNXSYSTM:00/LNXSLPBN:00/input/input1
11:44:45,547 INFO kernel:ACPI: Sleep Button [SLPF]
11:44:45,547 INFO kernel:GHES: HEST is not enabled!
11:44:45,547 INFO kernel:Serial: 8250/16550 driver, 4 ports, IRQ sharing enabled
11:44:45,547 INFO kernel:Non-volatile memory driver v1.3
11:44:45,547 INFO kernel:Linux agpgart interface v0.103
11:44:45,547 INFO kernel:crash memory driver: version 1.1
11:44:45,547 INFO kernel:rdac: device handler registered
11:44:45,547 INFO kernel:hp_sw: device handler registered
11:44:45,547 INFO kernel:emc: device handler registered
11:44:45,547 INFO kernel:alua: device handler registered
11:44:45,547 INFO kernel:libphy: Fixed MDIO Bus: probed
11:44:45,547 INFO kernel:ehci_hcd: USB 2.0 'Enhanced' Host Controller (EHCI) Driver
11:44:45,547 INFO kernel:ehci-pci: EHCI PCI platform driver
11:44:45,547 INFO kernel:ehci-pci 0000:00:1d.7: EHCI Host Controller
11:44:45,547 INFO kernel:ehci-pci 0000:00:1d.7: new USB bus registered, assigned bus number 1
11:44:45,547 INFO kernel:ehci-pci 0000:00:1d.7: irq 19, io mem 0xef140000
11:44:45,547 INFO kernel:ehci-pci 0000:00:1d.7: USB 2.0 started, EHCI 1.00
11:44:45,547 INFO kernel:usb usb1: New USB device found, idVendor=1d6b, idProduct=0002
11:44:45,547 INFO kernel:usb usb1: New USB device strings: Mfr=3, Product=2, SerialNumber=1
11:44:45,548 INFO kernel:usb usb1: Product: EHCI Host Controller
11:44:45,548 INFO kernel:usb usb1: Manufacturer: Linux 3.10.0-514.el7.x86_64 ehci_hcd
11:44:45,548 INFO kernel:usb usb1: SerialNumber: 0000:00:1d.7
11:44:45,548 INFO kernel:hub 1-0:1.0: USB hub found
11:44:45,548 INFO kernel:hub 1-0:1.0: 15 ports detected
11:44:45,548 INFO kernel:ohci_hcd: USB 1.1 'Open' Host Controller (OHCI) Driver
11:44:45,548 INFO kernel:ohci-pci: OHCI PCI platform driver
11:44:45,548 INFO kernel:uhci_hcd: USB Universal Host Controller Interface driver
11:44:45,548 INFO kernel:uhci_hcd 0000:00:1d.0: UHCI Host Controller
11:44:45,548 INFO kernel:uhci_hcd 0000:00:1d.0: new USB bus registered, assigned bus number 2
11:44:45,548 INFO kernel:uhci_hcd 0000:00:1d.0: detected 2 ports
11:44:45,548 INFO kernel:uhci_hcd 0000:00:1d.0: irq 18, io base 0x0000b200
11:44:45,548 INFO kernel:usb usb2: New USB device found, idVendor=1d6b, idProduct=0001
11:44:45,548 INFO kernel:usb usb2: New USB device strings: Mfr=3, Product=2, SerialNumber=1
11:44:45,548 INFO kernel:usb usb2: Product: UHCI Host Controller
11:44:45,548 INFO kernel:usb usb2: Manufacturer: Linux 3.10.0-514.el7.x86_64 uhci_hcd
11:44:45,548 INFO kernel:usb usb2: SerialNumber: 0000:00:1d.0
11:44:45,548 INFO kernel:hub 2-0:1.0: USB hub found
11:44:45,548 INFO kernel:hub 2-0:1.0: 2 ports detected
11:44:45,548 INFO kernel:xhci_hcd 0000:00:1d.6: xHCI Host Controller
11:44:45,549 INFO kernel:xhci_hcd 0000:00:1d.6: new USB bus registered, assigned bus number 3
11:44:45,549 INFO kernel:xhci_hcd 0000:00:1d.6: hcc params 0x01c10000 hci version 0x100 quirks 0x00000014
11:44:45,549 INFO kernel:ACPI: Battery Slot [BAT0] (battery present)
11:44:45,549 INFO kernel:usb usb3: New USB device found, idVendor=1d6b, idProduct=0002
11:44:45,549 INFO kernel:usb usb3: New USB device strings: Mfr=3, Product=2, SerialNumber=1
11:44:45,549 INFO kernel:usb usb3: Product: xHCI Host Controller
11:44:45,549 INFO kernel:usb usb3: Manufacturer: Linux 3.10.0-514.el7.x86_64 xhci-hcd
11:44:45,549 INFO kernel:usb usb3: SerialNumber: 0000:00:1d.6
11:44:45,549 INFO kernel:hub 3-0:1.0: USB hub found
11:44:45,549 INFO kernel:hub 3-0:1.0: 2 ports detected
11:44:45,549 INFO kernel:xhci_hcd 0000:00:1d.6: xHCI Host Controller
11:44:45,549 INFO kernel:xhci_hcd 0000:00:1d.6: new USB bus registered, assigned bus number 4
11:44:45,549 INFO kernel:usb usb4: We don't know the algorithms for LPM for this host, disabling LPM.
11:44:45,549 INFO kernel:usb usb4: New USB device found, idVendor=1d6b, idProduct=0003
11:44:45,549 INFO kernel:usb usb4: New USB device strings: Mfr=3, Product=2, SerialNumber=1
11:44:45,549 INFO kernel:usb usb4: Product: xHCI Host Controller
11:44:45,549 INFO kernel:usb usb4: Manufacturer: Linux 3.10.0-514.el7.x86_64 xhci-hcd
11:44:45,549 INFO kernel:usb usb4: SerialNumber: 0000:00:1d.6
11:44:45,549 INFO kernel:hub 4-0:1.0: USB hub found
11:44:45,549 INFO kernel:hub 4-0:1.0: 12 ports detected
11:44:45,549 INFO kernel:usbcore: registered new interface driver usbserial
11:44:45,549 INFO kernel:usbcore: registered new interface driver usbserial_generic
11:44:45,549 INFO kernel:usbserial: USB Serial support registered for generic
11:44:45,549 INFO kernel:i8042: PNP: PS/2 Controller [PNP0303:KBC,PNP0f03:PS2M] at 0x60,0x64 irq 1,12
11:44:45,549 INFO kernel:serio: i8042 KBD port at 0x60,0x64 irq 1
11:44:45,549 INFO kernel:serio: i8042 AUX port at 0x60,0x64 irq 12
11:44:45,549 INFO kernel:mousedev: PS/2 mouse device common for all mice
11:44:45,550 INFO kernel:input: AT Translated Set 2 keyboard as /devices/platform/i8042/serio0/input/input2
11:44:45,550 INFO kernel:rtc_cmos 00:02: rtc core: registered rtc_cmos as rtc0
11:44:45,550 INFO kernel:rtc_cmos 00:02: alarms up to one day, y3k, 242 bytes nvram, hpet irqs
11:44:45,550 INFO kernel:cpuidle: using governor menu
11:44:45,550 INFO kernel:hidraw: raw HID events driver (C) Jiri Kosina
11:44:45,550 INFO kernel:usbcore: registered new interface driver usbhid
11:44:45,550 INFO kernel:usbhid: USB HID core driver
11:44:45,550 INFO kernel:drop_monitor: Initializing network drop monitor service
11:44:45,550 INFO kernel:TCP: cubic registered
11:44:45,550 INFO kernel:Initializing XFRM netlink socket
11:44:45,550 INFO kernel:NET: Registered protocol family 10
11:44:45,550 INFO kernel:NET: Registered protocol family 17
11:44:45,550 INFO kernel:microcode: CPU0 sig=0x40661, pf=0x1, revision=0x13
11:44:45,550 INFO kernel:microcode: CPU1 sig=0x40661, pf=0x1, revision=0x13
11:44:45,550 INFO kernel:microcode: Microcode Update Driver: v2.01 <tigran@aivazian.fsnet.co.uk>, Peter Oruba
11:44:45,550 INFO kernel:registered taskstats version 1
11:44:45,550 INFO kernel:IMA: No TPM chip found, activating TPM-bypass!
11:44:45,550 INFO kernel:rtc_cmos 00:02: setting system clock to 2017-08-10 11:44:45 UTC (1502365485)
11:44:45,550 INFO kernel:Freeing unused kernel memory: 1680k freed
11:44:45,550 INFO systemd:systemd 219 running in system mode. (+PAM +AUDIT +SELINUX +IMA -APPARMOR +SMACK +SYSVINIT +UTMP +LIBCRYPTSETUP +GCRYPT +GNUTLS +ACL +XZ -LZ4 -SECCOMP +BLKID +ELFUTILS +KMOD +IDN)
11:44:45,550 INFO systemd:Detected virtualization kvm.
11:44:45,550 INFO systemd:Detected architecture x86-64.
11:44:45,550 INFO systemd:Running in initial RAM disk.
11:44:45,550 INFO systemd:No hostname configured.
11:44:45,550 INFO systemd:Set hostname to <localhost>.
11:44:45,550 INFO systemd:Initializing machine ID from KVM UUID.
11:44:45,550 INFO systemd:Created slice Root Slice.
11:44:45,550 INFO systemd:Starting Root Slice.
11:44:45,550 INFO systemd:Listening on udev Control Socket.
11:44:45,550 INFO systemd:Starting udev Control Socket.
11:44:45,550 INFO systemd:Reached target Swap.
11:44:45,550 INFO systemd:Starting Swap.
11:44:45,550 INFO systemd:Listening on udev Kernel Socket.
11:44:45,550 INFO systemd:Starting udev Kernel Socket.
11:44:45,550 INFO systemd:Created slice System Slice.
11:44:45,550 INFO systemd:Starting System Slice.
11:44:45,550 INFO systemd:Reached target Slices.
11:44:45,550 INFO systemd:Starting Slices.
11:44:45,550 INFO systemd:Reached target Encrypted Volumes.
11:44:45,550 INFO systemd:Starting Encrypted Volumes.
11:44:45,550 INFO systemd:Reached target Timers.
11:44:45,550 INFO systemd:Starting Timers.
11:44:45,550 INFO systemd:Reached target Local File Systems.
11:44:45,550 INFO systemd:Starting Local File Systems.
11:44:45,550 INFO systemd:Listening on Journal Socket.
11:44:45,550 INFO systemd:Starting Journal Socket.
11:44:45,550 INFO systemd:Starting dracut cmdline hook...
11:44:45,550 INFO systemd:Starting Apply Kernel Variables...
11:44:45,550 INFO systemd:Starting Setup Virtual Console...
11:44:45,550 INFO systemd:Starting Create list of required static device nodes for the current kernel...
11:44:45,550 INFO systemd:Starting Journal Service...
11:44:45,550 INFO systemd:Started Apply Kernel Variables.
11:44:45,550 INFO systemd:Started Setup Virtual Console.
11:44:45,550 INFO systemd:Started Create list of required static device nodes for the current kernel.
11:44:45,550 INFO systemd:Starting Create Static Device Nodes in /dev...
11:44:45,550 INFO systemd:Started Create Static Device Nodes in /dev.
11:44:45,550 INFO journal:Journal started
11:44:45,550 INFO systemd:Started Journal Service.
11:44:45,588 INFO kernel:BIOS EDD facility v0.16 2004-Jun-25, 1 devices found
11:44:45,605 INFO dracut-cmdline:Loading CentOS Linux 7 x86_64 installer...
11:44:45,760 INFO kernel:usb 1-1: new high-speed USB device number 2 using ehci-pci
11:44:45,761 INFO systemd:Started dracut cmdline hook.
11:44:45,761 INFO systemd:Starting dracut pre-udev hook...
11:44:45,776 INFO kernel:squashfs: version 4.0 (2009/01/31) Phillip Lougher
11:44:45,779 INFO kernel:Loading iSCSI transport class v2.0-870.
11:44:45,874 INFO kernel:usb 1-1: New USB device found, idVendor=203a, idProduct=fff9
11:44:45,875 INFO kernel:usb 1-1: New USB device strings: Mfr=1, Product=2, SerialNumber=3
11:44:45,875 INFO kernel:usb 1-1: Product: FaceTime HD Camera
11:44:45,875 INFO kernel:usb 1-1: Manufacturer: Parallels
11:44:45,875 INFO kernel:usb 1-1: SerialNumber: CC25175W1QBG1HNAQ
11:44:46,301 INFO kernel:input: ImExPS/2 Generic Explorer Mouse as /devices/platform/i8042/serio1/input/input3
11:44:46,428 INFO kernel:tsc: Refined TSC clocksource calibration: 2494.231 MHz
11:44:48,815 INFO kernel:floppy0: no floppy controllers found
11:44:48,822 INFO kernel:No iBFT detected.
11:44:48,824 INFO kernel:md: raid0 personality registered for level 0
11:44:48,826 INFO kernel:md: raid1 personality registered for level 1
11:44:48,827 INFO kernel:async_tx: api initialized (async)
11:44:48,828 INFO kernel:xor: automatically using best checksumming function:
11:44:48,838 INFO kernel:   avx       : 36528.000 MB/sec
11:44:48,945 INFO kernel:md: raid6 personality registered for level 6
11:44:48,945 INFO kernel:md: raid5 personality registered for level 5
11:44:48,945 INFO kernel:md: raid4 personality registered for level 4
11:44:48,949 INFO kernel:md: raid10 personality registered for level 10
11:44:48,950 INFO kernel:md: linear personality registered for level -1
11:44:48,954 INFO kernel:device-mapper: uevent: version 1.0.3
11:44:48,954 INFO kernel:device-mapper: ioctl: 4.34.0-ioctl (2015-10-28) initialised: dm-devel@redhat.com
11:44:48,965 INFO kernel:device-mapper: multipath: version 1.11.0 loaded
11:44:48,967 INFO kernel:device-mapper: multipath round-robin: version 1.1.0 loaded
11:44:48,985 INFO kernel:RPC: Registered named UNIX socket transport module.
11:44:48,985 INFO kernel:RPC: Registered udp transport module.
11:44:48,985 INFO kernel:RPC: Registered tcp transport module.
11:44:48,985 INFO kernel:RPC: Registered tcp NFSv4.1 backchannel transport module.
11:44:49,038 INFO systemd:Started dracut pre-udev hook.
11:44:49,039 INFO systemd:Starting udev Kernel Device Manager...
11:44:49,040 INFO systemd-udevd:starting version 219
11:44:49,043 INFO systemd:Started udev Kernel Device Manager.
11:44:49,043 INFO systemd:Starting dracut pre-trigger hook...
11:44:49,051 INFO lldpad:config file failed to load,
11:44:49,051 INFO lldpad:create a new file.
11:44:49,051 INFO lldpad:bound ctrl iface to /com/intel/lldpad
11:44:49,053 INFO dracut-pre-trigger:449
11:44:49,116 INFO systemd:Started dracut pre-trigger hook.
11:44:49,117 INFO systemd:Starting udev Coldplug all Devices...
11:44:49,135 INFO systemd:Mounting Configuration File System...
11:44:49,138 INFO systemd:Mounted Configuration File System.
11:44:49,154 INFO kernel:FUJITSU Extended Socket Network Device Driver - version 1.1 - Copyright (c) 2015 FUJITSU LIMITED
11:44:49,159 INFO systemd:Started udev Coldplug all Devices.
11:44:49,160 INFO systemd:Starting Device-Mapper Multipath Device Controller...
11:44:49,160 INFO systemd:Starting Show Plymouth Boot Screen...
11:44:49,161 INFO kernel:virtio-pci 0000:00:05.0: enabling device (0000 -> 0003)
11:44:49,161 INFO kernel:virtio-pci 0000:00:05.0: virtio_pci: leaving for legacy driver
11:44:49,162 INFO kernel:virtio-pci 0000:00:0e.0: enabling device (0000 -> 0001)
11:44:49,165 INFO kernel:virtio-pci 0000:00:0e.0: virtio_pci: leaving for legacy driver
11:44:49,166 INFO systemd:Reached target System Initialization.
11:44:49,166 INFO systemd:Starting System Initialization.
11:44:49,166 INFO systemd:Listening on Open-iSCSI iscsiuio Socket.
11:44:49,166 INFO systemd:Starting Open-iSCSI iscsiuio Socket.
11:44:49,167 INFO systemd:Reached target Sockets.
11:44:49,167 INFO systemd:Starting Sockets.
11:44:49,195 INFO kernel:ahci 0000:00:1f.2: SSS flag set, parallel bus scan disabled
11:44:49,195 INFO kernel:ahci 0000:00:1f.2: AHCI 0001.0100 32 slots 6 ports 3 Gbps 0x3f impl SATA mode
11:44:49,195 INFO kernel:ahci 0000:00:1f.2: flags: 64bit ncq stag pm led only slum part 
11:44:49,195 INFO kernel:scsi host0: ahci
11:44:49,198 INFO kernel:AES CTR mode by8 optimization enabled
11:44:49,206 INFO systemd:Started Device-Mapper Multipath Device Controller.
11:44:49,207 INFO systemd:Starting Open-iSCSI...
11:44:49,208 INFO kernel:scsi host1: ahci
11:44:49,208 INFO kernel:scsi host2: ahci
11:44:49,208 INFO kernel:scsi host3: ahci
11:44:49,208 INFO kernel:scsi host4: ahci
11:44:49,209 INFO kernel:scsi host5: ahci
11:44:49,209 INFO kernel:ata1: SATA max UDMA/133 abar m8192@0xf0200000 port 0xf0200100 irq 25
11:44:49,209 INFO kernel:ata2: SATA max UDMA/133 abar m8192@0xf0200000 port 0xf0200180 irq 25
11:44:49,209 INFO kernel:ata3: SATA max UDMA/133 abar m8192@0xf0200000 port 0xf0200200 irq 25
11:44:49,209 INFO kernel:ata4: SATA max UDMA/133 abar m8192@0xf0200000 port 0xf0200280 irq 25
11:44:49,209 INFO kernel:ata5: SATA max UDMA/133 abar m8192@0xf0200000 port 0xf0200300 irq 25
11:44:49,209 INFO kernel:ata6: SATA max UDMA/133 abar m8192@0xf0200000 port 0xf0200380 irq 25
11:44:49,210 INFO kernel:scsi host6: ata_piix
11:44:49,211 INFO kernel:scsi host7: ata_piix
11:44:49,211 INFO kernel:ata7: PATA max UDMA/100 cmd 0x1f0 ctl 0x3f6 bmdma 0xe000 irq 14
11:44:49,211 INFO kernel:ata8: PATA max UDMA/100 cmd 0x170 ctl 0x376 bmdma 0xe008 irq 15
11:44:49,220 INFO systemd:Failed to read PID from file /var/run/iscsid.pid: Invalid argument
11:44:49,223 INFO systemd:Received SIGRTMIN+20 from PID 546 (plymouthd).
11:44:49,224 INFO systemd:Started Show Plymouth Boot Screen.
11:44:49,225 INFO systemd:Reached target Paths.
11:44:49,225 INFO systemd:Starting Paths.
11:44:49,225 INFO systemd:Started Forward Password Requests to Plymouth Directory Watch.
11:44:49,225 INFO systemd:Starting Forward Password Requests to Plymouth Directory Watch.
11:44:49,225 INFO systemd:Reached target Basic System.
11:44:49,225 INFO systemd:Starting Basic System.
11:44:49,225 INFO kernel:8021q: 802.1Q VLAN Support v1.8
11:44:49,226 INFO systemd:Started Open-iSCSI.
11:44:49,226 INFO systemd:Starting dracut initqueue hook...
11:44:49,243 INFO kernel:alg: No test for __gcm-aes-aesni (__driver-gcm-aes-aesni)
11:44:49,249 INFO kernel:alg: No test for crc32 (crc32-pclmul)
11:44:49,256 INFO systemd:Reloading.
11:44:49,513 INFO kernel:ata1: SATA link up 1.5 Gbps (SStatus 113 SControl 300)
11:44:49,513 INFO kernel:ata1.00: ATA-8: CentOS Linux 7-0 SSD, F.ZDSG90, max UDMA/100
11:44:49,513 INFO kernel:ata1.00: 134217728 sectors, multi 0: LBA48 NCQ (depth 31/32)
11:44:49,513 INFO kernel:ata1.00: configured for UDMA/100
11:44:49,827 INFO kernel:ata2: SATA link up 1.5 Gbps (SStatus 113 SControl 300)
11:44:49,827 INFO kernel:ata2.00: ATAPI: Virtual DVD-ROM [1], FWR1, max UDMA/25
11:44:49,827 INFO kernel:ata2.00: configured for UDMA/25
11:44:50,143 INFO kernel:ata3: SATA link down (SStatus 0 SControl 300)
11:44:50,448 INFO kernel:ata4: SATA link down (SStatus 0 SControl 300)
11:44:50,753 INFO kernel:ata5: SATA link down (SStatus 0 SControl 300)
11:44:51,059 INFO kernel:ata6: SATA link down (SStatus 0 SControl 300)
11:44:51,069 INFO kernel:sr 1:0:0:0: [sr0] scsi3-mmc drive: 44x/44x cd/rw xa/form2 cdda tray
11:44:51,069 INFO kernel:cdrom: Uniform CD-ROM driver Revision: 3.20
11:44:52,174 INFO kernel:floppy0: no floppy controllers found
11:44:52,212 INFO dracut-initqueue:mount: /dev/sr0 is write-protected, mounting read-only
11:44:52,392 INFO kernel:loop: module loaded
11:44:52,474 INFO systemd:Started dracut initqueue hook.
11:44:52,474 INFO systemd:Reached target Remote File Systems (Pre).
11:44:52,474 INFO systemd:Starting Remote File Systems (Pre).
11:44:52,474 INFO systemd:Reached target Remote File Systems.
11:44:52,474 INFO systemd:Starting Remote File Systems.
11:44:52,474 INFO systemd:Starting dracut pre-mount hook...
11:44:52,478 INFO systemd:Started dracut pre-mount hook.
11:44:52,479 INFO systemd:Reached target Initrd Root File System.
11:44:52,479 INFO systemd:Starting Initrd Root File System.
11:44:52,479 INFO systemd:Starting Reload Configuration from the Real Root...
11:44:52,482 INFO systemd:Reloading.
11:44:52,514 INFO systemd:Started Reload Configuration from the Real Root.
11:44:52,514 INFO systemd:Reached target Initrd File Systems.
11:44:52,515 INFO systemd:Starting Initrd File Systems.
11:44:52,515 INFO systemd:Starting dracut mount hook...
11:44:52,547 INFO kernel:EXT4-fs (dm-0): mounted filesystem with ordered data mode. Opts: (null)
11:44:52,596 INFO systemd:Started dracut mount hook.
11:44:52,596 INFO systemd:Reached target Initrd Default Target.
11:44:52,596 INFO systemd:Starting Initrd Default Target.
11:44:52,596 INFO systemd:Starting dracut pre-pivot and cleanup hook...
11:44:52,791 INFO systemd:Started dracut pre-pivot and cleanup hook.
11:44:52,791 INFO systemd:Starting Cleaning Up and Shutting Down Daemons...
11:44:52,794 INFO systemd:Starting Plymouth switch root service...
11:44:52,795 INFO systemd:Stopped target Timers.
11:44:52,795 INFO systemd:Stopping Timers.
11:44:52,796 INFO systemd:Stopped Cleaning Up and Shutting Down Daemons.
11:44:52,797 INFO systemd:Stopped dracut pre-pivot and cleanup hook.
11:44:52,797 INFO systemd:Stopping dracut pre-pivot and cleanup hook...
11:44:52,797 INFO systemd:Stopped target Initrd Default Target.
11:44:52,798 INFO systemd:Stopping Initrd Default Target.
11:44:52,798 INFO systemd:Stopped target Remote File Systems.
11:44:52,798 INFO systemd:Stopping Remote File Systems.
11:44:52,798 INFO systemd:Stopped target Remote File Systems (Pre).
11:44:52,798 INFO systemd:Stopping Remote File Systems (Pre).
11:44:52,798 INFO systemd:Stopped dracut mount hook.
11:44:52,799 INFO systemd:Stopping dracut mount hook...
11:44:52,799 INFO systemd:Stopped target Basic System.
11:44:52,801 INFO systemd:Stopping Basic System.
11:44:52,801 INFO systemd:Stopped target Sockets.
11:44:52,801 INFO systemd:Stopping Sockets.
11:44:52,801 INFO systemd:Closed Open-iSCSI iscsiuio Socket.
11:44:52,802 INFO systemd:Stopping Open-iSCSI iscsiuio Socket.
11:44:52,803 INFO systemd:Stopped target System Initialization.
11:44:52,804 INFO systemd:Stopping System Initialization.
11:44:52,804 INFO systemd:Stopped target Local File Systems.
11:44:52,804 INFO systemd:Stopping Local File Systems.
11:44:52,804 INFO systemd:Stopped Apply Kernel Variables.
11:44:52,805 INFO systemd:Stopping Apply Kernel Variables...
11:44:52,805 INFO systemd:Stopped target Swap.
11:44:52,806 INFO systemd:Stopping Swap.
11:44:52,806 INFO systemd:Stopped target Slices.
11:44:52,806 INFO systemd:Stopping Slices.
11:44:52,806 INFO systemd:Stopped target Paths.
11:44:52,806 INFO systemd:Stopping Paths.
11:44:52,806 INFO systemd:Stopped dracut pre-mount hook.
11:44:52,807 INFO systemd:Stopping dracut pre-mount hook...
11:44:52,807 INFO systemd:Stopped target Encrypted Volumes.
11:44:52,807 INFO systemd:Stopping Encrypted Volumes.
11:44:52,807 INFO systemd:Stopped dracut initqueue hook.
11:44:52,807 INFO systemd:Stopping dracut initqueue hook...
11:44:52,807 INFO systemd:Stopping Open-iSCSI...
11:44:52,807 INFO systemd:Stopped Open-iSCSI.
11:44:52,807 INFO systemd:Stopping Device-Mapper Multipath Device Controller...
11:44:52,807 INFO systemd:Stopped Device-Mapper Multipath Device Controller.
11:44:52,807 INFO systemd:Stopped udev Coldplug all Devices.
11:44:52,808 INFO systemd:Stopping udev Coldplug all Devices...
11:44:52,808 INFO systemd:Stopped dracut pre-trigger hook.
11:44:52,808 INFO systemd:Stopping dracut pre-trigger hook...
11:44:52,810 INFO systemd:Stopping udev Kernel Device Manager...
11:44:52,810 INFO systemd:Started Plymouth switch root service.
11:44:52,812 INFO systemd:Stopped udev Kernel Device Manager.
11:44:52,813 INFO systemd:Stopped dracut pre-udev hook.
11:44:52,813 INFO systemd:Stopping dracut pre-udev hook...
11:44:52,813 INFO systemd:Stopped dracut cmdline hook.
11:44:52,813 INFO systemd:Stopping dracut cmdline hook...
11:44:52,813 INFO systemd:Stopped Create Static Device Nodes in /dev.
11:44:52,813 INFO systemd:Stopping Create Static Device Nodes in /dev...
11:44:52,813 INFO systemd:Stopped Create list of required static device nodes for the current kernel.
11:44:52,813 INFO systemd:Stopping Create list of required static device nodes for the current kernel...
11:44:52,814 INFO systemd:Closed udev Kernel Socket.
11:44:52,814 INFO systemd:Stopping udev Kernel Socket.
11:44:52,815 INFO systemd:Closed udev Control Socket.
11:44:52,815 INFO systemd:Stopping udev Control Socket.
11:44:52,815 INFO systemd:Starting Cleanup udevd DB...
11:44:52,815 INFO systemd:Started Cleanup udevd DB.
11:44:52,816 INFO systemd:Reached target Switch Root.
11:44:52,816 INFO systemd:Starting Switch Root.
11:44:52,816 INFO systemd:Starting Switch Root...
11:44:52,828 INFO journal:Journal stopped
11:44:54,374 INFO journal:Runtime journal is using 8.0M (max allowed 99.8M, trying to leave 149.7M free of 990.2M available â†’ current limit 99.8M).
11:44:54,378 INFO journal:Runtime journal is using 8.0M (max allowed 99.8M, trying to leave 149.7M free of 990.2M available â†’ current limit 99.8M).
11:44:54,378 INFO systemd-journald:Received SIGTERM from PID 1 (systemd).
11:44:54,378 INFO systemd:Successfully loaded SELinux policy in 229.219ms.
11:44:54,378 INFO systemd:Relabelled /dev and /run in 15.329ms.
11:44:54,378 INFO journal:Journal started
11:44:54,463 INFO systemd:systemd 219 running in system mode. (+PAM +AUDIT +SELINUX +IMA -APPARMOR +SMACK +SYSVINIT +UTMP +LIBCRYPTSETUP +GCRYPT +GNUTLS +ACL +XZ -LZ4 -SECCOMP +BLKID +ELFUTILS +KMOD +IDN)
11:44:54,463 INFO systemd:Detected virtualization kvm.
11:44:54,464 INFO systemd:Detected architecture x86-64.
11:44:54,464 INFO systemd:Initializing machine ID from KVM UUID.
11:44:54,465 INFO systemd:Starting Flush Journal to Persistent Storage...
11:44:54,465 INFO systemd:Started Configure read-only root support.
11:44:54,482 INFO journal:Runtime journal is using 8.0M (max allowed 99.8M, trying to leave 149.7M free of 990.2M available â†’ current limit 99.8M).
11:44:54,484 INFO systemd:Started Flush Journal to Persistent Storage.
11:44:54,512 INFO systemd:Started Create Static Device Nodes in /dev.
11:44:54,513 INFO systemd:Starting udev Kernel Device Manager...
11:44:54,561 INFO systemd:Started LVM2 metadata daemon.
11:44:54,561 INFO systemd:Starting LVM2 metadata daemon...
11:44:54,567 INFO systemd-udevd:starting version 219
11:44:54,585 INFO systemd:Started udev Kernel Device Manager.
11:44:55,145 INFO systemd:Started Rebuild Hardware Database.
11:44:55,146 INFO systemd:Starting udev Coldplug all Devices...
11:44:55,328 INFO systemd:Started udev Coldplug all Devices.
11:44:55,329 INFO systemd:Starting udev Wait for Complete Device Initialization...
11:44:55,329 INFO systemd:Starting Device-Mapper Multipath Device Controller...
11:44:55,794 INFO kernel:ACPI: If an ACPI driver is available for this device, you should use it instead of the native driver
11:44:55,914 INFO kernel:shpchp: Standard Hot Plug PCI Controller Driver version: 0.4
11:44:56,688 INFO kernel:input: PC Speaker as /devices/platform/pcspkr/input/input4
11:45:05,158 INFO kernel:[   24.330350] IPv6: ADDRCONF(NETDEV_UP): eth0: link is not ready
11:44:56,734 INFO kernel:i801_smbus 0000:00:1f.3: Enabling SMBus device
11:44:56,734 INFO kernel:i801_smbus 0000:00:1f.3: SMBus using polling
11:44:56,865 INFO kernel:gpio_ich: GPIO from 206 to 255 on gpio_ich
11:44:56,909 INFO systemd:Started Device-Mapper Multipath Device Controller.
11:44:57,005 INFO systemd:Started Monitoring of LVM2 mirrors, snapshots etc. using dmeventd or progress polling.
11:44:57,006 INFO systemd:Reached target Local File Systems (Pre).
11:44:57,006 INFO systemd:Starting Local File Systems (Pre).
11:44:59,534 INFO kernel:floppy0: no floppy controllers found
11:44:59,539 INFO systemd:Started udev Wait for Complete Device Initialization.
11:44:59,540 INFO systemd:Starting Activation of DM RAID sets...
11:44:59,660 INFO systemd:Started Activation of DM RAID sets.
11:44:59,660 INFO systemd:Reached target Local File Systems.
11:44:59,660 INFO systemd:Starting Local File Systems.
11:44:59,661 INFO systemd:Starting Rebuild Journal Catalog...
11:44:59,661 INFO systemd:Starting Import network configuration from initramfs...
11:44:59,662 INFO systemd:Starting Tell Plymouth To Write Out Runtime Data...
11:44:59,662 INFO systemd:Reached target Encrypted Volumes.
11:44:59,662 INFO systemd:Starting Encrypted Volumes.
11:44:59,778 INFO systemd:Started Rebuild Journal Catalog.
11:44:59,778 INFO systemd:Starting Update is Completed...
11:44:59,994 INFO systemd:Started Tell Plymouth To Write Out Runtime Data.
11:44:59,998 INFO rhel-import-state:'./dev/shm/lldpad.state' -> '/dev/shm/lldpad.state'
11:45:00,001 INFO rhel-import-state:'./etc/dhclient.conf' -> '/etc/dhclient.conf'
11:45:00,001 INFO systemd:Started Update is Completed.
11:45:00,145 INFO systemd:Started Import network configuration from initramfs.
11:45:00,146 INFO systemd:Starting Create Volatile Files and Directories...
11:45:00,175 INFO systemd:Started Create Volatile Files and Directories.
11:45:00,176 INFO systemd:Starting Update UTMP about System Boot/Shutdown...
11:45:00,186 INFO systemd:Started Update UTMP about System Boot/Shutdown.
11:45:00,186 INFO systemd:Reached target System Initialization.
11:45:00,186 INFO systemd:Starting System Initialization.
11:45:00,187 INFO systemd:Listening on Open-iSCSI iscsiuio Socket.
11:45:00,187 INFO systemd:Starting Open-iSCSI iscsiuio Socket.
11:45:00,188 INFO systemd:Listening on D-Bus System Message Bus Socket.
11:45:00,189 INFO systemd:Starting D-Bus System Message Bus Socket.
11:45:00,189 INFO systemd:Listening on Open-iSCSI iscsid Socket.
11:45:00,189 INFO systemd:Starting Open-iSCSI iscsid Socket.
11:45:00,190 INFO systemd:Reached target Sockets.
11:45:00,190 INFO systemd:Starting Sockets.
11:45:00,190 INFO systemd:Reached target Basic System.
11:45:00,190 INFO systemd:Starting Basic System.
11:45:00,190 INFO systemd:Starting Terminate Plymouth Boot Screen...
11:45:00,191 INFO systemd:Starting Wait for Plymouth Boot Screen to Quit...
11:45:00,191 INFO systemd:Starting Login Service...
11:45:00,191 INFO systemd:Started Anaconda NetworkManager configuration.
11:45:00,191 INFO systemd:Starting Anaconda NetworkManager configuration...
11:45:00,192 INFO systemd:Starting pre-anaconda logging service...
11:45:00,192 INFO systemd:Started Hardware RNG Entropy Gatherer Daemon.
11:45:00,193 INFO systemd:Starting Hardware RNG Entropy Gatherer Daemon...
11:45:00,194 INFO systemd:Starting Dump dmesg to /var/log/dmesg...
11:45:00,195 INFO systemd:Starting Service enabling compressing RAM with zRam...
11:45:00,242 INFO systemd:Starting firewalld - dynamic firewall daemon...
11:45:00,242 INFO systemd:Received SIGRTMIN+21 from PID 546 (plymouthd).
11:45:00,242 INFO systemd:Started Terminate Plymouth Boot Screen.
11:45:00,242 INFO systemd:Started Wait for Plymouth Boot Screen to Quit.
11:45:00,365 INFO rngd:Unable to open file: /dev/tpm0
11:45:00,644 INFO zramswapon:+ MAX_RAM_ON=2097152
11:45:00,645 INFO zramswapon:++ grep -E --only-matching '[[:digit:]]+'
11:45:00,646 INFO zramswapon:++ grep MemTotal /proc/meminfo
11:45:00,647 INFO zramswapon:+ mem_total_kb=2044564
11:45:00,647 INFO zramswapon:+ mem_total=2093633536
11:45:00,647 INFO zramswapon:+ grep -E 'inst\.zram=(on|1)' /proc/cmdline
11:45:00,648 INFO zramswapon:+ force=1
11:45:00,648 INFO zramswapon:+ '[' '(' 2044564 -gt 2097152 ')' -a '(' 1 '!=' 0 ')' ']'
11:45:00,648 INFO zramswapon:++ getconf _NPROCESSORS_ONLN
11:45:00,678 INFO systemd:Started Dump dmesg to /var/log/dmesg.
11:45:00,763 INFO systemd:Started pre-anaconda logging service.
11:45:00,975 INFO zramswapon:+ num_cpus=2
11:45:00,975 INFO zramswapon:+ decr_num_cpus=1
11:45:00,976 INFO zramswapon:+ modprobe zram num_devices=2
11:45:00,981 INFO systemd:Started D-Bus System Message Bus.
11:45:01,047 INFO kernel:zram: Added device: zram0
11:45:01,050 INFO kernel:zram: Added device: zram1
11:45:01,052 INFO zramswapon:++ seq 0 1
11:45:01,093 INFO kernel:zram0: detected capacity change from 0 to 1046818816
11:45:01,093 INFO kernel:zram1: detected capacity change from 0 to 1046818816
11:45:01,093 INFO zramswapon:+ for i in '$(seq 0 $decr_num_cpus)'
11:45:01,093 INFO zramswapon:+ echo 1046816768
11:45:01,093 INFO zramswapon:+ for i in '$(seq 0 $decr_num_cpus)'
11:45:01,094 INFO zramswapon:+ echo 1046816768
11:45:01,094 INFO zramswapon:++ seq 0 1
11:45:01,096 INFO zramswapon:+ for i in '$(seq 0 $decr_num_cpus)'
11:45:01,096 INFO zramswapon:+ mkswap /dev/zram0
11:45:01,144 INFO zramswapon:Setting up swapspace version 1, size = 1022280 KiB
11:45:01,144 INFO zramswapon:no label, UUID=998d4a83-3b2c-417b-b698-31aab9b45303
11:45:01,144 INFO zramswapon:+ for i in '$(seq 0 $decr_num_cpus)'
11:45:01,144 INFO zramswapon:+ mkswap /dev/zram1
11:45:01,145 INFO zramswapon:Setting up swapspace version 1, size = 1022280 KiB
11:45:01,145 INFO zramswapon:no label, UUID=88da84b7-3455-47f6-9b3a-a753a142bc19
11:45:01,145 INFO zramswapon:++ seq 0 1
11:45:01,146 INFO zramswapon:+ for i in '$(seq 0 $decr_num_cpus)'
11:45:01,146 INFO zramswapon:+ swapon -p 100 /dev/zram0
11:45:01,198 INFO zramswapon:+ for i in '$(seq 0 $decr_num_cpus)'
11:45:01,198 INFO zramswapon:+ swapon -p 100 /dev/zram1
11:45:01,198 INFO kernel:Adding 1022280k swap on /dev/zram0.  Priority:100 extents:1 across:1022280k SSFS
11:45:01,199 INFO zramswapon:+ '[' 2044564 -le 1048576 ']'
11:45:01,199 INFO kernel:Adding 1022280k swap on /dev/zram1.  Priority:100 extents:1 across:1022280k SSFS
11:45:02,077 INFO systemd:Starting D-Bus System Message Bus...
11:45:02,077 INFO systemd:Started Service enabling compressing RAM with zRam.
11:45:02,081 INFO systemd-logind:Watching system buttons on /dev/input/event0 (Power Button)
11:45:02,081 INFO systemd-logind:Watching system buttons on /dev/input/event1 (Sleep Button)
11:45:02,081 INFO systemd:Started Login Service.
11:45:02,082 INFO systemd-logind:New seat seat0.
11:45:03,939 INFO systemd:Started firewalld - dynamic firewall daemon.
11:45:03,940 INFO systemd:Starting Network Manager...
11:45:04,572 INFO kernel:Ebtables v2.0 registered
11:45:04,677 INFO kernel:bridge: automatic filtering via arp/ip/ip6tables has been deprecated. Update your scripts to load br_netfilter if you need this.
11:45:04,875 INFO NetworkManager:<info>  [1502365504.8742] NetworkManager (version 1.4.0-12.el7) is starting...
11:45:04,876 INFO NetworkManager:<info>  [1502365504.8747] Read config: /etc/NetworkManager/NetworkManager.conf (etc: 80-anaconda-no-ibft.conf, 90-anaconda-no-auto-default.conf, 91-anaconda-autoconnect-slaves.conf, 92-anaconda-loglevel-debug.conf)
11:45:04,885 INFO NetworkManager:<info>  [1502365504.8854] manager[0x7f4f96e920d0]: monitoring kernel firmware directory '/lib/firmware'.
11:45:04,906 INFO NetworkManager:<info>  [1502365504.9064] dns-mgr[0x7f4f96e80040]: init: dns=default, rc-manager=file
11:45:04,913 INFO systemd:Started Network Manager.
11:45:04,913 INFO systemd:Reached target Network.
11:45:04,913 INFO systemd:Starting Network.
11:45:04,916 INFO systemd:Starting System Logging Service...
11:45:04,917 INFO systemd:Starting Logout off all iSCSI sessions on shutdown...
11:45:04,920 INFO dbus-daemon:dbus[1097]: [system] Activating via systemd: service name='org.freedesktop.nm_dispatcher' unit='dbus-org.freedesktop.nm-dispatcher.service'
11:45:04,927 INFO systemd:Starting Network Manager Script Dispatcher Service...
11:45:04,939 INFO systemd:Started Logout off all iSCSI sessions on shutdown.
11:45:04,940 INFO systemd:Starting Availability of block devices...
11:45:04,940 INFO systemd:Reached target Remote File Systems (Pre).
11:45:04,941 INFO systemd:Starting Remote File Systems (Pre).
11:45:04,943 INFO systemd:Started Availability of block devices.
11:45:04,985 INFO dbus-daemon:dbus[1097]: [system] Successfully activated service 'org.freedesktop.nm_dispatcher'
11:45:04,985 INFO systemd:Started Network Manager Script Dispatcher Service.
11:45:05,015 INFO NetworkManager:<info>  [1502365505.0156] settings: loaded plugin ifcfg-rh: (c) 2007 - 2015 Red Hat, Inc.  To report bugs please use the NetworkManager mailing list. (/usr/lib64/NetworkManager/libnm-settings-plugin-ifcfg-rh.so)
11:45:05,015 INFO NetworkManager:<info>  [1502365505.0158] settings: loaded plugin keyfile: (c) 2007 - 2015 Red Hat, Inc.  To report bugs please use the NetworkManager mailing list.
11:45:05,022 INFO dbus-daemon:dbus[1097]: [system] Activating via systemd: service name='org.freedesktop.hostname1' unit='dbus-org.freedesktop.hostname1.service'
11:45:05,033 INFO systemd:Starting Hostname Service...
11:45:05,060 INFO systemd:Started System Logging Service.
11:45:05,061 INFO systemd:Reached target Anaconda System Services.
11:45:05,061 INFO systemd:Starting Anaconda System Services.
11:45:05,061 INFO systemd:Starting Anaconda...
11:45:05,101 INFO dbus-daemon:dbus[1097]: [system] Successfully activated service 'org.freedesktop.hostname1'
11:45:05,102 INFO systemd:Started Hostname Service.
11:45:05,103 INFO NetworkManager:<info>  [1502365505.1031] settings: hostname: using hostnamed
11:45:05,103 INFO NetworkManager:<info>  [1502365505.1031] settings: hostname changed from (none) to ""
11:45:05,103 INFO NetworkManager:<info>  [1502365505.1032] manager: WiFi enabled by radio killswitch; enabled by state file
11:45:05,104 INFO NetworkManager:<info>  [1502365505.1032] manager: WWAN enabled by radio killswitch; enabled by state file
11:45:05,104 INFO NetworkManager:<info>  [1502365505.1032] manager: Networking is enabled by state file
11:45:05,104 INFO NetworkManager:<info>  [1502365505.1033] Loaded device plugin: NMVxlanFactory (internal)
11:45:05,104 INFO NetworkManager:<info>  [1502365505.1033] Loaded device plugin: NMVlanFactory (internal)
11:45:05,104 INFO NetworkManager:<info>  [1502365505.1033] Loaded device plugin: NMVethFactory (internal)
11:45:05,104 INFO NetworkManager:<info>  [1502365505.1033] Loaded device plugin: NMTunFactory (internal)
11:45:05,104 INFO NetworkManager:<info>  [1502365505.1033] Loaded device plugin: NMMacvlanFactory (internal)
11:45:05,105 INFO NetworkManager:<info>  [1502365505.1033] Loaded device plugin: NMIPTunnelFactory (internal)
11:45:05,105 INFO NetworkManager:<info>  [1502365505.1033] Loaded device plugin: NMInfinibandFactory (internal)
11:45:05,105 INFO NetworkManager:<info>  [1502365505.1033] Loaded device plugin: NMEthernetFactory (internal)
11:45:05,105 INFO NetworkManager:<info>  [1502365505.1033] Loaded device plugin: NMBridgeFactory (internal)
11:45:05,105 INFO NetworkManager:<info>  [1502365505.1033] Loaded device plugin: NMBondFactory (internal)
11:45:05,107 INFO nm-dispatcher:req:1 'hostname': new request (4 scripts)
11:45:05,107 INFO nm-dispatcher:req:1 'hostname': start running ordered scripts...
11:45:05,128 INFO NetworkManager:<info>  [1502365505.1279] Loaded device plugin: NMWifiFactory (/usr/lib64/NetworkManager/libnm-device-plugin-wifi.so)
11:45:05,144 INFO NetworkManager:<info>  [1502365505.1440] Loaded device plugin: NMTeamFactory (/usr/lib64/NetworkManager/libnm-device-plugin-team.so)
11:45:05,146 INFO NetworkManager:<info>  [1502365505.1451] device (lo): link connected
11:45:05,148 INFO NetworkManager:<info>  [1502365505.1483] manager: (lo): new Generic device (/org/freedesktop/NetworkManager/Devices/0)
11:45:05,152 INFO NetworkManager:<info>  [1502365505.1523] manager: (eth0): new Ethernet device (/org/freedesktop/NetworkManager/Devices/1)
11:45:05,155 INFO NetworkManager:<info>  [1502365505.1546] policy: setting system hostname to 'localhost.localdomain' (no default device)
11:45:05,156 INFO systemd-hostnamed:Changed host name to 'localhost.localdomain'
11:45:05,158 INFO kernel:IPv6: ADDRCONF(NETDEV_UP): eth0: link is not ready
11:45:05,159 INFO NetworkManager:<info>  [1502365505.1577] device (eth0): state change: unmanaged -> unavailable (reason 'managed') [10 20 2]
11:45:05,181 INFO NetworkManager:<info>  [1502365505.1585] device (eth0): link connected
11:45:05,181 INFO systemd:Started Anaconda.
11:45:05,183 INFO dbus-daemon:dbus[1097]: [system] Activating via systemd: service name='org.freedesktop.PolicyKit1' unit='polkit.service'
11:45:05,183 INFO systemd:Started Anaconda Text Console.
11:45:05,183 INFO systemd:Startup finished in 4.671s (kernel) + 7.558s (initrd) + 12.111s (userspace) = 24.341s.
11:45:05,187 INFO systemd:Starting Anaconda Text Console...
11:45:05,191 INFO systemd:Starting Authorization Manager...
11:45:05,207 INFO nm-dispatcher:req:2 'hostname': new request (4 scripts)
11:45:05,227 INFO NetworkManager:<info>  [1502365505.1825] device (eth0): state change: unavailable -> disconnected (reason 'none') [20 30 0]
11:45:05,305 INFO polkitd:Started polkitd version 0.112
11:45:05,316 INFO nm-dispatcher:req:2 'hostname': start running ordered scripts...
11:45:05,413 INFO dbus-daemon:dbus[1097]: [system] Successfully activated service 'org.freedesktop.PolicyKit1'
11:45:05,415 INFO systemd:Started Authorization Manager.
11:45:08,929 INFO NetworkManager:<info>  [1502365508.9294] ifcfg-rh: add connection /etc/sysconfig/network-scripts/ifcfg-eth0 (9410076c-bee9-4886-af6c-537c17bcfee0,"eth0")
11:45:08,934 INFO NetworkManager:<info>  [1502365508.9308] audit: op="connection-add" uuid="9410076c-bee9-4886-af6c-537c17bcfee0" name="eth0" pid=1159 uid=0 result="success"
